07-08 23:56:23.312 24618 24618 V GraphicsEnvironment: com.example.myapplication is not listed in per-application setting
07-08 23:56:23.312 24618 24618 V GraphicsEnvironment: Neither updatable production driver nor prerelease driver is supported.
07-08 23:56:23.315  1970  1990 V WindowManagerShell: Transition animation finished (aborted=false), notifying core (#831) android.os.BinderProxy@bd3c5f@0
07-08 23:56:23.316  1204  1403 V WindowManager: Finish Transition (#831): created at 07-08 23:56:23.007 collect-started=0.087ms request-sent=8.685ms started=9.484ms ready=19.997ms sent=20.551ms finished=307.899ms
07-08 23:56:23.316 17863 17863 D VRI[RecentsActivity]: visibilityChanged oldVisibility=true newVisibility=false
07-08 23:56:23.317  1970  1990 V WindowManagerShell: Track 0 became idle
07-08 23:56:23.317  1970  1990 V WindowManagerShell: All active transition animations finished
07-08 23:56:23.317  1204  2152 W UserManagerService: Requested status bar icon for non-badged user 0
07-08 23:56:23.317  1204  2152 W UserManagerService: Requested status bar icon for non-badged user 0
07-08 23:56:23.324  1204  1937 D BackgroundInstallControlService: Package event received: 0
07-08 23:56:23.324  1204  1937 D BackgroundInstallControlService: Package event received: 0
07-08 23:56:23.325 17863 17863 D RecentsView: updateTaskStackListenerState: false
07-08 23:56:23.326  1204  2152 I BroadcastQueue: BOOT_COMPLETED_BROADCAST_COMPLETION_LATENCY_REPORTED action:android.intent.action.BOOT_COMPLETED dispatchLatency:1 completeLatency:257 dispatchRealLatency:1 completeRealLatency:257 receiversSize:1 userId:0 userType:android.os.usertype.full.SYSTEM
07-08 23:56:23.329 24618 24632 I DMABUFHEAPS: Using DMA-BUF heap named: vframe-secure
07-08 23:56:23.330 24618 24618 I e.myapplication: AssetManager2(0xb40000749d81c1f8) locale list changing from [] to [en-US]
07-08 23:56:23.346 24618 24618 D DesktopModeFlagsUtil: Toggle override initialized to: OVERRIDE_UNSET
07-08 23:56:23.458 24618 24618 W e.myapplication: Method boolean androidx.compose.runtime.snapshots.SnapshotStateList.conditionalUpdate(boolean, kotlin.jvm.functions.Function1) failed lock verification and will run slower.
07-08 23:56:23.458 24618 24618 W e.myapplication: Common causes for lock verification issues are non-optimized dex code
07-08 23:56:23.458 24618 24618 W e.myapplication: and incorrect proguard optimizations.
07-08 23:56:23.459 24618 24618 W e.myapplication: Method boolean androidx.compose.runtime.snapshots.SnapshotStateList.conditionalUpdate$default(androidx.compose.runtime.snapshots.SnapshotStateList, boolean, kotlin.jvm.functions.Function1, int, java.lang.Object) failed lock verification and will run slower.
07-08 23:56:23.459 24618 24618 W e.myapplication: Method java.lang.Object androidx.compose.runtime.snapshots.SnapshotStateList.mutate(kotlin.jvm.functions.Function1) failed lock verification and will run slower.
07-08 23:56:23.459 24618 24618 W e.myapplication: Method void androidx.compose.runtime.snapshots.SnapshotStateList.update(boolean, kotlin.jvm.functions.Function1) failed lock verification and will run slower.
07-08 23:56:23.459 24618 24618 W e.myapplication: Method void androidx.compose.runtime.snapshots.SnapshotStateList.update$default(androidx.compose.runtime.snapshots.SnapshotStateList, boolean, kotlin.jvm.functions.Function1, int, java.lang.Object) failed lock verification and will run slower.
07-08 23:56:23.501  1204  1301 D CoreBackPreview: Window{c3277f8 u0 com.example.myapplication/com.example.myapplication.MainActivity}: Setting back callback OnBackInvokedCallbackInfo{mCallback=android.window.IOnBackInvokedCallback$Stub$Proxy@3224d09, mPriority=0, mIsAnimationCallback=false, mOverrideBehavior=0}
07-08 23:56:23.545 24618 24622 I e.myapplication: Compiler allocated 5216KB to compile void android.view.ViewRootImpl.performTraversals()
07-08 23:56:23.554  1204  1403 I ActivityTaskManager: Displayed com.example.myapplication/.MainActivity for user 0: +548ms
07-08 23:56:23.555  1204  1796 I ActivityManager: Background started FGS: Allowed [callingPackage: com.example.myapplication; callingUid: 10528; uidState: TOP ; uidBFSL: [BFSL]; intent: Intent { cmp=com.example.myapplication/.BatteryWatcherService }; code:PROC_STATE_TOP; tempAllowListReason:<,reasonCode:SYSTEM_ALLOW_LISTED,duration:9223372036854775807,callingUid:-1>; targetSdkVersion:34; callerTargetSdkVersion:34; startForegroundCount:0; bindFromPackage:null: isBindService:false]
07-08 23:56:23.556  1204  1796 W ForegroundServiceTypeLoggerModule: Foreground service start for UID: 10528 does not have any types
07-08 23:56:23.556  1204  1937 D BackgroundInstallControlService: Package event received: 0
07-08 23:56:23.557  1204  1796 D CompatChangeReporter: Compat change id reported: 161145287; UID 10528; state: ENABLED
07-08 23:56:23.560 24618 24618 D BatteryWatcherService: Battery level: 32.0%
07-08 23:56:23.563 17863 17863 D StateManager: goToState - fromState: Ordinal-0, toState: Ordinal-3, partial trace:
07-08 23:56:23.563 17863 17863 D StateManager: 	at com.android.launcher3.statemanager.StateManager.moveToRestState(go/retraceme d5c80b48af0d282d601e5cdc46ac8565fe09836976dde57719a33d5c4d1b02f3:4)
07-08 23:56:23.563 17863 17863 D StateManager: 	at com.android.launcher3.statemanager.StateManager.moveToRestState(go/retraceme d5c80b48af0d282d601e5cdc46ac8565fe09836976dde57719a33d5c4d1b02f3:1)
07-08 23:56:23.563 17863 17863 D StateManager: 	at com.android.launcher3.statemanager.StatefulActivity.onStop(go/retraceme d5c80b48af0d282d601e5cdc46ac8565fe09836976dde57719a33d5c4d1b02f3:34)
07-08 23:56:23.563 17863 17863 D StateManager: onStateTransitionStart - state: Ordinal-3
07-08 23:56:23.564  4902 27378 D ForegroundUtils: Foreground UID status:
07-08 23:56:23.564  4902 27378 D ForegroundUtils: UID: 1002 is in foreground: true
07-08 23:56:23.564  4902 27378 D ForegroundUtils: UID: 10072 is in foreground: false
07-08 23:56:23.564  4902 27378 D ForegroundUtils: UID: 10106 is in foreground: true
07-08 23:56:23.564  4902 27378 D ForegroundUtils: UID: 10109 is in foreground: false
07-08 23:56:23.564  4902 27378 D ForegroundUtils: UID: 10116 is in foreground: false
07-08 23:56:23.564  4902 27378 D ForegroundUtils: UID: 10122 is in foreground: false
07-08 23:56:23.564  4902 27378 D ForegroundUtils: UID: 10164 is in foreground: false
07-08 23:56:23.564  4902 27378 D ForegroundUtils: UID: 10201 is in foreground: false
07-08 23:56:23.564  4902 27378 D ForegroundUtils: UID: 10204 is in foreground: true
07-08 23:56:23.564  4902 27378 D ForegroundUtils: UID: 10216 is in foreground: true
07-08 23:56:23.564  4902 27378 D ForegroundUtils: UID: 10219 is in foreground: false
07-08 23:56:23.564  4902 27378 D ForegroundUtils: UID: 10221 is in foreground: false
07-08 23:56:23.564  4902 27378 D ForegroundUtils: UID: 10312 is in foreground: false
07-08 23:56:23.564  4902 27378 D ForegroundUtils: UID: 10364 is in foreground: false
07-08 23:56:23.564  4902 27378 D ForegroundUtils: UID: 10400 is in foreground: false
07-08 23:56:23.564  4902 27378 D ForegroundUtils: UID: 10485 is in foreground: false
07-08 23:56:23.564  4902 27378 D ForegroundUtils: UID: 10522 is in foreground: false
07-08 23:56:23.564  4902 27378 D ForegroundUtils: UID: 10526 is in foreground: false
07-08 23:56:23.564  4902 27378 D ForegroundUtils: UID: 10528 is in foreground: true
07-08 23:56:23.565  1204  1815 W JobScheduler.JobStatus: Exempted app com.uvnv.mintsim considered buggy
07-08 23:56:23.565  1204  1815 W JobScheduler.JobStatus: Exempted app com.uvnv.mintsim considered buggy
07-08 23:56:23.565  1204  1815 W JobScheduler.JobStatus: Exempted app com.uvnv.mintsim considered buggy
07-08 23:56:23.565  1204  1815 W JobScheduler.JobStatus: Exempted app com.uvnv.mintsim considered buggy
07-08 23:56:23.565  1204  1815 W JobScheduler.JobStatus: Exempted app com.uvnv.mintsim considered buggy
07-08 23:56:23.565  1204  1815 W JobScheduler.JobStatus: Exempted app com.uvnv.mintsim considered buggy
07-08 23:56:23.565 17863 17863 D StateManager: onStateTransitionEnd - state: Ordinal-3
07-08 23:56:23.565  1204  1815 W JobScheduler.JobStatus: Exempted app com.uvnv.mintsim considered buggy
07-08 23:56:23.565  1204  1815 W JobScheduler.JobStatus: Exempted app com.uvnv.mintsim considered buggy
07-08 23:56:23.565  1204  1815 W JobScheduler.JobStatus: Exempted app com.uvnv.mintsim considered buggy
07-08 23:56:23.565  1204  1815 W JobScheduler.JobStatus: Exempted app com.uvnv.mintsim considered buggy
07-08 23:56:23.565  1204  1815 W JobScheduler.JobStatus: Exempted app com.uvnv.mintsim considered buggy
07-08 23:56:23.565  1204  1815 W JobScheduler.JobStatus: Exempted app com.uvnv.mintsim considered buggy
07-08 23:56:23.565  1204  1815 W JobScheduler.JobStatus: Exempted app com.uvnv.mintsim considered buggy
07-08 23:56:23.565  1204  1815 W JobScheduler.JobStatus: Exempted app com.uvnv.mintsim considered buggy
07-08 23:56:23.565  1204  1815 W JobScheduler.JobStatus: Exempted app com.uvnv.mintsim considered buggy
07-08 23:56:23.565  1204  1815 W JobScheduler.JobStatus: Exempted app com.uvnv.mintsim considered buggy
07-08 23:56:23.565  1204  1815 W JobScheduler.JobStatus: Exempted app com.uvnv.mintsim considered buggy
07-08 23:56:23.565  1204  1815 W JobScheduler.JobStatus: Exempted app com.uvnv.mintsim considered buggy
07-08 23:56:23.565  1204  1815 W JobScheduler.JobStatus: Exempted app com.uvnv.mintsim considered buggy
07-08 23:56:23.565  1204  1815 W JobScheduler.JobStatus: Exempted app com.uvnv.mintsim considered buggy
07-08 23:56:23.565 17863 17863 D RecentsView: reset - mEnableDrawingLiveTile: true, mRecentsAnimationController: null
07-08 23:56:23.566 17863 17863 I AiAiSuggestUi: Clearing suggestions.
07-08 23:56:23.566 17863 17863 I AiAiSuggestUi: Clearing suggestions.
07-08 23:56:23.567  1204  1937 D BackgroundInstallControlService: Package event received: 0
07-08 23:56:23.567  1204  1937 D BackgroundInstallControlService: Package event received: 0
07-08 23:56:23.575 17863 17863 D OverviewActionsView: updateForGroupedTask() called with: isGroupedTask = [false], canSaveAppPair = [false]
07-08 23:56:23.575 17863 17863 D OverviewActionsView: updateActionButtonsVisibility() called: showSingleTaskActions = [true], showGroupActions = [false]
07-08 23:56:23.576  1204  1937 D BackgroundInstallControlService: Package event received: 0
07-08 23:56:23.577  1204  1845 I ImeTracker: com.example.myapplication:59e806d0: onRequestHide at ORIGIN_SERVER reason HIDE_UNSPECIFIED_WINDOW fromUser false
07-08 23:56:23.577 24618 24618 D InsetsController: hide(ime(), fromIme=false)
07-08 23:56:23.577 24618 24618 I ImeTracker: com.example.myapplication:59e806d0: onCancelled at PHASE_CLIENT_ALREADY_HIDDEN
07-08 23:56:23.579  4984  4984 I GoogleInputMethodService: GoogleInputMethodService.onFinishInput():1984 
07-08 23:56:23.579  4984  4984 I Module  : DeviceLockedStatusModuleProvider$Module.updateDeviceLockedStatus():100 repeatCheckTimes = 0, locked = false
07-08 23:56:23.580  4984  4984 I GoogleInputMethodService: GoogleInputMethodService.onStartInput():1248 onStartInput(EditorInfo{EditorInfo{packageName=com.example.myapplication, inputType=0, inputTypeString=NULL, enableLearning=false, autoCorrection=false, autoComplete=false, imeOptions=0, privateImeOptions=null, actionName=UNSPECIFIED, actionLabel=null, initialSelStart=-1, initialSelEnd=-1, initialCapsMode=0, label=null, fieldId=0, fieldName=null, extras=null, hintText=null, hintLocales=[]}}, false)
07-08 23:56:23.580  4984  4984 I Module  : DeviceLockedStatusModuleProvider$Module.updateDeviceLockedStatus():100 repeatCheckTimes = 1, locked = false
07-08 23:56:23.580  1204  1301 W PackageConfigPersister: App-specific configuration not found for packageName: com.example.myapplication and userId: 0
07-08 23:56:23.885 10154 10185 I FontLog : (REDACTED) Received query %s, URI %s
07-08 23:56:23.885 10154 10185 I FontLog : (REDACTED) Query [%s] resolved to %s
07-08 23:56:23.888 10154 10185 I FontLog : (REDACTED) Fetch %s end status %s
07-08 23:56:23.892 10154 10185 I FontLog : (REDACTED) Pulling font file for id = %d, cache size = %d
07-08 23:56:23.897 10154 10185 I FontLog : (REDACTED) Pulling font file for id = %d, cache size = %d
07-08 23:56:23.924  1970  2003 W WindowOnBackDispatcher: sendCancelIfRunning: isInProgress=false callback=android.view.ViewRootImpl$$ExternalSyntheticLambda13@daea82d
07-08 23:56:23.925  1204  1301 D CoreBackPreview: Window{3abd514 u0 Splash Screen com.example.myapplication EXITING}: Setting back callback null
07-08 23:56:23.958   952  2703 I WifiHAL : Creating message to get link statistics; iface = 48
07-08 23:56:24.009   952   952 I WifiHAL : Getting cached scan results, iface handle = 0xb400007b86225f90
07-08 23:56:24.009   952   952 E WifiHAL : Creating message to get cached scan results
07-08 23:56:24.009   952   952 D WifiHAL : error code -95 mapped to -3
07-08 23:56:24.010  1204  1874 E WifiStaIfaceAidlImpl: getCachedScanData failed with service-specific exception: android.os.ServiceSpecificException:  (code 4)
07-08 23:56:24.051  1204  1886 D ConnectivityService: NetReassign [no changes] [c 2] [a 2] [i 5]
07-08 23:56:24.880  2167  2372 D TemperatureStateSource: sequence=8169 actualDelay=10001
07-08 23:56:24.881  2167  2372 D TemperatureStateSource: Reading temperature: sequence=8170
07-08 23:56:24.897  1687  1687 I pixel-thermal: VIRTUAL-SKIN:33.4386 raw data: VIRTUAL-QI-GNSS:28708.2 VIRTUAL-QI-QUIET:31755.5 VIRTUAL-QUIET-BATT:29061.3 VIRTUAL-SKIN:33438.6 VIRTUAL-USB2-DISP:33438.6 battery:31100 disp_therm:32017 gnss_tcxo_therm:33019 qi_therm:33776 quiet_therm:31082 usb_pwr_therm2:31527 
07-08 23:56:24.900  2167  2372 D TemperatureStateSource: getDeviceTemperatures: sequence=8170 deviceTemperatureType=3 temperatureSource=0 temperatures=[33.438602]
07-08 23:56:24.900  2167  2372 D BusinessScope: Enqueuing the block
07-08 23:56:24.900  2167  2372 D TemperatureStateSource: sequence=8170 waitTime=10000
07-08 23:56:24.901  2167  2294 D BusinessScope: Start running the #16425 block
07-08 23:56:24.901  2167  2294 D BusinessScope: Enqueuing the block
07-08 23:56:24.902  2167  2294 D ImpulseStateSource: Notify clients: 8211
07-08 23:56:24.902  2167  2294 D BusinessScope: Finish running the #16425 block
07-08 23:56:24.902  2167  2294 D BusinessScope: Start running the #16426 block
07-08 23:56:24.902  2167  2294 D BusinessScope: Finish running the #16426 block
07-08 23:56:24.974  1204  1301 I ActivityTaskManager: START u0 {flg=0x10000000 cmp=com.example.myapplication/.CountdownActivity (has extras)} with LAUNCH_MULTIPLE from uid 10528 (sr=218607433) result code=-92
--------- beginning of crash
07-08 23:56:24.988 24618 24618 E AndroidRuntime: FATAL EXCEPTION: main
07-08 23:56:24.988 24618 24618 E AndroidRuntime: Process: com.example.myapplication, PID: 24618
07-08 23:56:24.988 24618 24618 E AndroidRuntime: android.content.ActivityNotFoundException: Unable to find explicit activity class {com.example.myapplication/com.example.myapplication.CountdownActivity}; have you declared this activity in your AndroidManifest.xml, or does your intent not match its declared <intent-filter>?
07-08 23:56:24.988 24618 24618 E AndroidRuntime: 	at android.app.Instrumentation.checkStartActivityResult(Instrumentation.java:2433)
07-08 23:56:24.988 24618 24618 E AndroidRuntime: 	at android.app.Instrumentation.execStartActivity(Instrumentation.java:2010)
07-08 23:56:24.988 24618 24618 E AndroidRuntime: 	at android.app.Activity.startActivityForResult(Activity.java:5942)
07-08 23:56:24.988 24618 24618 E AndroidRuntime: 	at androidx.activity.ComponentActivity.startActivityForResult(ComponentActivity.java:780)
07-08 23:56:24.988 24618 24618 E AndroidRuntime: 	at android.app.Activity.startActivityForResult(Activity.java:5899)
07-08 23:56:24.988 24618 24618 E AndroidRuntime: 	at androidx.activity.ComponentActivity.startActivityForResult(ComponentActivity.java:761)
07-08 23:56:24.988 24618 24618 E AndroidRuntime: 	at android.app.Activity.startActivity(Activity.java:6402)
07-08 23:56:24.988 24618 24618 E AndroidRuntime: 	at android.app.Activity.startActivity(Activity.java:6369)
07-08 23:56:24.988 24618 24618 E AndroidRuntime: 	at com.example.myapplication.MainActivity.startTestTimer(MainActivity.kt:112)
07-08 23:56:24.988 24618 24618 E AndroidRuntime: 	at com.example.myapplication.MainActivity.access$startTestTimer(MainActivity.kt:36)
07-08 23:56:24.988 24618 24618 E AndroidRuntime: 	at com.example.myapplication.MainActivity$onCreate$1$1$1$6$1.invoke(MainActivity.kt:87)
07-08 23:56:24.988 24618 24618 E AndroidRuntime: 	at com.example.myapplication.MainActivity$onCreate$1$1$1$6$1.invoke(MainActivity.kt:87)
07-08 23:56:24.988 24618 24618 E AndroidRuntime: 	at androidx.compose.foundation.ClickablePointerInputNode$pointerInput$3.invoke-k-4lQ0M(Clickable.kt:987)
07-08 23:56:24.988 24618 24618 E AndroidRuntime: 	at androidx.compose.foundation.ClickablePointerInputNode$pointerInput$3.invoke(Clickable.kt:981)
07-08 23:56:24.988 24618 24618 E AndroidRuntime: 	at androidx.compose.foundation.gestures.TapGestureDetectorKt$detectTapAndPress$2$1.invokeSuspend(TapGestureDetector.kt:255)
07-08 23:56:24.988 24618 24618 E AndroidRuntime: 	at kotlin.coroutines.jvm.internal.BaseContinuationImpl.resumeWith(ContinuationImpl.kt:33)
07-08 23:56:24.988 24618 24618 E AndroidRuntime: 	at kotlinx.coroutines.DispatchedTaskKt.resume(DispatchedTask.kt:177)
07-08 23:56:24.988 24618 24618 E AndroidRuntime: 	at kotlinx.coroutines.DispatchedTaskKt.dispatch(DispatchedTask.kt:166)
07-08 23:56:24.988 24618 24618 E AndroidRuntime: 	at kotlinx.coroutines.CancellableContinuationImpl.dispatchResume(CancellableContinuationImpl.kt:474)
07-08 23:56:24.988 24618 24618 E AndroidRuntime: 	at kotlinx.coroutines.CancellableContinuationImpl.resumeImpl(CancellableContinuationImpl.kt:508)
07-08 23:56:24.988 24618 24618 E AndroidRuntime: 	at kotlinx.coroutines.CancellableContinuationImpl.resumeImpl$default(CancellableContinuationImpl.kt:497)
07-08 23:56:24.988 24618 24618 E AndroidRuntime: 	at kotlinx.coroutines.CancellableContinuationImpl.resumeWith(CancellableContinuationImpl.kt:368)
07-08 23:56:24.988 24618 24618 E AndroidRuntime: 	at androidx.compose.ui.input.pointer.SuspendingPointerInputModifierNodeImpl$PointerEventHandlerCoroutine.offerPointerEvent(SuspendingPointerInputFilter.kt:665)
07-08 23:56:24.988 24618 24618 E AndroidRuntime: 	at androidx.compose.ui.input.pointer.SuspendingPointerInputModifierNodeImpl.dispatchPointerEvent(SuspendingPointerInputFilter.kt:544)
07-08 23:56:24.988 24618 24618 E AndroidRuntime: 	at androidx.compose.ui.input.pointer.SuspendingPointerInputModifierNodeImpl.onPointerEvent-H0pRuoY(SuspendingPointerInputFilter.kt:566)
07-08 23:56:24.988 24618 24618 E AndroidRuntime: 	at androidx.compose.foundation.AbstractClickablePointerInputNode.onPointerEvent-H0pRuoY(Clickable.kt:947)
07-08 23:56:24.988 24618 24618 E AndroidRuntime: 	at androidx.compose.foundation.AbstractClickableNode.onPointerEvent-H0pRuoY(Clickable.kt:795)
07-08 23:56:24.988 24618 24618 E AndroidRuntime: 	at androidx.compose.ui.input.pointer.Node.dispatchMainEventPass(HitPathTracker.kt:317)
07-08 23:56:24.988 24618 24618 E AndroidRuntime: 	at androidx.compose.ui.input.pointer.Node.dispatchMainEventPass(HitPathTracker.kt:303)
07-08 23:56:24.988 24618 24618 E AndroidRuntime: 	at androidx.compose.ui.input.pointer.NodeParent.dispatchMainEventPass(HitPathTracker.kt:185)
07-08 23:56:24.988 24618 24618 E AndroidRuntime: 	at androidx.compose.ui.input.pointer.HitPathTracker.dispatchChanges(HitPathTracker.kt:104)
07-08 23:56:24.988 24618 24618 E AndroidRuntime: 	at androidx.compose.ui.input.pointer.PointerInputEventProcessor.process-BIzXfog(PointerInputEventProcessor.kt:113)
07-08 23:56:24.988 24618 24618 E AndroidRuntime: 	at androidx.compose.ui.platform.AndroidComposeView.sendMotionEvent-8iAsVTc(AndroidComposeView.android.kt:1576)
07-08 23:56:24.988 24618 24618 E AndroidRuntime: 	at androidx.compose.ui.platform.AndroidComposeView.handleMotionEvent-8iAsVTc(AndroidComposeView.android.kt:1527)
07-08 23:56:24.988 24618 24618 E AndroidRuntime: 	at androidx.compose.ui.platform.AndroidComposeView.dispatchTouchEvent(AndroidComposeView.android.kt:1466)
07-08 23:56:24.988 24618 24618 E AndroidRuntime: 	at android.view.ViewGroup.dispatchTransformedTouchEvent(ViewGroup.java:3144)
07-08 23:56:24.988 24618 24618 E AndroidRuntime: 	at android.view.ViewGroup.dispatchTouchEvent(ViewGroup.java:2829)
07-08 23:56:24.988 24618 24618 E AndroidRuntime: 	at android.view.ViewGroup.dispatchTransformedTouchEvent(ViewGroup.java:3144)
07-08 23:56:24.988 24618 24618 E AndroidRuntime: 	at android.view.ViewGroup.dispatchTouchEvent(ViewGroup.java:2829)
07-08 23:56:24.991 24618 24618 E AndroidRuntime: 	at android.view.ViewGroup.dispatchTransformedTouchEvent(ViewGroup.java:3144)
07-08 23:56:24.991 24618 24618 E AndroidRuntime: 	at android.view.ViewGroup.dispatchTouchEvent(ViewGroup.java:2829)
07-08 23:56:24.991 24618 24618 E AndroidRuntime: 	at android.view.ViewGroup.dispatchTransformedTouchEvent(ViewGroup.java:3144)
07-08 23:56:24.991 24618 24618 E AndroidRuntime: 	at android.view.ViewGroup.dispatchTouchEvent(ViewGroup.java:2829)
07-08 23:56:24.991 24618 24618 E AndroidRuntime: 	at com.android.internal.policy.DecorView.superDispatchTouchEvent(DecorView.java:474)
07-08 23:56:24.991 24618 24618 E AndroidRuntime: 	at com.android.internal.policy.PhoneWindow.superDispatchTouchEvent(PhoneWindow.java:1981)
07-08 23:56:24.991 24618 24618 E AndroidRuntime: 	at android.app.Activity.dispatchTouchEvent(Activity.java:4599)
07-08 23:56:24.991 24618 24618 E AndroidRuntime: 	at com.android.internal.policy.DecorView.dispatchTouchEvent(DecorView.java:432)
07-08 23:56:24.991 24618 24618 E AndroidRuntime: 	at android.view.View.dispatchPointerEvent(View.java:16904)
07-08 23:56:24.991 24618 24618 E AndroidRuntime: 	at android.view.ViewRootImpl$ViewPostImeInputStage.processPointerEvent(ViewRootImpl.java:8118)
07-08 23:56:24.991 24618 24618 E AndroidRuntime: 	at android.view.ViewRootImpl$ViewPostImeInputStage.onProcess(ViewRootImpl.java:7877)
07-08 23:56:24.991 24618 24618 E AndroidRuntime: 	at android.view.ViewRootImpl$InputStage.deliver(ViewRootImpl.java:7259)
07-08 23:56:24.991 24618 24618 E AndroidRuntime: 	at android.view.ViewRootImpl$InputStage.onDeliverToNext(ViewRootImpl.java:7316)
07-08 23:56:24.991 24618 24618 E AndroidRuntime: 	at android.view.ViewRootImpl$InputStage.forward(ViewRootImpl.java:7282)
07-08 23:56:24.991 24618 24618 E AndroidRuntime: 	at android.view.ViewRootImpl$AsyncInputStage.forward(ViewRootImpl.java:7448)
07-08 23:56:24.991 24618 24618 E AndroidRuntime: 	at android.view.ViewRootImpl$InputStage.apply(ViewRootImpl.java:7290)
07-08 23:56:24.991 24618 24618 E AndroidRuntime: 	at android.view.ViewRootImpl$AsyncInputStage.apply(ViewRootImpl.java:7505)
07-08 23:56:24.991 24618 24618 E AndroidRuntime: 	at android.view.ViewRootImpl$InputStage.deliver(ViewRootImpl.java:7263)
07-08 23:56:24.991 24618 24618 E AndroidRuntime: 	at android.view.ViewRootImpl$InputStage.onDeliverToNext(ViewRootImpl.java:7316)
07-08 23:56:24.991 24618 24618 E AndroidRuntime: 	at android.view.ViewRootImpl$InputStage.forward(ViewRootImpl.java:7282)
07-08 23:56:24.991 24618 24618 E AndroidRuntime: 	at android.view.ViewRootImpl$InputStage.apply(ViewRootImpl.java:7290)
07-08 23:56:24.991 24618 24618 E AndroidRuntime: 	at android.view.ViewRootImpl$InputStage.deliver(ViewRootImpl.java:7263)
07-08 23:56:24.991 24618 24618 E AndroidRuntime: 	at android.view.ViewRootImpl.deliverInputEvent(ViewRootImpl.java:10404)
07-08 23:56:24.991 24618 24618 E AndroidRuntime: 	at android.view.ViewRootImpl.doProcessInputEvents(ViewRootImpl.java:10355)
07-08 23:56:24.991 24618 24618 E AndroidRuntime: 	at android.view.ViewRootImpl.enqueueInputEvent(ViewRootImpl.java:10323)
07-08 23:56:24.991 24618 24618 E AndroidRuntime: 	at android.view.ViewRootImpl$WindowInputEventReceiver.onInputEvent(ViewRootImpl.java:10546)
07-08 23:56:24.991 24618 24618 E AndroidRuntime: 	at android.view.InputEventReceiver.dispatchInputEvent(InputEventReceiver.java:295)
07-08 23:56:24.991 24618 24618 E AndroidRuntime: 	at android.view.InputEventReceiver.nativeConsumeBatchedInputEvents(Native Method)
07-08 23:56:24.991 24618 24618 E AndroidRuntime: 	at android.view.InputEventReceiver.consumeBatchedInputEvents(InputEventReceiver.java:259)
07-08 23:56:24.991 24618 24618 E AndroidRuntime: 	at android.view.ViewRootImpl.doConsumeBatchedInput(ViewRootImpl.java:10503)
07-08 23:56:24.991 24618 24618 E AndroidRuntime: 	at android.view.ViewRootImpl$ConsumeBatchedInputRunnable.run(ViewRootImpl.java:10639)
07-08 23:56:24.991 24618 24618 E AndroidRuntime: 	at android.view.Choreographer$CallbackRecord.run(Choreographer.java:1566)
07-08 23:56:24.991 24618 24618 E AndroidRuntime: 	at android.view.Choreographer$CallbackRecord.run(Choreographer.java:1575)
07-08 23:56:24.991 24618 24618 E AndroidRuntime: 	at android.view.Choreographer.doCallbacks(Choreographer.java:1175)
07-08 23:56:24.991 24618 24618 E AndroidRuntime: 	at android.view.Choreographer.doFrame(Choreographer.java:1097)
07-08 23:56:24.991 24618 24618 E AndroidRuntime: 	at android.view.Choreographer$FrameDisplayEventReceiver.run(Choreographer.java:1549)
07-08 23:56:24.991 24618 24618 E AndroidRuntime: 	at android.os.Handler.handleCallback(Handler.java:991)
07-08 23:56:24.991 24618 24618 E AndroidRuntime: 	at android.os.Handler.dispatchMessage(Handler.java:102)
07-08 23:56:24.991 24618 24618 E AndroidRuntime: 	at android.os.Looper.loopOnce(Looper.java:232)
07-08 23:56:24.991 24618 24618 E AndroidRuntime: 	at android.os.Looper.loop(Looper.java:317)
07-08 23:56:24.991 24618 24618 E AndroidRuntime: 	at android.app.ActivityThread.main(ActivityThread.java:8934)
07-08 23:56:24.991 24618 24618 E AndroidRuntime: 	at java.lang.reflect.Method.invoke(Native Method)
07-08 23:56:24.991 24618 24618 E AndroidRuntime: 	at com.android.internal.os.RuntimeInit$MethodAndArgsCaller.run(RuntimeInit.java:591)
07-08 23:56:24.991 24618 24618 E AndroidRuntime: 	at com.android.internal.os.ZygoteInit.main(ZygoteInit.java:911)
07-08 23:56:24.991 24618 24618 E AndroidRuntime: 	Suppressed: kotlinx.coroutines.internal.DiagnosticCoroutineContextException: [androidx.compose.ui.platform.MotionDurationScaleImpl@3854346, androidx.compose.runtime.BroadcastFrameClock@8612907, StandaloneCoroutine{Cancelling}@e48ca34, AndroidUiDispatcher@ad2205d]
07-08 23:56:24.994  1204  1301 W ActivityTaskManager:   Force finishing activity com.example.myapplication/.MainActivity
07-08 23:56:24.994  1204 24656 I DropBoxManagerService: add tag=data_app_crash isTagEnabled=true flags=0x2
07-08 23:56:24.995  1970  1990 V WindowManagerShell: Transition requested (#832): android.os.BinderProxy@2b668d1 TransitionRequestInfo { type = CLOSE, triggerTask = null, pipChange = null, remoteTransition = null, displayChange = null, flags = 16, debugId = 832 }
07-08 23:56:24.996   572   628 I BpBinder: onLastStrongRef automatically unlinking death recipients: 
07-08 23:56:24.997  1204  1404 I ActivityManager: Showing crash dialog for package com.example.myapplication u0
07-08 23:56:25.002   572   572 I BpBinder: onLastStrongRef automatically unlinking death recipients: 
07-08 23:56:25.030  1204  1404 D CoreBackPreview: Window{d851718 u0 Application Error: com.example.myapplication}: Setting back callback OnBackInvokedCallbackInfo{mCallback=android.window.WindowOnBackInvokedDispatcher$OnBackInvokedCallbackWrapper@e741a9, mPriority=0, mIsAnimationCallback=false, mOverrideBehavior=0}
07-08 23:56:25.495  1204  1408 W ActivityTaskManager: Activity top resumed state loss timeout for ActivityRecord{218607433 u0 com.example.myapplication/.MainActivity t11145 f}}
07-08 23:56:25.496  1204  1408 W ActivityTaskManager: Activity pause timeout for ActivityRecord{218607433 u0 com.example.myapplication/.MainActivity t11145 f}}
07-08 23:56:25.502 17863 17863 D ViewRootImpl: Skipping stats log for color mode
07-08 23:56:25.505  4902 27378 D ForegroundUtils: Foreground UID status:
07-08 23:56:25.505  4902 27378 D ForegroundUtils: UID: 1002 is in foreground: true
07-08 23:56:25.505  4902 27378 D ForegroundUtils: UID: 10072 is in foreground: false
07-08 23:56:25.505  4902 27378 D ForegroundUtils: UID: 10106 is in foreground: true
07-08 23:56:25.505  4902 27378 D ForegroundUtils: UID: 10109 is in foreground: false
07-08 23:56:25.505  4902 27378 D ForegroundUtils: UID: 10116 is in foreground: false
07-08 23:56:25.505  4902 27378 D ForegroundUtils: UID: 10122 is in foreground: false
07-08 23:56:25.505  4902 27378 D ForegroundUtils: UID: 10164 is in foreground: false
07-08 23:56:25.505  4902 27378 D ForegroundUtils: UID: 10201 is in foreground: true
07-08 23:56:25.505  4902 27378 D ForegroundUtils: UID: 10204 is in foreground: true
07-08 23:56:25.505  4902 27378 D ForegroundUtils: UID: 10216 is in foreground: true
07-08 23:56:25.506  4902 27378 D ForegroundUtils: UID: 10219 is in foreground: false
07-08 23:56:25.506  4902 27378 D ForegroundUtils: UID: 10221 is in foreground: false
07-08 23:56:25.506  4902 27378 D ForegroundUtils: UID: 10312 is in foreground: false
07-08 23:56:25.506  4902 27378 D ForegroundUtils: UID: 10364 is in foreground: false
07-08 23:56:25.506  4902 27378 D ForegroundUtils: UID: 10400 is in foreground: false
07-08 23:56:25.506  4902 27378 D ForegroundUtils: UID: 10485 is in foreground: false
07-08 23:56:25.506 17863 17863 D RecentsView: updateTaskStackListenerState: true
07-08 23:56:25.506  4902 27378 D ForegroundUtils: UID: 10522 is in foreground: false
07-08 23:56:25.506  4902 27378 D ForegroundUtils: UID: 10526 is in foreground: false
07-08 23:56:25.506  4902 27378 D ForegroundUtils: UID: 10528 is in foreground: true
07-08 23:56:25.506 17863 17863 D RecentsView: reloadIfNeeded - getTasks: 429
07-08 23:56:25.506  4902 27378 D ForegroundUtils: Foreground UID status:
07-08 23:56:25.506  4902 27378 D ForegroundUtils: UID: 1002 is in foreground: true
07-08 23:56:25.506  4902 27378 D ForegroundUtils: UID: 10072 is in foreground: false
07-08 23:56:25.506  4902 27378 D ForegroundUtils: UID: 10106 is in foreground: true
07-08 23:56:25.506  4902 27378 D ForegroundUtils: UID: 10109 is in foreground: false
07-08 23:56:25.506  4902 27378 D ForegroundUtils: UID: 10116 is in foreground: false
07-08 23:56:25.506  4902 27378 D ForegroundUtils: UID: 10122 is in foreground: false
07-08 23:56:25.506  4902 27378 D ForegroundUtils: UID: 10164 is in foreground: false
07-08 23:56:25.506  4902 27378 D ForegroundUtils: UID: 10201 is in foreground: true
07-08 23:56:25.506  4902 27378 D ForegroundUtils: UID: 10204 is in foreground: true
07-08 23:56:25.506  4902 27378 D ForegroundUtils: UID: 10216 is in foreground: true
07-08 23:56:25.506  4902 27378 D ForegroundUtils: UID: 10219 is in foreground: false
07-08 23:56:25.506  4902 27378 D ForegroundUtils: UID: 10221 is in foreground: false
07-08 23:56:25.506  4902 27378 D ForegroundUtils: UID: 10312 is in foreground: false
07-08 23:56:25.506  4902 27378 D ForegroundUtils: UID: 10364 is in foreground: false
07-08 23:56:25.506  4902 27378 D ForegroundUtils: UID: 10400 is in foreground: false
07-08 23:56:25.506  4902 27378 D ForegroundUtils: UID: 10485 is in foreground: false
07-08 23:56:25.506  4902 27378 D ForegroundUtils: UID: 10522 is in foreground: false
07-08 23:56:25.506  4902 27378 D ForegroundUtils: UID: 10526 is in foreground: false
07-08 23:56:25.506  4902 27378 D ForegroundUtils: UID: 10528 is in foreground: false
07-08 23:56:25.509  1204  1937 D BackgroundInstallControlService: Package event received: 0
07-08 23:56:25.509  1204  1937 D BackgroundInstallControlService: Package event received: 0
07-08 23:56:25.509  1204  1937 D BackgroundInstallControlService: Package event received: 0
07-08 23:56:25.509  1204  1937 D BackgroundInstallControlService: Package event received: 0
07-08 23:56:25.514  1204  1815 W JobScheduler.JobStatus: Exempted app com.uvnv.mintsim considered buggy
07-08 23:56:25.514  1204  1815 W JobScheduler.JobStatus: Exempted app com.uvnv.mintsim considered buggy
07-08 23:56:25.514  1204  1815 W JobScheduler.JobStatus: Exempted app com.uvnv.mintsim considered buggy
07-08 23:56:25.514  1204  1815 W JobScheduler.JobStatus: Exempted app com.uvnv.mintsim considered buggy
07-08 23:56:25.514  1204  1815 W JobScheduler.JobStatus: Exempted app com.uvnv.mintsim considered buggy
07-08 23:56:25.514  1204  1815 W JobScheduler.JobStatus: Exempted app com.uvnv.mintsim considered buggy
07-08 23:56:25.516  1204  1815 W JobScheduler.JobStatus: Exempted app com.uvnv.mintsim considered buggy
07-08 23:56:25.516  1204  1815 W JobScheduler.JobStatus: Exempted app com.uvnv.mintsim considered buggy
07-08 23:56:25.516  1204  1815 W JobScheduler.JobStatus: Exempted app com.uvnv.mintsim considered buggy
07-08 23:56:25.516  1204  1815 W JobScheduler.JobStatus: Exempted app com.uvnv.mintsim considered buggy
07-08 23:56:25.516  1204  1815 W JobScheduler.JobStatus: Exempted app com.uvnv.mintsim considered buggy
07-08 23:56:25.516  1204  1815 W JobScheduler.JobStatus: Exempted app com.uvnv.mintsim considered buggy
07-08 23:56:25.516  1204  1815 W JobScheduler.JobStatus: Exempted app com.uvnv.mintsim considered buggy
07-08 23:56:25.516  1204  1815 W JobScheduler.JobStatus: Exempted app com.uvnv.mintsim considered buggy
07-08 23:56:25.516  1204  1815 W JobScheduler.JobStatus: Exempted app com.uvnv.mintsim considered buggy
07-08 23:56:25.516 17863 17863 D RecentsView: applyLoadPlan - taskGroups: [type=SINGLE task1=[id=11060 windowingMode=1 user=0 lastActiveTime=107593429] null task2=null, type=SINGLE task1=[id=11113 windowingMode=1 user=0 lastActiveTime=109427069] null task2=null, type=SINGLE task1=[id=11116 windowingMode=1 user=0 lastActiveTime=109530199] null task2=null, type=SINGLE task1=[id=11059 windowingMode=1 user=0 lastActiveTime=110969495] null task2=null, type=SINGLE task1=[id=11097 windowingMode=1 user=0 lastActiveTime=111043117] null task2=null, type=SINGLE task1=[id=11115 windowingMode=1 user=0 lastActiveTime=111758843] null task2=null, type=SINGLE task1=[id=11132 windowingMode=1 user=0 lastActiveTime=111833592] null task2=null, type=SINGLE task1=[id=11128 windowingMode=1 user=0 lastActiveTime=111834985] null task2=null, type=SINGLE task1=[id=11139 windowingMode=1 user=0 lastActiveTime=114232546] null task2=null, type=SINGLE task1=[id=11145 windowingMode=1 user=0 lastActiveTime=114255894] null task2=null]
07-08 23:56:25.516  1204  1815 W JobScheduler.JobStatus: Exempted app com.uvnv.mintsim considered buggy
07-08 23:56:25.516  1204  1815 W JobScheduler.JobStatus: Exempted app com.uvnv.mintsim considered buggy
07-08 23:56:25.516  1204  1815 W JobScheduler.JobStatus: Exempted app com.uvnv.mintsim considered buggy
07-08 23:56:25.516  1204  1815 W JobScheduler.JobStatus: Exempted app com.uvnv.mintsim considered buggy
07-08 23:56:25.516  1204  1815 W JobScheduler.JobStatus: Exempted app com.uvnv.mintsim considered buggy
07-08 23:56:25.521  1970  5026 V WindowManagerShell: onTransitionReady(transaction=5171140688697)
07-08 23:56:25.522  1970  1990 V WindowManagerShell: onTransitionReady (#832) android.os.BinderProxy@2b668d1: {id=832 t=CLOSE f=0x10 trk=0 r=[0@Point(0, 0)] c=[
07-08 23:56:25.522  1970  1990 V WindowManagerShell:         {m=TO_FRONT f=SHOW_WALLPAPER|MOVE_TO_TOP leash=Surface(name=Task=10982)/@0xe407f36 sb=Rect(0, 0 - 1080, 2400) eb=Rect(0, 0 - 1080, 2400) epz=Point(1080, 2400) d=0 taskParent=-1},
07-08 23:56:25.522  1970  1990 V WindowManagerShell:         {m=CLOSE f=NONE leash=Surface(name=Task=11145)/@0x1fcce37 sb=Rect(0, 0 - 1080, 2400) eb=Rect(0, 0 - 1080, 2400) epz=Point(1080, 2400) d=0 taskParent=-1},
07-08 23:56:25.522  1970  1990 V WindowManagerShell:         {m=TO_FRONT f=IS_WALLPAPER leash=Surface(name=WallpaperWindowToken{46145c0 token=android.os.Binder@99f6b43})/@0x502bfa4 sb=Rect(0, 0 - 1080, 2400) eb=Rect(0, 0 - 1080, 2400) epz=Point(1080, 2400) d=0}
07-08 23:56:25.522  1970  1990 V WindowManagerShell:     ]}
07-08 23:56:25.522  1970  1990 V WindowManagerShell: Playing animation for (#832) android.os.BinderProxy@2b668d1@0
07-08 23:56:25.522  1970  1990 V ShellRecents: RecentsTransitionHandler.startAnimation: no controller found
07-08 23:56:25.522  1970  1990 V WindowManagerShell: Transition doesn't have explicit remote, search filters for match for {id=832 t=CLOSE f=0x10 trk=0 r=[0@Point(0, 0)] c=[{m=TO_FRONT f=SHOW_WALLPAPER|MOVE_TO_TOP leash=Surface(name=Task=10982)/@0xe407f36 sb=Rect(0, 0 - 1080, 2400) eb=Rect(0, 0 - 1080, 2400) epz=Point(1080, 2400) d=0 taskParent=-1},{m=CLOSE f=NONE leash=Surface(name=Task=11145)/@0x1fcce37 sb=Rect(0, 0 - 1080, 2400) eb=Rect(0, 0 - 1080, 2400) epz=Point(1080, 2400) d=0 taskParent=-1},{m=TO_FRONT f=IS_WALLPAPER leash=Surface(name=WallpaperWindowToken{46145c0 token=android.os.Binder@99f6b43})/@0x502bfa4 sb=Rect(0, 0 - 1080, 2400) eb=Rect(0, 0 - 1080, 2400) epz=Point(1080, 2400) d=0}]}
07-08 23:56:25.522  1970  1990 V WindowManagerShell:  Delegate animation for (#832) to null
07-08 23:56:25.522  1970  1990 V WindowManagerShell: start default transition animation, info = {id=832 t=CLOSE f=0x10 trk=0 r=[0@Point(0, 0)] c=[{m=TO_FRONT f=SHOW_WALLPAPER|MOVE_TO_TOP leash=Surface(name=Task=10982)/@0xe407f36 sb=Rect(0, 0 - 1080, 2400) eb=Rect(0, 0 - 1080, 2400) epz=Point(1080, 2400) d=0 taskParent=-1},{m=CLOSE f=NONE leash=Surface(name=Task=11145)/@0x1fcce37 sb=Rect(0, 0 - 1080, 2400) eb=Rect(0, 0 - 1080, 2400) epz=Point(1080, 2400) d=0 taskParent=-1},{m=TO_FRONT f=IS_WALLPAPER leash=Surface(name=WallpaperWindowToken{46145c0 token=android.os.Binder@99f6b43})/@0x502bfa4 sb=Rect(0, 0 - 1080, 2400) eb=Rect(0, 0 - 1080, 2400) epz=Point(1080, 2400) d=0}]}
07-08 23:56:25.523  1970  1990 V WindowManagerShell: loadAnimation: anim=android.view.animation.AnimationSet@e7e3210 animAttr=0x11 type=CLOSE isEntrance=false
07-08 23:56:25.523  1970  1990 V WindowManagerShell: loadAnimation: anim=android.view.animation.AnimationSet@ddc3f0e animAttr=0x10 type=CLOSE isEntrance=true
07-08 23:56:25.524  1970  1990 V WindowManagerShell:  animated by com.android.wm.shell.transition.DefaultTransitionHandler@c10df19
07-08 23:56:25.526  1204  1403 V WindowManager: Sent Transition (#832) createdAt=07-08 23:56:24.994 via request=TransitionRequestInfo { type = CLOSE, triggerTask = null, pipChange = null, remoteTransition = null, displayChange = null, flags = 16, debugId = 832 }
07-08 23:56:25.526  1204  1403 V WindowManager:     startWCT=WindowContainerTransaction { changes= {} hops= [] errorCallbackToken=null taskFragmentOrganizer=null }
07-08 23:56:25.526  1204  1403 V WindowManager:     info={id=832 t=CLOSE f=0x10 trk=0 r=[0@Point(0, 0)] c=[
07-08 23:56:25.526  1204  1403 V WindowManager:         {WCT{RemoteToken{e00b032 Task{d19c5d3 #10982 type=recents I=com.google.android.apps.nexuslauncher/com.android.quickstep.RecentsActivity}}} m=TO_FRONT f=SHOW_WALLPAPER|MOVE_TO_TOP leash=Surface(name=Task=10982)/@0x69685c9 sb=Rect(0, 0 - 1080, 2400) eb=Rect(0, 0 - 1080, 2400) epz=Point(1080, 2400) d=0 taskParent=-1},
07-08 23:56:25.526  1204  1403 V WindowManager:         {WCT{RemoteToken{ea7d42d Task{f24104e #11145 type=standard A=10528:com.example.myapplication}}} m=CLOSE f=NONE leash=Surface(name=Task=11145)/@0x128cb7b sb=Rect(0, 0 - 1080, 2400) eb=Rect(0, 0 - 1080, 2400) epz=Point(1080, 2400) d=0 taskParent=-1},
07-08 23:56:25.526  1204  1403 V WindowManager:         {m=TO_FRONT f=IS_WALLPAPER leash=Surface(name=WallpaperWindowToken{46145c0 token=android.os.Binder@99f6b43})/@0x652b282 sb=Rect(0, 0 - 1080, 2400) eb=Rect(0, 0 - 1080, 2400) epz=Point(1080, 2400) d=0}
07-08 23:56:25.526  1204  1403 V WindowManager:     ]}
07-08 23:56:25.528 17863 17863 D OverviewActionsView: updateForGroupedTask() called with: isGroupedTask = [false], canSaveAppPair = [false]
07-08 23:56:25.528 17863 17863 D OverviewActionsView: updateActionButtonsVisibility() called: showSingleTaskActions = [true], showGroupActions = [false]
07-08 23:56:25.530  1204  2108 W UserManagerService: Requested status bar icon for non-badged user 0
07-08 23:56:25.530 17863 17919 I s.nexuslauncher: AssetManager2(0xb40000749d8b1258) locale list changing from [] to [en-US]
07-08 23:56:25.761  1970  1990 V WindowManagerShell: Transition animation finished (aborted=false), notifying core (#832) android.os.BinderProxy@2b668d1@0
07-08 23:56:25.764  1204  1403 V WindowManager: Finish Transition (#832): created at 07-08 23:56:24.994 collect-started=0.074ms request-sent=0.094ms started=2.012ms ready=504.607ms sent=524.876ms finished=768.809ms
07-08 23:56:25.766  1970  1990 V WindowManagerShell: Track 0 became idle
07-08 23:56:25.766  1970  1990 V WindowManagerShell: All active transition animations finished
07-08 23:56:25.767  1204  6075 W UserManagerService: Requested status bar icon for non-badged user 0
07-08 23:56:25.768  1204  6075 W UserManagerService: Requested status bar icon for non-badged user 0
07-08 23:56:26.183  1204  1404 W WindowOnBackDispatcher: sendCancelIfRunning: isInProgress=false callback=android.view.ViewRootImpl$$ExternalSyntheticLambda13@21bb130
07-08 23:56:26.183  1204  1404 D CoreBackPreview: Window{d851718 u0 Application Error: com.example.myapplication}: Setting back callback null
07-08 23:56:26.183  1204  1301 I ActivityManager: Killing 24618:com.example.myapplication/u0a528 (adj 50): crash
07-08 23:56:26.186  1204  1301 E AppOps  : Operation not started: uid=10528 pkg=com.example.myapplication(null) op=START_FOREGROUND
07-08 23:56:26.186  1204  1301 W ForegroundServiceTypeLoggerModule: FGS stop call for: 10528 has no types!
07-08 23:56:26.186  1204  1937 D BackgroundInstallControlService: Package event received: 0
07-08 23:56:26.186  1204  1937 D BackgroundInstallControlService: Package event received: 0
07-08 23:56:26.190 17863 17863 D RecentsView: onTaskRemoved: 11145
07-08 23:56:26.190 17863 17863 D RecentsView: onTaskRemoved: 11145
07-08 23:56:26.203  1204  9602 D HWUI    : endAllActiveAnimators on 0xb40000753d904460 (RippleDrawable) with handle 0xb40000763d977690
07-08 23:56:26.208  1204  1404 D DisplayManagerService: Drop pending events for gone uid 10528
07-08 23:56:26.208  4902 27378 D ForegroundUtils: UID: 10528 deleted.
07-08 23:56:26.209  1204  1403 D HintManagerService: Uid gone for 10528
07-08 23:56:26.209   632   632 W powerhal-libperfmgr: sched_setattr failed for thread 24648, err=3
07-08 23:56:26.209   632   632 W powerhal-libperfmgr: sched_setattr failed for thread 24649, err=3
07-08 23:56:26.209   632   632 W powerhal-libperfmgr: sched_setattr failed for thread 24632, err=3
07-08 23:56:26.215  1204  2152 V ActivityManager: Got obituary of 24618:com.example.myapplication
07-08 23:56:26.215  1204  6065 I ImeTracker: com.example.myapplication:90525a86: onRequestHide at ORIGIN_SERVER reason HIDE_REMOVE_CLIENT fromUser false
07-08 23:56:26.215  1204  1408 W ActivityManager: setHasOverlayUi called on unknown pid: 24618
07-08 23:56:26.215  1204  6065 I ImeTracker: com.example.myapplication:90525a86: onCancelled at PHASE_SERVER_SHOULD_HIDE
07-08 23:56:26.215  1204  1408 V WindowManager: Unknown focus tokens, dropping reportFocusChanged
07-08 23:56:26.216  1359  1359 I adbd    : Remote process closed the socket (on MSG_PEEK)
07-08 23:56:26.218  1204  1488 I libprocessgroup: Removed cgroup /sys/fs/cgroup/uid_10528/pid_24618
07-08 23:56:26.218   848   848 I Zygote  : Process 24618 exited due to signal 9 (Killed)
07-08 23:56:26.221   572   572 E BpTransactionCompletedListener: Failed to transact (-32)
07-08 23:56:26.226   866  2612 D audio_hw_patch: low-latency-playback routing:
07-08 23:56:26.226   866  2612 D audio_hw_patch: dev: 0x2 
07-08 23:56:26.229   957  3791 D audioserver: logFgsApiBegin: FGS Logger Transaction failed, -129
07-08 23:56:26.229  1204  6073 W AS.PlaybackActivityMon: No piid assigned for invalid/internal port id 1277
07-08 23:56:26.229   866  2612 W audio_hw_35l41: cs35l41_amp_common_event: ret: 0, event: 15, state: 2, device: 0
07-08 23:56:26.230   866  2612 D audio_hw_output_stream: update stream 1 active 1 gain 0.005684
07-08 23:56:26.230   866  4583 D audio_hw: prepare low-latency-playback
07-08 23:56:26.230   866  4583 D audio_hw_soundtrigger: st_uc_monitor:uc:low-latency-playback active
07-08 23:56:26.230   866  4583 D audio_hw: low-latency-playback:
07-08 23:56:26.230   866  4583 D audio_hw: rx:
07-08 23:56:26.230   866  4583 D audio_hw:   #0: OUT_SPEAKER_BE_CFG 0
07-08 23:56:26.230   866  4583 W audio_hw_35l41: cs35l41_amp_common_event: ret: 0, event: 1, state: 2, device: 4
07-08 23:56:26.230   866  4583 D audio_route: Apply path: speaker
07-08 23:56:26.230  1204  1845 I ImeTracker: com.google.android.apps.nexuslauncher:dcf1cfc2: onRequestHide at ORIGIN_SERVER reason HIDE_UNSPECIFIED_WINDOW fromUser false
07-08 23:56:26.231   866  4583 D audio_hw_aoc_route: speaker 1
07-08 23:56:26.231   866  4583 D audio_route: Apply path: hostless-ulC spk-vi
07-08 23:56:26.231 17863 17863 D InsetsController: hide(ime(), fromIme=false)
07-08 23:56:26.231 17863 17863 I ImeTracker: com.google.android.apps.nexuslauncher:dcf1cfc2: onCancelled at PHASE_CLIENT_ALREADY_HIDDEN
07-08 23:56:26.232   866  4583 W audio_hw_35l41: cs35l41_amp_common_event: ret: 0, event: 2, state: 3, device: 4
07-08 23:56:26.232   866  4583 D sound_trigger_platform: enable_hotword_aec: enable 1
07-08 23:56:26.232  4984  4984 I GoogleInputMethodService: GoogleInputMethodService.onFinishInput():1984 
07-08 23:56:26.232  1325  1325 D AOC     : F1:MSG: controller.cc, 273: AudioInCtrl: cmd ID: 0x00ce, tag: 0xc1 [cntr = 1810]
07-08 23:56:26.233  4984  4984 I Module  : DeviceLockedStatusModuleProvider$Module.updateDeviceLockedStatus():100 repeatCheckTimes = 0, locked = false
07-08 23:56:26.233  1325  1325 D AOC     : F1:MSG: audio_capture_pdm.cc, 695: Starting PDM in Regular mode
07-08 23:56:26.233  4984  4984 I GoogleInputMethodService: GoogleInputMethodService.onStartInput():1248 onStartInput(EditorInfo{EditorInfo{packageName=com.google.android.apps.nexuslauncher, inputType=0, inputTypeString=NULL, enableLearning=false, autoCorrection=false, autoComplete=false, imeOptions=0, privateImeOptions=null, actionName=UNSPECIFIED, actionLabel=null, initialSelStart=-1, initialSelEnd=-1, initialCapsMode=0, label=null, fieldId=0, fieldName=null, extras=null, hintText=null, hintLocales=[]}}, false)
07-08 23:56:26.234  4984  4984 I Module  : DeviceLockedStatusModuleProvider$Module.updateDeviceLockedStatus():100 repeatCheckTimes = 1, locked = false
07-08 23:56:26.235  1204  6065 W PackageConfigPersister: App-specific configuration not found for packageName: com.google.android.apps.nexuslauncher and userId: 0
07-08 23:56:26.283   866  4583 D audio_hw_soundtrigger: st_comm_aud_event_monitor:codec dev:4 active
07-08 23:56:26.283   866  4583 I audio_hw_aoc: Mode Ambient is already selected
07-08 23:56:26.283   866  4583 D audio_route: Apply path: low-latency-playbackP
07-08 23:56:26.285   866  4583 D audio_hw_aoc_route: low-latency-playbackP 1
07-08 23:56:26.285   866  4583 E audio_route: unable to find path 'speaker-post'
07-08 23:56:26.285   866  4583 D audio_hw_aoc_route: speaker-post 1
07-08 23:56:26.287  1325  1325 D AOC     : F1:MSG: controller.cc, 811: AudioInCtrl: ipc: sound_trigger, cmd ID: 0x00ce, tag: 0xc1, rc: 0
07-08 23:56:26.287  1325  1325 D AOC     : F1:MSG: controller.cc, 273: AudioOutCtrl: cmd ID: 0x010f, tag: 0xae [cntr = 5028]
07-08 23:56:26.287  1325  1325 D AOC     : F1:Source 1 mastered by sink 0
07-08 23:56:26.287  1325  1325 D AOC     : F1:AT Map:2 (LL:0), 1 EPs active, Power: Yes, Config: No
07-08 23:56:26.287  1325  1325 D AOC     : F1:Mixer 0 configuration changed: (2)
07-08 23:56:26.287  1325  1325 D AOC     : F1:Sink 0 Configuration changed: ULL (enabled)
07-08 23:56:26.287  1325  1325 D AOC     : F1:AHWSinkSPKR started: 48 samples (32-bit,2 ch,48 kHz) block 384
07-08 23:56:26.288  1325  1325 D AOC     : F1:[AHWSinkSPKR] DL resync B: 1326, A:1326. wo: 654, target offset: 2208 (align 78) -> ro:2208
07-08 23:56:26.288  1325  1325 D AOC     : F1:MSG: controller.cc, 811: AudioOutCtrl: ipc: audio_output_co, cmd ID: 0x010f, tag: 0xae, rc: 0
07-08 23:56:26.288  1325  1325 D AOC     : H0:Mixer AMixSPKR: 480 samples (0002/0002) (ON SC)
07-08 23:56:26.288  1325  1325 D AOC     : H0:	 1: 0x403e1ac0
07-08 23:56:26.288  1325  1325 D AOC     : H0:AMixSPKR PostProcessing Config: WAVES
07-08 23:56:26.288  1325  1325 D AOC     : H0:Mixer configuration updated
07-08 23:56:26.288  1325  1325 D AOC     : H0:Mixer state changed
07-08 23:56:26.288  1325  1325 D AOC     : F1:Speaker Started (DualDMA on 2 and 3)
07-08 23:56:26.289  1325  1325 D AOC     : F1:[AHWSinkSPKR] mix overrun by 3840
07-08 23:56:26.293  1325  1325 D AOC     : F1:MSG: controller.cc, 273: AudioOutCtrl: cmd ID: 0x00ce, tag: 0xaf [cntr = 5029]
07-08 23:56:26.293  1325  1325 D AOC     : F1:MSG: controller.cc, 811: AudioOutCtrl: ipc: audio_output_co, cmd ID: 0x0120, tag: 0xf8, rc: 0
07-08 23:56:26.293   866  4583 D audio_hw_waves: waves_usecase_event: low-latency-playback start
07-08 23:56:26.293   866  4583 D audio_hw_waves: waves_usecase_event: trigger to update tuning when first track is running.
07-08 23:56:26.293   866  4583 D audio_hw_waves: update_sink_info_from_usecases: sink 1 VOL/Stream update 0.000000(4294967295) -> 0.005684(1)
07-08 23:56:26.296   866  4583 D audio_hw_waves: send_waves_tuning: instance_id = 1, tuning_id = 2
07-08 23:56:26.296   866  4583 D audio_hw_aoc: aoc_send_rtc_mixer_tuning: block_id = 16, comp_id = 2
07-08 23:56:26.297  1325  1325 D AOC     : F1:MSG: controller.cc, 273: AudioOutCtrl: cmd ID: 0x00d5, tag: 0x34 [cntr = 5030]
07-08 23:56:26.298  1325  1325 D AOC     : F1:MSG: asp_src_iir.cc, 163: IIR SRC mode 6 48000Hz -> 16000Hz
07-08 23:56:26.299  1325  1325 D AOC     : H0:MSG: controller.cc, 811: AudOutCtrlH0: ipc: C-AO-H0, cmd ID: 0x00d5, tag: 0x90, rc: 0
07-08 23:56:26.299  1325  1325 D AOC     : F1:MSG: controller.cc, 811: AudioOutCtrl: ipc: audio_output_tu, cmd ID: 0x00d5, tag: 0x90, rc: 0
