07-08 23:56:26.304  1325  1325 D AOC     : F1:MSG: controller.cc, 273: AudioOutCtrl: cmd ID: 0x00c9, tag: 0xb0 [cntr = 5031]
07-08 23:56:26.304  1325  1325 D AOC     : F1:MSG: controller.cc, 811: AudioOutCtrl: ipc: audio_output_co, cmd ID: 0x00c9, tag: 0xb0, rc: 0
07-08 23:56:26.469   957  1677 D audioserver: logFgsApiEnd: FGS Logger Transaction failed, -129
07-08 23:56:26.469   866  2612 D audio_hw_waves: update_sink_info_from_usecases: update amcs, instance id 1, volume 176 0 0 0 0 0 0 0 0 0
07-08 23:56:26.469   866  2612 W audio_hw_35l41: cs35l41_amp_common_event: ret: 0, event: 15, state: 3, device: 0
07-08 23:56:26.469   866  2612 D audio_hw_output_stream: update stream 1 active 0 gain 0.000000
07-08 23:56:27.045   952  2703 I WifiHAL : Creating message to get link statistics; iface = 48
07-08 23:56:27.115   952  2703 I WifiHAL : Getting cached scan results, iface handle = 0xb400007b86225f90
07-08 23:56:27.115   952  2703 E WifiHAL : Creating message to get cached scan results
07-08 23:56:27.116   952  2703 D WifiHAL : error code -95 mapped to -3
07-08 23:56:27.118  1204  1874 E WifiStaIfaceAidlImpl: getCachedScanData failed with service-specific exception: android.os.ServiceSpecificException:  (code 4)
07-08 23:56:27.198  1204  1886 D ConnectivityService: NetReassign [no changes] [c 6] [a 7] [i 18]
07-08 23:56:27.295   866  1543 D audio_hw_35l41: cs35l41_rtlogger_data_analysis: Left/Top impedance: 10000000
07-08 23:56:27.295   866  1543 D audio_hw_35l41: cs35l41_rtlogger_data_analysis: Right/Bottom impedance: 679591
07-08 23:56:27.338   866  1543 D audio_hw_35l41: cs35l41_bdlogger_data_analysis: Left/Top Max temp: 0x1929c4 ==> 100.652588 C
07-08 23:56:27.339   866  1543 D audio_hw_35l41: cs35l41_bdlogger_data_analysis: Left/Top Max exc: 0x33333 ==> 0.400000 mm
07-08 23:56:27.340   866  1543 D audio_hw_35l41: cs35l41_bdlogger_data_analysis: Left/Top dsp heartbeat = 0x174a7
07-08 23:56:27.340   866  1543 D audio_hw_35l41: cs35l41_bdlogger_data_analysis: Right/Bottom Max temp: 0x178894 ==> 94.134033 C
07-08 23:56:27.341   866  1543 D audio_hw_35l41: cs35l41_bdlogger_data_analysis: Right/Bottom Max exc: 0x33333 ==> 0.400000 mm
07-08 23:56:27.341   866  1543 D audio_hw_35l41: cs35l41_bdlogger_data_analysis: Right/Bottom dsp heartbeat = 0x1a11e
07-08 23:56:27.887   572   800 D DisplayModeController: setDesiredMode 4619827677550801152 {mode={fps=60.00 Hz, modePtr={id=0, vsyncRate=60.00 Hz, peakRefreshRate=60.00 Hz}}, emitEvent=false, force=false}
07-08 23:56:27.895   574   623 D hwc-display: setActiveConfigWithConstraints:: PrimaryDisplay config(36) test(0)
07-08 23:56:27.896   574   623 I hwc-display: [PrimaryDisplay] setActiveConfigWithConstraints: config(36)
07-08 23:56:27.922  9743  9890 D WireGuard/GoBackend/SurfsharkWireguardTunnel: peer(FdTRxdDo) - Received handshake initiation
07-08 23:56:27.922  9743  9890 D WireGuard/GoBackend/SurfsharkWireguardTunnel: peer(FdTRxdDo) - Sending handshake response
07-08 23:56:28.083  9743 12325 D WireGuard/GoBackend/SurfsharkWireguardTunnel: peer(FdTRxdDo) - Receiving keepalive packet
07-08 23:56:28.093   882   920 I CHRE    : @ 114253.888: [ip] Peak detected: magnitude = 0.295250 hpa, duration = 119.999997 ms
07-08 23:56:28.096   882   920 D CHRE.HAL: Received a nanoapp message from 0x476f6f676c001022 endpoint 0x8082: Type 0x3 size 8 
07-08 23:56:28.098   923   923 I suez-nanoapp-clients: Barometric peak detected: magnitude = 0.295250 hPa (bucket: 7), duration = 120.000000 ms (bucket: 11).
07-08 23:56:28.099   923   923 I suez-nanoapp-clients: Vendor atom [id = 100047] reported.
07-08 23:56:28.102   882   920 I CHRE    : @ 114253.889: [ip] Peak detected: magnitude = 0.123425 hpa, duration = 79.000002 ms
07-08 23:56:28.102   882   920 D CHRE.HAL: Received a nanoapp message from 0x476f6f676c001022 endpoint 0x8082: Type 0x3 size 8 
07-08 23:56:28.102   923   923 I suez-nanoapp-clients: Barometric peak detected: magnitude = 0.123425 hPa (bucket: 3), duration = 79.000000 ms (bucket: 7).
07-08 23:56:28.103   923   923 I suez-nanoapp-clients: Vendor atom [id = 100047] reported.
07-08 23:56:28.830  7136  7150 I Finsky  : [147] Stats for Executor: BlockingExecutor teo@189fdab[Running, pool size = 0, active threads = 0, queued tasks = 0, completed tasks = 411]
07-08 23:56:28.831  7136  7150 I Finsky  : [147] Stats for Executor: LightweightExecutor teo@4d4c08[Running, pool size = 4, active threads = 0, queued tasks = 0, completed tasks = 32064]
07-08 23:56:28.831  7136  7150 I Finsky  : [147] Stats for Executor: bgExecutor teo@443ffa1[Running, pool size = 4, active threads = 0, queued tasks = 0, completed tasks = 8377]
07-08 23:56:29.102  7136  7150 I Finsky  : [147] Stats for Executor: GrpcBackgroundExecutor teo@5d15c6[Running, pool size = 4, active threads = 0, queued tasks = 0, completed tasks = 16]
07-08 23:56:29.451  1325  1325 D AOC     : F1:MSG: controller.cc, 273: AudioOutCtrl: cmd ID: 0x00c9, tag: 0xb1 [cntr = 5032]
07-08 23:56:29.452  1325  1325 D AOC     : F1:MSG: controller.cc, 811: AudioOutCtrl: ipc: audio_output_co, cmd ID: 0x00c9, tag: 0xb1, rc: 0
07-08 23:56:29.458   866  2612 D audio_hw: shutdown: low-latency-playback
07-08 23:56:29.459   866  2612 E audio_route: unable to find path 'speaker-post'
07-08 23:56:29.459   866  2612 D audio_hw_aoc_route: speaker-post 0
07-08 23:56:29.460  1325  1325 D AOC     : H0:Mixer AMixSPKR Input 1 RB overflow. Resyncing.
07-08 23:56:29.460  1325  1325 D AOC     : F1:MSG: controller.cc, 273: AudioOutCtrl: cmd ID: 0x010f, tag: 0xb2 [cntr = 5033]
07-08 23:56:29.460   866  2612 D audio_hw_aoc_route: low-latency-playbackP 0
07-08 23:56:29.460  1325  1325 D AOC     : F1:Unregistered Source 1 from Sink 0 
07-08 23:56:29.461   866  2612 W audio_hw_35l41: cs35l41_amp_common_event: ret: 0, event: 3, state: 3, device: 4
07-08 23:56:29.461  1325  1325 D AOC     : F1:AT Map:0 (LL:0), 0 EPs active, Power: Yes, Config: No
07-08 23:56:29.461  1325  1325 D AOC     : F1:Mixer 0 configuration changed: (0)
07-08 23:56:29.461  1325  1325 D AOC     : F1:Sink 0 Configuration changed: ULL (disabled)
07-08 23:56:29.461  1325  1325 D AOC     : F1:MSG: controller.cc, 811: AudioOutCtrl: ipc: audio_output_co, cmd ID: 0x010f, tag: 0xb2, rc: 0
07-08 23:56:29.461  1325  1325 D AOC     : H0:Mixer AMixSPKR: 480 samples (0000/0000) (OFF SC)
07-08 23:56:29.461  1325  1325 D AOC     : H0:Mixer configuration updated
07-08 23:56:29.462   866  2612 D audio_hw_aoc_route: speaker 0
07-08 23:56:29.463   866  2612 W audio_hw_35l41: cs35l41_amp_common_event: ret: 0, event: 4, state: 2, device: 4
07-08 23:56:29.463   866  2612 D sound_trigger_platform: enable_hotword_aec: enable 0
07-08 23:56:29.465  1325  1325 D AOC     : F1:MSG: controller.cc, 273: AudioInCtrl: cmd ID: 0x00cf, tag: 0xc2 [cntr = 1811]
07-08 23:56:29.517   866  2612 D audio_hw_soundtrigger: st_comm_aud_event_monitor:codec dev:4 inactive
07-08 23:56:29.518   866  2612 D audio_hw_soundtrigger: st_uc_monitor:uc:low-latency-playback inactive
07-08 23:56:29.518   866  2612 I audio_hw_aoc: Mode Ambient is already selected
07-08 23:56:29.518   866  2612 D audio_hw_waves: waves_usecase_event: low-latency-playback stop
07-08 23:56:29.519  1325  1325 D AOC     : F1:MSG: controller.cc, 811: AudioInCtrl: ipc: sound_trigger, cmd ID: 0x00cf, tag: 0xc2, rc: 0
07-08 23:56:30.168   952  2703 I WifiHAL : Creating message to get link statistics; iface = 48
07-08 23:56:30.245   952   952 I WifiHAL : Getting cached scan results, iface handle = 0xb400007b86225f90
07-08 23:56:30.245   952   952 E WifiHAL : Creating message to get cached scan results
07-08 23:56:30.245   952   952 D WifiHAL : error code -95 mapped to -3
07-08 23:56:30.247  1204  1874 E WifiStaIfaceAidlImpl: getCachedScanData failed with service-specific exception: android.os.ServiceSpecificException:  (code 4)
07-08 23:56:30.335  1204  1886 D ConnectivityService: NetReassign [no changes] [c 6] [a 7] [i 17]
