07-08 23:56:22.887 24610 24610 W service : Thread Pool max thread count is 0. Cannot cache binder as linkToDeath cannot be implemented. serviceName: imms
07-08 23:56:22.888 24610 24610 W service : Thread Pool max thread count is 0. Cannot cache binder as linkToDeath cannot be implemented. serviceName: incidentcompanion
07-08 23:56:22.889 24610 24610 W service : Thread Pool max thread count is 0. Cannot cache binder as linkToDeath cannot be implemented. serviceName: incremental
07-08 23:56:22.889 24610 24610 W service : Thread Pool max thread count is 0. Cannot cache binder as linkToDeath cannot be implemented. serviceName: input
07-08 23:56:22.890 24610 24610 W service : Thread Pool max thread count is 0. Cannot cache binder as linkToDeath cannot be implemented. serviceName: input_method
07-08 23:56:22.890 24610 24610 W service : Thread Pool max thread count is 0. Cannot cache binder as linkToDeath cannot be implemented. serviceName: inputflinger
07-08 23:56:22.891 24610 24610 W service : Thread Pool max thread count is 0. Cannot cache binder as linkToDeath cannot be implemented. serviceName: ions
07-08 23:56:22.891 24610 24610 W service : Thread Pool max thread count is 0. Cannot cache binder as linkToDeath cannot be implemented. serviceName: iphonesubinfo
07-08 23:56:22.891 24610 24610 W service : Thread Pool max thread count is 0. Cannot cache binder as linkToDeath cannot be implemented. serviceName: ipsec
07-08 23:56:22.892 24610 24610 W service : Thread Pool max thread count is 0. Cannot cache binder as linkToDeath cannot be implemented. serviceName: isms
07-08 23:56:22.892 24610 24610 W service : Thread Pool max thread count is 0. Cannot cache binder as linkToDeath cannot be implemented. serviceName: isub
07-08 23:56:22.892 24610 24610 W service : Thread Pool max thread count is 0. Cannot cache binder as linkToDeath cannot be implemented. serviceName: jobscheduler
07-08 23:56:22.893 24610 24610 W service : Thread Pool max thread count is 0. Cannot cache binder as linkToDeath cannot be implemented. serviceName: launcherapps
07-08 23:56:22.893 24610 24610 W service : Thread Pool max thread count is 0. Cannot cache binder as linkToDeath cannot be implemented. serviceName: legacy_permission
07-08 23:56:22.893 24610 24610 W service : Thread Pool max thread count is 0. Cannot cache binder as linkToDeath cannot be implemented. serviceName: lights
07-08 23:56:22.894 24610 24610 W service : Thread Pool max thread count is 0. Cannot cache binder as linkToDeath cannot be implemented. serviceName: locale
07-08 23:56:22.894 24610 24610 W service : Thread Pool max thread count is 0. Cannot cache binder as linkToDeath cannot be implemented. serviceName: location
07-08 23:56:22.894 24610 24610 W service : Thread Pool max thread count is 0. Cannot cache binder as linkToDeath cannot be implemented. serviceName: location_time_zone_manager
07-08 23:56:22.894 24610 24610 E Parcel  : Reading a NULL string not supported here.
07-08 23:56:22.894 24610 24610 W service : Thread Pool max thread count is 0. Cannot cache binder as linkToDeath cannot be implemented. serviceName: lock_settings
07-08 23:56:22.895 24610 24610 W service : Thread Pool max thread count is 0. Cannot cache binder as linkToDeath cannot be implemented. serviceName: logcat
07-08 23:56:22.895 24610 24610 W service : Thread Pool max thread count is 0. Cannot cache binder as linkToDeath cannot be implemented. serviceName: looper_stats
07-08 23:56:22.895 24610 24610 E Parcel  : Reading a NULL string not supported here.
07-08 23:56:22.895 24610 24610 W service : Thread Pool max thread count is 0. Cannot cache binder as linkToDeath cannot be implemented. serviceName: manager
07-08 23:56:22.896 24610 24610 W service : Thread Pool max thread count is 0. Cannot cache binder as linkToDeath cannot be implemented. serviceName: media.aaudio
07-08 23:56:22.896 24610 24610 W service : Thread Pool max thread count is 0. Cannot cache binder as linkToDeath cannot be implemented. serviceName: media.audio_flinger
07-08 23:56:22.896 24610 24610 W service : Thread Pool max thread count is 0. Cannot cache binder as linkToDeath cannot be implemented. serviceName: media.audio_policy
07-08 23:56:22.897 24610 24610 W service : Thread Pool max thread count is 0. Cannot cache binder as linkToDeath cannot be implemented. serviceName: media.camera
07-08 23:56:22.897 24610 24610 W service : Thread Pool max thread count is 0. Cannot cache binder as linkToDeath cannot be implemented. serviceName: media.camera.proxy
07-08 23:56:22.897 24610 24610 W service : Thread Pool max thread count is 0. Cannot cache binder as linkToDeath cannot be implemented. serviceName: media.ecoservice
07-08 23:56:22.898 24610 24610 W service : Thread Pool max thread count is 0. Cannot cache binder as linkToDeath cannot be implemented. serviceName: media.extractor
07-08 23:56:22.898 24610 24610 W service : Thread Pool max thread count is 0. Cannot cache binder as linkToDeath cannot be implemented. serviceName: media.metrics
07-08 23:56:22.898 24610 24610 W service : Thread Pool max thread count is 0. Cannot cache binder as linkToDeath cannot be implemented. serviceName: media.player
07-08 23:56:22.899 24610 24610 W service : Thread Pool max thread count is 0. Cannot cache binder as linkToDeath cannot be implemented. serviceName: media.resource_manager
07-08 23:56:22.899 24610 24610 W service : Thread Pool max thread count is 0. Cannot cache binder as linkToDeath cannot be implemented. serviceName: media.resource_observer
07-08 23:56:22.899 24610 24610 W service : Thread Pool max thread count is 0. Cannot cache binder as linkToDeath cannot be implemented. serviceName: media_communication
07-08 23:56:22.899 24610 24610 W service : Thread Pool max thread count is 0. Cannot cache binder as linkToDeath cannot be implemented. serviceName: media_metrics
07-08 23:56:22.900 24610 24610 W service : Thread Pool max thread count is 0. Cannot cache binder as linkToDeath cannot be implemented. serviceName: media_projection
07-08 23:56:22.900 24610 24610 W service : Thread Pool max thread count is 0. Cannot cache binder as linkToDeath cannot be implemented. serviceName: media_resource_monitor
07-08 23:56:22.900 24610 24610 W service : Thread Pool max thread count is 0. Cannot cache binder as linkToDeath cannot be implemented. serviceName: media_router
07-08 23:56:22.900 24610 24610 W service : Thread Pool max thread count is 0. Cannot cache binder as linkToDeath cannot be implemented. serviceName: media_session
07-08 23:56:22.901 24610 24610 W service : Thread Pool max thread count is 0. Cannot cache binder as linkToDeath cannot be implemented. serviceName: meminfo
07-08 23:56:22.901 24610 24610 E Parcel  : Reading a NULL string not supported here.
07-08 23:56:22.901 24610 24610 W service : Thread Pool max thread count is 0. Cannot cache binder as linkToDeath cannot be implemented. serviceName: memtrack.proxy
07-08 23:56:22.901 24610 24610 W service : Thread Pool max thread count is 0. Cannot cache binder as linkToDeath cannot be implemented. serviceName: midi
07-08 23:56:22.902 24610 24610 W service : Thread Pool max thread count is 0. Cannot cache binder as linkToDeath cannot be implemented. serviceName: mount
07-08 23:56:22.902 24610 24610 W service : Thread Pool max thread count is 0. Cannot cache binder as linkToDeath cannot be implemented. serviceName: music_recognition
07-08 23:56:22.902 24610 24610 W service : Thread Pool max thread count is 0. Cannot cache binder as linkToDeath cannot be implemented. serviceName: nearby
07-08 23:56:22.903 24610 24610 W service : Thread Pool max thread count is 0. Cannot cache binder as linkToDeath cannot be implemented. serviceName: netd_listener
07-08 23:56:22.903 24610 24610 W service : Thread Pool max thread count is 0. Cannot cache binder as linkToDeath cannot be implemented. serviceName: netpolicy
07-08 23:56:22.903 24610 24610 W service : Thread Pool max thread count is 0. Cannot cache binder as linkToDeath cannot be implemented. serviceName: netstats
07-08 23:56:22.904 24610 24610 W service : Thread Pool max thread count is 0. Cannot cache binder as linkToDeath cannot be implemented. serviceName: network_management
07-08 23:56:22.904 24610 24610 W service : Thread Pool max thread count is 0. Cannot cache binder as linkToDeath cannot be implemented. serviceName: network_score
07-08 23:56:22.904 24610 24610 W service : Thread Pool max thread count is 0. Cannot cache binder as linkToDeath cannot be implemented. serviceName: network_stack
07-08 23:56:22.905 24610 24610 W service : Thread Pool max thread count is 0. Cannot cache binder as linkToDeath cannot be implemented. serviceName: network_time_update_service
07-08 23:56:22.905 24610 24610 E Parcel  : Reading a NULL string not supported here.
07-08 23:56:22.905 24610 24610 W service : Thread Pool max thread count is 0. Cannot cache binder as linkToDeath cannot be implemented. serviceName: network_watchlist
07-08 23:56:22.905 24610 24610 W service : Thread Pool max thread count is 0. Cannot cache binder as linkToDeath cannot be implemented. serviceName: nfc
07-08 23:56:22.905 24610 24610 W service : Thread Pool max thread count is 0. Cannot cache binder as linkToDeath cannot be implemented. serviceName: notification
07-08 23:56:22.906 24610 24610 W service : Thread Pool max thread count is 0. Cannot cache binder as linkToDeath cannot be implemented. serviceName: oem_lock
07-08 23:56:22.906 24610 24610 W service : Thread Pool max thread count is 0. Cannot cache binder as linkToDeath cannot be implemented. serviceName: on_device_intelligence
07-08 23:56:22.906 24610 24610 W service : Thread Pool max thread count is 0. Cannot cache binder as linkToDeath cannot be implemented. serviceName: ondevicepersonalization_system_service
07-08 23:56:22.906 24610 24610 W service : Thread Pool max thread count is 0. Cannot cache binder as linkToDeath cannot be implemented. serviceName: otadexopt
07-08 23:56:22.907 24610 24610 W service : Thread Pool max thread count is 0. Cannot cache binder as linkToDeath cannot be implemented. serviceName: overlay
07-08 23:56:22.907 24610 24610 W service : Thread Pool max thread count is 0. Cannot cache binder as linkToDeath cannot be implemented. serviceName: pac_proxy
07-08 23:56:22.907 24610 24610 W service : Thread Pool max thread count is 0. Cannot cache binder as linkToDeath cannot be implemented. serviceName: package
07-08 23:56:22.908 24610 24610 W service : Thread Pool max thread count is 0. Cannot cache binder as linkToDeath cannot be implemented. serviceName: package_native
07-08 23:56:22.908 24610 24610 W service : Thread Pool max thread count is 0. Cannot cache binder as linkToDeath cannot be implemented. serviceName: people
07-08 23:56:22.908 24610 24610 W service : Thread Pool max thread count is 0. Cannot cache binder as linkToDeath cannot be implemented. serviceName: performance_hint
07-08 23:56:22.909 24610 24610 W service : Thread Pool max thread count is 0. Cannot cache binder as linkToDeath cannot be implemented. serviceName: permission
07-08 23:56:22.909 24610 24610 W service : Thread Pool max thread count is 0. Cannot cache binder as linkToDeath cannot be implemented. serviceName: permission_checker
07-08 23:56:22.909 24610 24610 W service : Thread Pool max thread count is 0. Cannot cache binder as linkToDeath cannot be implemented. serviceName: permissionmgr
07-08 23:56:22.909 24610 24610 W service : Thread Pool max thread count is 0. Cannot cache binder as linkToDeath cannot be implemented. serviceName: persistent_data_block
07-08 23:56:22.910 24610 24610 W service : Thread Pool max thread count is 0. Cannot cache binder as linkToDeath cannot be implemented. serviceName: phone
07-08 23:56:22.910 24610 24610 W service : Thread Pool max thread count is 0. Cannot cache binder as linkToDeath cannot be implemented. serviceName: pinner
07-08 23:56:22.910 24610 24610 W service : Thread Pool max thread count is 0. Cannot cache binder as linkToDeath cannot be implemented. serviceName: platform_compat
07-08 23:56:22.911 24610 24610 W service : Thread Pool max thread count is 0. Cannot cache binder as linkToDeath cannot be implemented. serviceName: platform_compat_native
07-08 23:56:22.911 24610 24610 W service : Thread Pool max thread count is 0. Cannot cache binder as linkToDeath cannot be implemented. serviceName: power
07-08 23:56:22.911 24610 24610 W service : Thread Pool max thread count is 0. Cannot cache binder as linkToDeath cannot be implemented. serviceName: powerstats
07-08 23:56:22.912 24610 24610 W service : Thread Pool max thread count is 0. Cannot cache binder as linkToDeath cannot be implemented. serviceName: print
07-08 23:56:22.912 24610 24610 W service : Thread Pool max thread count is 0. Cannot cache binder as linkToDeath cannot be implemented. serviceName: processinfo
07-08 23:56:22.912 24610 24610 W service : Thread Pool max thread count is 0. Cannot cache binder as linkToDeath cannot be implemented. serviceName: procstats
07-08 23:56:22.913 24610 24610 W service : Thread Pool max thread count is 0. Cannot cache binder as linkToDeath cannot be implemented. serviceName: profiling_service
07-08 23:56:22.913 24610 24610 W service : Thread Pool max thread count is 0. Cannot cache binder as linkToDeath cannot be implemented. serviceName: reboot_readiness
07-08 23:56:22.913 24610 24610 W service : Thread Pool max thread count is 0. Cannot cache binder as linkToDeath cannot be implemented. serviceName: recovery
07-08 23:56:22.914 24610 24610 W service : Thread Pool max thread count is 0. Cannot cache binder as linkToDeath cannot be implemented. serviceName: remote_provisioning
07-08 23:56:22.914 24610 24610 W service : Thread Pool max thread count is 0. Cannot cache binder as linkToDeath cannot be implemented. serviceName: resolver
07-08 23:56:22.914 24610 24610 E Parcel  : Reading a NULL string not supported here.
07-08 23:56:22.914 24610 24610 W service : Thread Pool max thread count is 0. Cannot cache binder as linkToDeath cannot be implemented. serviceName: resources
07-08 23:56:22.915 24610 24610 W service : Thread Pool max thread count is 0. Cannot cache binder as linkToDeath cannot be implemented. serviceName: restrictions
07-08 23:56:22.915 24610 24610 W service : Thread Pool max thread count is 0. Cannot cache binder as linkToDeath cannot be implemented. serviceName: rlsservice
07-08 23:56:22.915 24610 24610 E IPCThreadState: Binder transaction failure. id: 86333388, BR_*: 29201, error: -1 (Operation not permitted)
07-08 23:56:22.915 24610 24610 W service : Thread Pool max thread count is 0. Cannot cache binder as linkToDeath cannot be implemented. serviceName: role
07-08 23:56:22.916 24610 24610 W service : Thread Pool max thread count is 0. Cannot cache binder as linkToDeath cannot be implemented. serviceName: rollback
07-08 23:56:22.916 24610 24610 W service : Thread Pool max thread count is 0. Cannot cache binder as linkToDeath cannot be implemented. serviceName: runtime
07-08 23:56:22.916 24610 24610 E Parcel  : Reading a NULL string not supported here.
07-08 23:56:22.916 24610 24610 W service : Thread Pool max thread count is 0. Cannot cache binder as linkToDeath cannot be implemented. serviceName: safety_center
07-08 23:56:22.916 24610 24610 W service : Thread Pool max thread count is 0. Cannot cache binder as linkToDeath cannot be implemented. serviceName: scheduling_policy
07-08 23:56:22.917 24610 24610 W service : Thread Pool max thread count is 0. Cannot cache binder as linkToDeath cannot be implemented. serviceName: sdk_sandbox
07-08 23:56:22.917 24610 24610 W service : Thread Pool max thread count is 0. Cannot cache binder as linkToDeath cannot be implemented. serviceName: search
07-08 23:56:22.917 24610 24610 W service : Thread Pool max thread count is 0. Cannot cache binder as linkToDeath cannot be implemented. serviceName: search_ui
07-08 23:56:22.918 24610 24610 W service : Thread Pool max thread count is 0. Cannot cache binder as linkToDeath cannot be implemented. serviceName: sec_key_att_app_id_provider
07-08 23:56:22.918 24610 24610 W service : Thread Pool max thread count is 0. Cannot cache binder as linkToDeath cannot be implemented. serviceName: secure_element
07-08 23:56:22.918 24610 24610 W service : Thread Pool max thread count is 0. Cannot cache binder as linkToDeath cannot be implemented. serviceName: security_state
07-08 23:56:22.919 24610 24610 W service : Thread Pool max thread count is 0. Cannot cache binder as linkToDeath cannot be implemented. serviceName: sensitive_content_protection_service
07-08 23:56:22.919 24610 24610 W service : Thread Pool max thread count is 0. Cannot cache binder as linkToDeath cannot be implemented. serviceName: sensor_privacy
07-08 23:56:22.919 24610 24610 W service : Thread Pool max thread count is 0. Cannot cache binder as linkToDeath cannot be implemented. serviceName: sensorservice
07-08 23:56:22.920 24610 24610 W service : Thread Pool max thread count is 0. Cannot cache binder as linkToDeath cannot be implemented. serviceName: serial
07-08 23:56:22.920 24610 24610 W service : Thread Pool max thread count is 0. Cannot cache binder as linkToDeath cannot be implemented. serviceName: servicediscovery
07-08 23:56:22.920 24610 24610 W service : Thread Pool max thread count is 0. Cannot cache binder as linkToDeath cannot be implemented. serviceName: settings
07-08 23:56:22.920 24610 24610 E Parcel  : Reading a NULL string not supported here.
07-08 23:56:22.921 24610 24610 W service : Thread Pool max thread count is 0. Cannot cache binder as linkToDeath cannot be implemented. serviceName: shortcut
07-08 23:56:22.921 24610 24610 W service : Thread Pool max thread count is 0. Cannot cache binder as linkToDeath cannot be implemented. serviceName: simphonebook
07-08 23:56:22.921 24610 24610 W service : Thread Pool max thread count is 0. Cannot cache binder as linkToDeath cannot be implemented. serviceName: slice
07-08 23:56:22.922 24610 24610 W service : Thread Pool max thread count is 0. Cannot cache binder as linkToDeath cannot be implemented. serviceName: smartspace
07-08 23:56:22.922 24610 24610 W service : Thread Pool max thread count is 0. Cannot cache binder as linkToDeath cannot be implemented. serviceName: soundtrigger
07-08 23:56:22.922 24610 24610 W service : Thread Pool max thread count is 0. Cannot cache binder as linkToDeath cannot be implemented. serviceName: soundtrigger_middleware
07-08 23:56:22.923 24610 24610 W service : Thread Pool max thread count is 0. Cannot cache binder as linkToDeath cannot be implemented. serviceName: speech_recognition
07-08 23:56:22.923 24610 24610 W service : Thread Pool max thread count is 0. Cannot cache binder as linkToDeath cannot be implemented. serviceName: stats
07-08 23:56:22.923 24610 24610 W service : Thread Pool max thread count is 0. Cannot cache binder as linkToDeath cannot be implemented. serviceName: statsbootstrap
07-08 23:56:22.924 24610 24610 W service : Thread Pool max thread count is 0. Cannot cache binder as linkToDeath cannot be implemented. serviceName: statscompanion
07-08 23:56:22.924 24610 24610 W service : Thread Pool max thread count is 0. Cannot cache binder as linkToDeath cannot be implemented. serviceName: statsmanager
07-08 23:56:22.924 24610 24610 W service : Thread Pool max thread count is 0. Cannot cache binder as linkToDeath cannot be implemented. serviceName: statusbar
07-08 23:56:22.925 24610 24610 W service : Thread Pool max thread count is 0. Cannot cache binder as linkToDeath cannot be implemented. serviceName: storaged
07-08 23:56:22.925 24610 24610 W service : Thread Pool max thread count is 0. Cannot cache binder as linkToDeath cannot be implemented. serviceName: storaged_pri
07-08 23:56:22.925 24610 24610 W service : Thread Pool max thread count is 0. Cannot cache binder as linkToDeath cannot be implemented. serviceName: storagestats
07-08 23:56:22.926 24610 24610 W service : Thread Pool max thread count is 0. Cannot cache binder as linkToDeath cannot be implemented. serviceName: system_config
07-08 23:56:22.926 24610 24610 W service : Thread Pool max thread count is 0. Cannot cache binder as linkToDeath cannot be implemented. serviceName: system_server_dumper
07-08 23:56:22.926 24610 24610 E Parcel  : Reading a NULL string not supported here.
07-08 23:56:22.927 24610 24610 W service : Thread Pool max thread count is 0. Cannot cache binder as linkToDeath cannot be implemented. serviceName: system_update
07-08 23:56:22.927 24610 24610 W service : Thread Pool max thread count is 0. Cannot cache binder as linkToDeath cannot be implemented. serviceName: telecom
07-08 23:56:22.927 24610 24610 W service : Thread Pool max thread count is 0. Cannot cache binder as linkToDeath cannot be implemented. serviceName: telephony.oem.oemrilhook
07-08 23:56:22.928 24610 24610 W service : Thread Pool max thread count is 0. Cannot cache binder as linkToDeath cannot be implemented. serviceName: telephony.registry
07-08 23:56:22.928 24610 24610 W service : Thread Pool max thread count is 0. Cannot cache binder as linkToDeath cannot be implemented. serviceName: telephony_ims
07-08 23:56:22.928 24610 24610 W service : Thread Pool max thread count is 0. Cannot cache binder as linkToDeath cannot be implemented. serviceName: testharness
07-08 23:56:22.929 24610 24610 E Parcel  : Reading a NULL string not supported here.
07-08 23:56:22.929 24610 24610 W service : Thread Pool max thread count is 0. Cannot cache binder as linkToDeath cannot be implemented. serviceName: tethering
07-08 23:56:22.929 24610 24610 W service : Thread Pool max thread count is 0. Cannot cache binder as linkToDeath cannot be implemented. serviceName: textclassification
07-08 23:56:22.930 24610 24610 W service : Thread Pool max thread count is 0. Cannot cache binder as linkToDeath cannot be implemented. serviceName: textservices
07-08 23:56:22.930 24610 24610 W service : Thread Pool max thread count is 0. Cannot cache binder as linkToDeath cannot be implemented. serviceName: texttospeech
07-08 23:56:22.930 24610 24610 W service : Thread Pool max thread count is 0. Cannot cache binder as linkToDeath cannot be implemented. serviceName: thermalservice
07-08 23:56:22.930 24610 24610 W service : Thread Pool max thread count is 0. Cannot cache binder as linkToDeath cannot be implemented. serviceName: time_detector
07-08 23:56:22.931 24610 24610 W service : Thread Pool max thread count is 0. Cannot cache binder as linkToDeath cannot be implemented. serviceName: time_zone_detector
07-08 23:56:22.931 24610 24610 W service : Thread Pool max thread count is 0. Cannot cache binder as linkToDeath cannot be implemented. serviceName: tracing.proxy
07-08 23:56:22.931 24610 24610 W service : Thread Pool max thread count is 0. Cannot cache binder as linkToDeath cannot be implemented. serviceName: translation
07-08 23:56:22.932 24610 24610 W service : Thread Pool max thread count is 0. Cannot cache binder as linkToDeath cannot be implemented. serviceName: transparency
07-08 23:56:22.932 24610 24610 W service : Thread Pool max thread count is 0. Cannot cache binder as linkToDeath cannot be implemented. serviceName: trust
07-08 23:56:22.932 24610 24610 W service : Thread Pool max thread count is 0. Cannot cache binder as linkToDeath cannot be implemented. serviceName: uimode
07-08 23:56:22.933 24610 24610 W service : Thread Pool max thread count is 0. Cannot cache binder as linkToDeath cannot be implemented. serviceName: updatelock
07-08 23:56:22.933 24610 24610 W service : Thread Pool max thread count is 0. Cannot cache binder as linkToDeath cannot be implemented. serviceName: uri_grants
07-08 23:56:22.933 24610 24610 W service : Thread Pool max thread count is 0. Cannot cache binder as linkToDeath cannot be implemented. serviceName: usagestats
07-08 23:56:22.934 24610 24610 W service : Thread Pool max thread count is 0. Cannot cache binder as linkToDeath cannot be implemented. serviceName: usb
07-08 23:56:22.934 24610 24610 W service : Thread Pool max thread count is 0. Cannot cache binder as linkToDeath cannot be implemented. serviceName: user
07-08 23:56:22.934 24610 24610 W service : Thread Pool max thread count is 0. Cannot cache binder as linkToDeath cannot be implemented. serviceName: vcn_management
07-08 23:56:22.936 24610 24610 W service : Thread Pool max thread count is 0. Cannot cache binder as linkToDeath cannot be implemented. serviceName: vendor.google.battery_mitigation.IBatteryMitigation/default
07-08 23:56:22.936 24610 24610 E IPCThreadState: Binder transaction failure. id: 86333686, BR_*: 29201, error: -1 (Operation not permitted)
07-08 23:56:22.937 24610 24610 W service : Thread Pool max thread count is 0. Cannot cache binder as linkToDeath cannot be implemented. serviceName: vendor.google.bluetooth_ext.IBTChannelAvoidance/default
07-08 23:56:22.937 24610 24610 E IPCThreadState: Binder transaction failure. id: 86333690, BR_*: 29201, error: -1 (Operation not permitted)
07-08 23:56:22.938 24610 24610 W service : Thread Pool max thread count is 0. Cannot cache binder as linkToDeath cannot be implemented. serviceName: vendor.google.bluetooth_ext.IBluetoothCcc/default
07-08 23:56:22.938 24610 24610 E IPCThreadState: Binder transaction failure. id: 86333694, BR_*: 29201, error: -1 (Operation not permitted)
07-08 23:56:22.939 24610 24610 W service : Thread Pool max thread count is 0. Cannot cache binder as linkToDeath cannot be implemented. serviceName: vendor.google.bluetooth_ext.IBluetoothEwp/default
07-08 23:56:22.939 24610 24610 E IPCThreadState: Binder transaction failure. id: 86333698, BR_*: 29201, error: -1 (Operation not permitted)
07-08 23:56:22.941 24610 24610 W service : Thread Pool max thread count is 0. Cannot cache binder as linkToDeath cannot be implemented. serviceName: vendor.google.bluetooth_ext.IBluetoothExt/default
07-08 23:56:22.941 24610 24610 E IPCThreadState: Binder transaction failure. id: 86333702, BR_*: 29201, error: -1 (Operation not permitted)
07-08 23:56:22.942 24610 24610 W service : Thread Pool max thread count is 0. Cannot cache binder as linkToDeath cannot be implemented. serviceName: vendor.google.bluetooth_ext.IBluetoothFinder/default
07-08 23:56:22.942 24610 24610 E IPCThreadState: Binder transaction failure. id: 86333706, BR_*: 29201, error: -1 (Operation not permitted)
07-08 23:56:22.943 24610 24610 W service : Thread Pool max thread count is 0. Cannot cache binder as linkToDeath cannot be implemented. serviceName: vendor.google.bluetooth_ext.IBluetoothSar/default
07-08 23:56:22.943 24610 24610 E IPCThreadState: Binder transaction failure. id: 86333710, BR_*: 29201, error: -1 (Operation not permitted)
07-08 23:56:22.944 24610 24610 W service : Thread Pool max thread count is 0. Cannot cache binder as linkToDeath cannot be implemented. serviceName: vendor.google.google_battery.IGoogleBattery/default
07-08 23:56:22.944 24610 24610 E IPCThreadState: Binder transaction failure. id: 86333714, BR_*: 29201, error: -1 (Operation not permitted)
07-08 23:56:22.945 24610 24610 W service : Thread Pool max thread count is 0. Cannot cache binder as linkToDeath cannot be implemented. serviceName: vendor.google.wifi_ext.IWifiExt/default
07-08 23:56:22.945 24610 24610 E IPCThreadState: Binder transaction failure. id: 86333718, BR_*: 29201, error: -1 (Operation not permitted)
07-08 23:56:22.947 24610 24610 W service : Thread Pool max thread count is 0. Cannot cache binder as linkToDeath cannot be implemented. serviceName: vendor.google.wireless_charger.IWirelessCharger/default
07-08 23:56:22.947 24610 24610 E IPCThreadState: Binder transaction failure. id: 86333722, BR_*: 29201, error: -1 (Operation not permitted)
07-08 23:56:22.947 24610 24610 W service : Thread Pool max thread count is 0. Cannot cache binder as linkToDeath cannot be implemented. serviceName: vibrator_manager
07-08 23:56:22.947 24610 24610 W service : Thread Pool max thread count is 0. Cannot cache binder as linkToDeath cannot be implemented. serviceName: virtualdevice
07-08 23:56:22.948 24610 24610 W service : Thread Pool max thread count is 0. Cannot cache binder as linkToDeath cannot be implemented. serviceName: virtualdevice_native
07-08 23:56:22.948 24610 24610 W service : Thread Pool max thread count is 0. Cannot cache binder as linkToDeath cannot be implemented. serviceName: voiceinteraction
07-08 23:56:22.949 24610 24610 W service : Thread Pool max thread count is 0. Cannot cache binder as linkToDeath cannot be implemented. serviceName: vpn_management
07-08 23:56:22.950 24610 24610 W service : Thread Pool max thread count is 0. Cannot cache binder as linkToDeath cannot be implemented. serviceName: wallpaper
07-08 23:56:22.950 24610 24610 W service : Thread Pool max thread count is 0. Cannot cache binder as linkToDeath cannot be implemented. serviceName: wallpaper_effects_generation
07-08 23:56:22.951 24610 24610 W service : Thread Pool max thread count is 0. Cannot cache binder as linkToDeath cannot be implemented. serviceName: wearable_sensing
07-08 23:56:22.951 24610 24610 W service : Thread Pool max thread count is 0. Cannot cache binder as linkToDeath cannot be implemented. serviceName: webviewupdate
07-08 23:56:22.952 24610 24610 W service : Thread Pool max thread count is 0. Cannot cache binder as linkToDeath cannot be implemented. serviceName: wifi
07-08 23:56:22.952 24610 24610 W service : Thread Pool max thread count is 0. Cannot cache binder as linkToDeath cannot be implemented. serviceName: wifiaware
07-08 23:56:22.953 24610 24610 W service : Thread Pool max thread count is 0. Cannot cache binder as linkToDeath cannot be implemented. serviceName: wifinl80211
07-08 23:56:22.953 24610 24610 E IPCThreadState: Binder transaction failure. id: 86333783, BR_*: 29201, error: -1 (Operation not permitted)
07-08 23:56:22.953 24610 24610 W service : Thread Pool max thread count is 0. Cannot cache binder as linkToDeath cannot be implemented. serviceName: wifip2p
07-08 23:56:22.953 24610 24610 W service : Thread Pool max thread count is 0. Cannot cache binder as linkToDeath cannot be implemented. serviceName: wifirtt
07-08 23:56:22.954 24610 24610 W service : Thread Pool max thread count is 0. Cannot cache binder as linkToDeath cannot be implemented. serviceName: wifiscanner
07-08 23:56:22.954 24610 24610 W service : Thread Pool max thread count is 0. Cannot cache binder as linkToDeath cannot be implemented. serviceName: window
07-08 23:56:23.004  1204  5274 W ActivityTaskManager: callingPackage for (uid=2000, pid=24614) has no WPC
07-08 23:56:23.006  1204  5274 V GrammaticalInflectionUtils: AttributionSource: android.content.AttributionSource@88b45c39 does not have READ_SYSTEM_GRAMMATICAL_GENDER permission.
07-08 23:56:23.007  1204  5274 W OptProp : Cannot read opt property android.window.PROPERTY_COMPAT_ALLOW_RESIZEABLE_ACTIVITY_OVERRIDES
07-08 23:56:23.007  1204  5274 W OptProp : Cannot read opt property android.window.PROPERTY_COMPAT_ALLOW_MIN_ASPECT_RATIO_OVERRIDE
07-08 23:56:23.011   572   800 D DisplayModeController: setDesiredMode 4619827677550801152 {mode={fps=90.00 Hz, modePtr={id=1, vsyncRate=90.00 Hz, peakRefreshRate=90.00 Hz}}, emitEvent=true, force=false}
07-08 23:56:23.013  1204  5274 W OptProp : Cannot read opt property android.window.PROPERTY_COMPAT_ALLOW_ORIENTATION_OVERRIDE
07-08 23:56:23.014   572   628 I BpBinder: onLastStrongRef automatically unlinking death recipients: 
07-08 23:56:23.016  1204  5274 I ActivityTaskManager: START u0 {act=android.intent.action.MAIN cat=[android.intent.category.LAUNCHER] flg=0x10000000 cmp=com.example.myapplication/.MainActivity} with LAUNCH_MULTIPLE from uid 2000 (BAL_ALLOW_PERMISSION) result code=0
07-08 23:56:23.017  1970  1990 V WindowManagerShell: Transition requested (#831): android.os.BinderProxy@bd3c5f TransitionRequestInfo { type = OPEN, triggerTask = TaskInfo{userId=0 taskId=11145 effectiveUid=10528 displayId=0 isRunning=true baseIntent=Intent { act=android.intent.action.MAIN cat=[android.intent.category.LAUNCHER] flg=0x10000000 cmp=com.example.myapplication/.MainActivity } baseActivity=ComponentInfo{com.example.myapplication/com.example.myapplication.MainActivity} topActivity=ComponentInfo{com.example.myapplication/com.example.myapplication.MainActivity} origActivity=null realActivity=ComponentInfo{com.example.myapplication/com.example.myapplication.MainActivity} numActivities=1 lastActiveTime=114253914 supportsMultiWindow=true resizeMode=1 isResizeable=true minWidth=-1 minHeight=-1 defaultMinSize=220 token=WCT{android.window.IWindowContainerToken$Stub$Proxy@971d6ac} topActivityType=1 pictureInPictureParams=null shouldDockBigOverlays=false launchIntoPipHostTaskId=-1 lastParentTaskIdBeforePip=-1 displayCutoutSafeInsets=Rect(0, 128 - 0, 0) topActivityInfo=ActivityInfo{9e8ff75 com.example.myapplication.MainActivity} launchCookies=[] positionInParent=Point(0, 0) parentTaskId=-1 isFocused=false isVisible=false isVisibleRequested=false isTopActivityNoDisplay=false isSleeping=false locusId=null displayAreaFeatureId=1 isTopActivityTransparent=false isActivityStackTransparent=false lastNonFullscreenBounds=Rect(276, 692 - 804, 1772) capturedLink=null capturedLinkTimestamp=0 requestedVisibleTypes=-9 topActivityRequestOpenInBrowserEducationTimestamp=0 appCompatTaskInfo=AppCompatTaskInfo { topActivityInSizeCompat=false eligibleForLetterboxEducation= false isLetterboxEducationEnabled= false isLetterboxDoubleTapEnabled= false eligibleForUserAspectRatioButton= false topActivityBoundsLetterboxed= false isFromLetterboxDoubleTap= false topActivityLetterboxVerticalPosition= -1 topActivityLetterboxHorizontalPosition= -1 topActivityLetterboxWidth=-1 topActivityLetterboxHeight=-1 topActivityLetterboxAppWidth=-1 topActivityLetterboxAppHeight=-1 isUserFullscreenOverrideEnabled=false isSystemFullscreenOverrideEnabled=false hasMinAspectRatioOverride=false topActivityLetterboxBounds=null cameraCompatTaskInfo=CameraCompatTaskInfo { freeformCameraCompatMode=inactive}} topActivityMainWindowFrame=null}, pipChange = null, remoteTransition = null, displayChange = null, flags = 0, debugId = 831 }
07-08 23:56:23.017  1970  1990 D ShellSplitScreen: logExit: no-op, mLoggerSessionId is null
07-08 23:56:23.018  1204  1796 I AppsFilter: interaction: PackageSetting{e218ad7 com.google.android.microdroid.empty_payload/10424} -> PackageSetting{d92f705 com.example.myapplication/10528} BLOCKED
07-08 23:56:23.021   572   572 I BpBinder: onLastStrongRef automatically unlinking death recipients: 
07-08 23:56:23.021   574   623 D hwc-display: setActiveConfigWithConstraints:: PrimaryDisplay config(37) test(0)
07-08 23:56:23.021   574   623 I hwc-display: [PrimaryDisplay] setActiveConfigWithConstraints: config(37)
07-08 23:56:23.023  1204  1408 V GrammaticalInflectionUtils: AttributionSource: android.content.AttributionSource@88b45c39 does not have READ_SYSTEM_GRAMMATICAL_GENDER permission.
07-08 23:56:23.023  1204  2152 D CoreBackPreview: Window{3abd514 u0 Splash Screen com.example.myapplication}: Setting back callback OnBackInvokedCallbackInfo{mCallback=android.window.IOnBackInvokedCallback$Stub$Proxy@ac07f03, mPriority=0, mIsAnimationCallback=false, mOverrideBehavior=0}
07-08 23:56:23.024  1204  1937 D BackgroundInstallControlService: Package event received: 0
07-08 23:56:23.026  4902 27378 D ForegroundUtils: Foreground UID status:
07-08 23:56:23.026  4902 27378 D ForegroundUtils: UID: 1002 is in foreground: true
07-08 23:56:23.026  4902 27378 D ForegroundUtils: UID: 10072 is in foreground: false
07-08 23:56:23.026  4902 27378 D ForegroundUtils: UID: 10106 is in foreground: true
07-08 23:56:23.026  4902 27378 D ForegroundUtils: UID: 10109 is in foreground: false
07-08 23:56:23.026  4902 27378 D ForegroundUtils: UID: 10116 is in foreground: false
07-08 23:56:23.026  4902 27378 D ForegroundUtils: UID: 10122 is in foreground: false
07-08 23:56:23.026  4902 27378 D ForegroundUtils: UID: 10164 is in foreground: false
07-08 23:56:23.026  4902 27378 D ForegroundUtils: UID: 10201 is in foreground: true
07-08 23:56:23.026  4902 27378 D ForegroundUtils: UID: 10204 is in foreground: true
07-08 23:56:23.026  4902 27378 D ForegroundUtils: UID: 10216 is in foreground: true
07-08 23:56:23.026  4902 27378 D ForegroundUtils: UID: 10219 is in foreground: false
07-08 23:56:23.026  4902 27378 D ForegroundUtils: UID: 10221 is in foreground: false
07-08 23:56:23.026  4902 27378 D ForegroundUtils: UID: 10312 is in foreground: false
07-08 23:56:23.026  4902 27378 D ForegroundUtils: UID: 10364 is in foreground: false
07-08 23:56:23.026  4902 27378 D ForegroundUtils: UID: 10400 is in foreground: false
07-08 23:56:23.026  4902 27378 D ForegroundUtils: UID: 10485 is in foreground: false
07-08 23:56:23.026  4902 27378 D ForegroundUtils: UID: 10522 is in foreground: false
07-08 23:56:23.026  4902 27378 D ForegroundUtils: UID: 10526 is in foreground: false
07-08 23:56:23.029  1970 26504 V WindowManagerShell: onTransitionReady(transaction=5171140688571)
07-08 23:56:23.029  1970  1990 V WindowManagerShell: onTransitionReady (#831) android.os.BinderProxy@bd3c5f: {id=831 t=OPEN f=0x0 trk=0 r=[0@Point(0, 0)] c=[
07-08 23:56:23.029  1970  1990 V WindowManagerShell:         {m=OPEN f=NONE leash=Surface(name=Task=11145)/@0x3ee42dc sb=Rect(0, 0 - 1080, 2400) eb=Rect(0, 0 - 1080, 2400) epz=Point(1080, 2400) d=0 taskParent=-1},
07-08 23:56:23.029  1970  1990 V WindowManagerShell:         {m=TO_BACK f=SHOW_WALLPAPER leash=Surface(name=Task=10982)/@0x6f9afe5 sb=Rect(0, 0 - 1080, 2400) eb=Rect(0, 0 - 1080, 2400) epz=Point(1080, 2400) d=0 taskParent=-1}
07-08 23:56:23.029  1970  1990 V WindowManagerShell:     ]}
07-08 23:56:23.029  1970  1990 V WindowManagerShell: Playing animation for (#831) android.os.BinderProxy@bd3c5f@0
07-08 23:56:23.029  1970  1990 V ShellRecents: RecentsTransitionHandler.startAnimation: no controller found
07-08 23:56:23.029  1970  1990 V WindowManagerShell: Transition doesn't have explicit remote, search filters for match for {id=831 t=OPEN f=0x0 trk=0 r=[0@Point(0, 0)] c=[{m=OPEN f=NONE leash=Surface(name=Task=11145)/@0x3ee42dc sb=Rect(0, 0 - 1080, 2400) eb=Rect(0, 0 - 1080, 2400) epz=Point(1080, 2400) d=0 taskParent=-1},{m=TO_BACK f=SHOW_WALLPAPER leash=Surface(name=Task=10982)/@0x6f9afe5 sb=Rect(0, 0 - 1080, 2400) eb=Rect(0, 0 - 1080, 2400) epz=Point(1080, 2400) d=0 taskParent=-1}]}
07-08 23:56:23.029  1970  1990 V WindowManagerShell:  Delegate animation for (#831) to null
07-08 23:56:23.029  1970  1990 V WindowManagerShell: start default transition animation, info = {id=831 t=OPEN f=0x0 trk=0 r=[0@Point(0, 0)] c=[{m=OPEN f=NONE leash=Surface(name=Task=11145)/@0x3ee42dc sb=Rect(0, 0 - 1080, 2400) eb=Rect(0, 0 - 1080, 2400) epz=Point(1080, 2400) d=0 taskParent=-1},{m=TO_BACK f=SHOW_WALLPAPER leash=Surface(name=Task=10982)/@0x6f9afe5 sb=Rect(0, 0 - 1080, 2400) eb=Rect(0, 0 - 1080, 2400) epz=Point(1080, 2400) d=0 taskParent=-1}]}
07-08 23:56:23.031  1970  1990 V WindowManagerShell: loadAnimation: anim=android.view.animation.AnimationSet@58ab0c8 animAttr=0x13 type=OPEN isEntrance=false
07-08 23:56:23.031  1970  1990 V WindowManagerShell: loadAnimation: anim=android.view.animation.AnimationSet@6fe1174 animAttr=0x12 type=OPEN isEntrance=true
07-08 23:56:23.031  1970  1990 V WindowManagerShell:  animated by com.android.wm.shell.transition.DefaultTransitionHandler@c10df19
07-08 23:56:23.032   848   848 D Zygote  : Forked child process 24618
07-08 23:56:23.032  1204  2152 W UserManagerService: Requested status bar icon for non-badged user 0
07-08 23:56:23.032  1204  1403 V WindowManager: Sent Transition (#831) createdAt=07-08 23:56:23.007 via request=TransitionRequestInfo { type = OPEN, triggerTask = TaskInfo{userId=0 taskId=11145 effectiveUid=10528 displayId=0 isRunning=true baseIntent=Intent { act=android.intent.action.MAIN cat=[android.intent.category.LAUNCHER] flg=0x10000000 cmp=com.example.myapplication/.MainActivity } baseActivity=ComponentInfo{com.example.myapplication/com.example.myapplication.MainActivity} topActivity=ComponentInfo{com.example.myapplication/com.example.myapplication.MainActivity} origActivity=null realActivity=ComponentInfo{com.example.myapplication/com.example.myapplication.MainActivity} numActivities=1 lastActiveTime=114253914 supportsMultiWindow=true resizeMode=1 isResizeable=true minWidth=-1 minHeight=-1 defaultMinSize=220 token=WCT{RemoteToken{ea7d42d Task{f24104e #11145 type=standard A=10528:com.example.myapplication}}} topActivityType=1 pictureInPictureParams=null shouldDockBigOverlays=false launchIntoPipHostTaskId=-1 lastParentTaskIdBeforePip=-1 displayCutoutSafeInsets=Rect(0, 128 - 0, 0) topActivityInfo=ActivityInfo{7e93d62 com.example.myapplication.MainActivity} launchCookies=[] positionInParent=Point(0, 0) parentTaskId=-1 isFocused=false isVisible=false isVisibleRequested=false isTopActivityNoDisplay=false isSleeping=false locusId=null displayAreaFeatureId=1 isTopActivityTransparent=false isActivityStackTransparent=false lastNonFullscreenBounds=Rect(276, 692 - 804, 1772) capturedLink=null capturedLinkTimestamp=0 requestedVisibleTypes=-9 topActivityRequestOpenInBrowserEducationTimestamp=0 appCompatTaskInfo=AppCompatTaskInfo { topActivityInSizeCompat=false eligibleForLetterboxEducation= false isLetterboxEducationEnabled= false isLetterboxDoubleTapEnabled= false eligibleForUserAspectRatioButton= false topActivityBoundsLetterboxed= false isFromLetterboxDoubleTap= false topActivityLetterboxVerticalPosition= -1 topActivityLetterboxHorizontalPosition= -1 topActivityLetterboxWidth=-1 topActivityLetterboxHeight=-1 topActivityLetterboxAppWidth=-1 topActivityLetterboxAppHeight=-1 isUserFullscreenOverrideEnabled=false isSystemFullscreenOverrideEnabled=false hasMinAspectRatioOverride=false topActivityLetterboxBounds=null cameraCompatTaskInfo=CameraCompatTaskInfo { freeformCameraCompatMode=inactive}} topActivityMainWindowFrame=null}, pipChange = null, remoteTransition = null, displayChange = null, flags = 0, debugId = 831 }
07-08 23:56:23.032  1204  1403 V WindowManager:     startWCT=WindowContainerTransaction { changes= {} hops= [] errorCallbackToken=null taskFragmentOrganizer=null }
07-08 23:56:23.032  1204  1403 V WindowManager:     info={id=831 t=OPEN f=0x0 trk=0 r=[0@Point(0, 0)] c=[
07-08 23:56:23.032  1204  1403 V WindowManager:         {WCT{RemoteToken{ea7d42d Task{f24104e #11145 type=standard A=10528:com.example.myapplication}}} m=OPEN f=NONE leash=Surface(name=Task=11145)/@0x128cb7b sb=Rect(0, 0 - 1080, 2400) eb=Rect(0, 0 - 1080, 2400) epz=Point(1080, 2400) d=0 taskParent=-1},
07-08 23:56:23.032  1204  1403 V WindowManager:         {WCT{RemoteToken{e00b032 Task{d19c5d3 #10982 type=recents I=com.google.android.apps.nexuslauncher/com.android.quickstep.RecentsActivity}}} m=TO_BACK f=SHOW_WALLPAPER leash=Surface(name=Task=10982)/@0x69685c9 sb=Rect(0, 0 - 1080, 2400) eb=Rect(0, 0 - 1080, 2400) epz=Point(1080, 2400) d=0 taskParent=-1}
07-08 23:56:23.032  1204  1403 V WindowManager:     ]}
07-08 23:56:23.033  1204  1469 I ActivityManager: Start proc 24618:com.example.myapplication/u0a528 for next-top-activity {com.example.myapplication/com.example.myapplication.MainActivity}
07-08 23:56:23.039 24618 24618 I e.myapplication: Late-enabling -Xcheck:jni
07-08 23:56:23.057 24618 24618 I e.myapplication: Using CollectorTypeCMC GC.
07-08 23:56:23.059  1359  1383 I adbd    : jdwp connection from 24618
07-08 23:56:23.062 24618 24618 D nativeloader: Load libframework-connectivity-tiramisu-jni.so using APEX ns com_android_tethering for caller /apex/com.android.tethering/javalib/framework-connectivity-t.jar: ok
07-08 23:56:23.068  1204  1937 D BackgroundInstallControlService: Package event received: 0
07-08 23:56:23.069  4902 27378 D ForegroundUtils: Foreground UID status:
07-08 23:56:23.069  1204  1815 W JobScheduler.JobStatus: Exempted app com.uvnv.mintsim considered buggy
07-08 23:56:23.069  1204  1815 W JobScheduler.JobStatus: Exempted app com.uvnv.mintsim considered buggy
07-08 23:56:23.069  1204  1815 W JobScheduler.JobStatus: Exempted app com.uvnv.mintsim considered buggy
07-08 23:56:23.069  1204  1815 W JobScheduler.JobStatus: Exempted app com.uvnv.mintsim considered buggy
07-08 23:56:23.069  1204  1815 W JobScheduler.JobStatus: Exempted app com.uvnv.mintsim considered buggy
07-08 23:56:23.069  1204  1815 W JobScheduler.JobStatus: Exempted app com.uvnv.mintsim considered buggy
07-08 23:56:23.069  4902 27378 D ForegroundUtils: UID: 1002 is in foreground: true
07-08 23:56:23.069  4902 27378 D ForegroundUtils: UID: 10072 is in foreground: false
07-08 23:56:23.069  4902 27378 D ForegroundUtils: UID: 10106 is in foreground: true
07-08 23:56:23.069  4902 27378 D ForegroundUtils: UID: 10109 is in foreground: false
07-08 23:56:23.069  4902 27378 D ForegroundUtils: UID: 10116 is in foreground: false
07-08 23:56:23.069  4902 27378 D ForegroundUtils: UID: 10122 is in foreground: false
07-08 23:56:23.069  4902 27378 D ForegroundUtils: UID: 10164 is in foreground: false
07-08 23:56:23.069  4902 27378 D ForegroundUtils: UID: 10201 is in foreground: true
07-08 23:56:23.069  4902 27378 D ForegroundUtils: UID: 10204 is in foreground: true
07-08 23:56:23.069  4902 27378 D ForegroundUtils: UID: 10216 is in foreground: true
07-08 23:56:23.069  4902 27378 D ForegroundUtils: UID: 10219 is in foreground: false
07-08 23:56:23.069  4902 27378 D ForegroundUtils: UID: 10221 is in foreground: false
07-08 23:56:23.069  4902 27378 D ForegroundUtils: UID: 10312 is in foreground: false
07-08 23:56:23.070  4902 27378 D ForegroundUtils: UID: 10364 is in foreground: false
07-08 23:56:23.070  4902 27378 D ForegroundUtils: UID: 10400 is in foreground: false
07-08 23:56:23.070  4902 27378 D ForegroundUtils: UID: 10485 is in foreground: false
07-08 23:56:23.070  4902 27378 D ForegroundUtils: UID: 10522 is in foreground: false
07-08 23:56:23.070  4902 27378 D ForegroundUtils: UID: 10526 is in foreground: false
07-08 23:56:23.070  4902 27378 D ForegroundUtils: UID: 10528 is in foreground: true
07-08 23:56:23.070  1204  1815 W JobScheduler.JobStatus: Exempted app com.uvnv.mintsim considered buggy
07-08 23:56:23.070  1204  1815 W JobScheduler.JobStatus: Exempted app com.uvnv.mintsim considered buggy
07-08 23:56:23.070  1204  1815 W JobScheduler.JobStatus: Exempted app com.uvnv.mintsim considered buggy
07-08 23:56:23.070  1204  1815 W JobScheduler.JobStatus: Exempted app com.uvnv.mintsim considered buggy
07-08 23:56:23.070  1204  1815 W JobScheduler.JobStatus: Exempted app com.uvnv.mintsim considered buggy
07-08 23:56:23.070  1204  1815 W JobScheduler.JobStatus: Exempted app com.uvnv.mintsim considered buggy
07-08 23:56:23.070  1204  1815 W JobScheduler.JobStatus: Exempted app com.uvnv.mintsim considered buggy
07-08 23:56:23.070  1204  1815 W JobScheduler.JobStatus: Exempted app com.uvnv.mintsim considered buggy
07-08 23:56:23.070  1204  1815 W JobScheduler.JobStatus: Exempted app com.uvnv.mintsim considered buggy
07-08 23:56:23.070  1204  1815 W JobScheduler.JobStatus: Exempted app com.uvnv.mintsim considered buggy
07-08 23:56:23.070  1204  1815 W JobScheduler.JobStatus: Exempted app com.uvnv.mintsim considered buggy
07-08 23:56:23.070  1204  1815 W JobScheduler.JobStatus: Exempted app com.uvnv.mintsim considered buggy
07-08 23:56:23.070  1204  1815 W JobScheduler.JobStatus: Exempted app com.uvnv.mintsim considered buggy
07-08 23:56:23.070  1204  1815 W JobScheduler.JobStatus: Exempted app com.uvnv.mintsim considered buggy
07-08 23:56:23.072 24618 24618 D nativeloader: Load /data/user/0/com.example.myapplication/code_cache/startup_agents/9758b833-agent.so using system ns (caller=<unknown>): ok
07-08 23:56:23.072 24618 24618 V studio.deploy: Startup agent attached to VM
07-08 23:56:23.072 24618 24618 V studio.deploy: No existing instrumentation found. Loading instrumentation from instruments-07dd17c6.jar
07-08 23:56:23.076 24618 24618 W e.myapplication: hiddenapi: DexFile /data/data/com.example.myapplication/code_cache/.studio/instruments-07dd17c6.jar is in boot class path but is not in a known location
07-08 23:56:23.077 24618 24618 V studio.deploy: Applying transforms with cached classes
07-08 23:56:23.157 24618 24618 W e.myapplication: Redefining intrinsic method java.lang.Thread java.lang.Thread.currentThread(). This may cause the unexpected use of the original definition of java.lang.Thread java.lang.Thread.currentThread()in methods that have already been compiled.
07-08 23:56:23.158 24618 24618 W e.myapplication: Redefining intrinsic method boolean java.lang.Thread.interrupted(). This may cause the unexpected use of the original definition of boolean java.lang.Thread.interrupted()in methods that have already been compiled.
07-08 23:56:23.159 24618 24618 I studio.deploy: Registering DispatchJNI
07-08 23:56:23.159 24618 24618 I studio.deploy: Found com/android/tools/deploy/interpreter/JNI
07-08 23:56:23.161 24618 24618 D CompatChangeReporter: Compat change id reported: 242716250; UID 10528; state: ENABLED
07-08 23:56:23.307 24618 24618 D nativeloader: Configuring clns-7 for other apk /data/app/~~goFXdUaXaBB91wHPYX1tqA==/com.example.myapplication-0DW70GvP2PNUKx6gLuhOlw==/base.apk. target_sdk_version=34, uses_libraries=, library_path=/data/app/~~goFXdUaXaBB91wHPYX1tqA==/com.example.myapplication-0DW70GvP2PNUKx6gLuhOlw==/lib/arm64, permitted_path=/data:/mnt/expand:/data/user/0/com.example.myapplication
07-08 23:56:23.309 24618 24618 I e.myapplication: AssetManager2(0xb40000749d81af38) locale list changing from [] to [en-US]
07-08 23:56:23.310 24618 24618 I e.myapplication: AssetManager2(0xb40000749d818cd8) locale list changing from [] to [en-US]
07-08 23:56:23.312 24618 24618 V GraphicsEnvironment: Currently set values for:
07-08 23:56:23.312 24618 24618 V GraphicsEnvironment:   angle_gl_driver_selection_pkgs=[com.android.angle, com.linecorp.b612.android, com.campmobile.snow, com.google.android.apps.tachyon]
07-08 23:56:23.312 24618 24618 V GraphicsEnvironment:   angle_gl_driver_selection_values=[angle, native, native, native]
