07-09 03:17:19.600  1970  1990 V WindowManagerShell:         {m=TO_FRONT f=FILLS_TASK leash=Surface(name=ActivityRecord{54517656 u0 com.example.myapplication/.MainActivity)/@0x5ad014e sb=Rect(0, 0 - 1080, 2400) eb=Rect(0, 0 - 1080, 2400) epz=Point(1080, 2400) d=0 bc=ff181c22 component=com.example.myapplication/.MainActivity opt={t=FROM_STYLE mUserId=0}}
07-09 03:17:19.600  1970  1990 V WindowManagerShell:     ]}
07-09 03:17:19.600  1970  1990 V WindowManagerShell: Playing animation for (#1116) android.os.BinderProxy@bc37813@0
07-09 03:17:19.600  1970  1990 V ShellRecents: RecentsTransitionHandler.startAnimation: no controller found
07-09 03:17:19.601  1970  1990 V WindowManagerShell: Transition doesn't have explicit remote, search filters for match for {id=1116 t=CLOSE f=0x0 trk=0 r=[0@Point(0, 0)] c=[{m=CLOSE f=FILLS_TASK leash=Surface(name=ActivityRecord{232914022 u0 com.android.settings/.spa.SpaActivity)/@0x2821a50 sb=Rect(0, 0 - 1080, 2400) eb=Rect(0, 0 - 1080, 2400) epz=Point(1080, 2400) d=0 bc=ff181c22 component=com.android.settings/.spa.SpaActivity opt={t=FROM_STYLE mUserId=0}},{m=TO_FRONT f=TRANSLUCENT|FILLS_TASK leash=Surface(name=ActivityRecord{80485027 u0 com.android.settings/.fuelgauge.RequestIgnoreBatteryOptimizations)/@0xf49c449 sb=Rect(0, 0 - 1080, 2400) eb=Rect(0, 0 - 1080, 2400) epz=Point(1080, 2400) d=0 bc=ff181c22 component=com.android.settings/.fuelgauge.RequestIgnoreBatteryOptimizations opt={t=FROM_STYLE mUserId=0}},{m=TO_FRONT f=FILLS_TASK leash=Surface(name=ActivityRecord{54517656 u0 com.example.myapplication/.MainActivity)/@0x5ad014e sb=Rect(0, 0 - 1080, 2400) eb=Rect(0, 0 - 1080, 2400) epz=Point(1080, 2400) d=0 bc=ff181c22 component=com.example.myapplication/.MainActivity opt={t=FROM_STYLE mUserId=0}}]}
07-09 03:17:19.601  1970  1990 V WindowManagerShell:  Delegate animation for (#1116) to null
07-09 03:17:19.601  1970  1990 V WindowManagerShell: start default transition animation, info = {id=1116 t=CLOSE f=0x0 trk=0 r=[0@Point(0, 0)] c=[{m=CLOSE f=FILLS_TASK leash=Surface(name=ActivityRecord{232914022 u0 com.android.settings/.spa.SpaActivity)/@0x2821a50 sb=Rect(0, 0 - 1080, 2400) eb=Rect(0, 0 - 1080, 2400) epz=Point(1080, 2400) d=0 bc=ff181c22 component=com.android.settings/.spa.SpaActivity opt={t=FROM_STYLE mUserId=0}},{m=TO_FRONT f=TRANSLUCENT|FILLS_TASK leash=Surface(name=ActivityRecord{80485027 u0 com.android.settings/.fuelgauge.RequestIgnoreBatteryOptimizations)/@0xf49c449 sb=Rect(0, 0 - 1080, 2400) eb=Rect(0, 0 - 1080, 2400) epz=Point(1080, 2400) d=0 bc=ff181c22 component=com.android.settings/.fuelgauge.RequestIgnoreBatteryOptimizations opt={t=FROM_STYLE mUserId=0}},{m=TO_FRONT f=FILLS_TASK leash=Surface(name=ActivityRecord{54517656 u0 com.example.myapplication/.MainActivity)/@0x5ad014e sb=Rect(0, 0 - 1080, 2400) eb=Rect(0, 0 - 1080, 2400) epz=Point(1080, 2400) d=0 bc=ff181c22 component=com.example.myapplication/.MainActivity opt={t=FROM_STYLE mUserId=0}}]}
07-09 03:17:19.601  1204  6073 W UserManagerService: Requested status bar icon for non-badged user 0
07-09 03:17:19.602  1970  1990 V WindowManagerShell: loadAnimation: anim=android.view.animation.AnimationSet@c4fd68b animAttr=0x6 type=CLOSE isEntrance=true
07-09 03:17:19.602  1970  1990 V WindowManagerShell: loadAnimation: anim=android.view.animation.AnimationSet@bdee368 animAttr=0x6 type=CLOSE isEntrance=true
07-09 03:17:19.602  1970  1990 V WindowManagerShell: loadAnimation: anim=android.view.animation.AnimationSet@ee3ec26 animAttr=0x7 type=CLOSE isEntrance=false
07-09 03:17:19.606  1204  1403 I ActivityTaskManager: Displayed com.android.settings/.fuelgauge.RequestIgnoreBatteryOptimizations for user 0: +180ms
07-09 03:17:19.606  1204  1403 V WindowManager: Sent Transition (#1116) createdAt=07-09 03:17:19.473 via request=TransitionRequestInfo { type = CLOSE, triggerTask = null, pipChange = null, remoteTransition = null, displayChange = null, flags = 0, debugId = 1116 }
07-09 03:17:19.606  1204  1403 V WindowManager:     startWCT=WindowContainerTransaction { changes= {} hops= [] errorCallbackToken=null taskFragmentOrganizer=null }
07-09 03:17:19.606  1204  1403 V WindowManager:     info={id=1116 t=CLOSE f=0x0 trk=0 r=[0@Point(0, 0)] c=[
07-09 03:17:19.606  1204  1403 V WindowManager:         {m=CLOSE f=FILLS_TASK leash=Surface(name=ActivityRecord{232914022 u0 com.android.settings/.spa.SpaActivity)/@0xec39616 sb=Rect(0, 0 - 1080, 2400) eb=Rect(0, 0 - 1080, 2400) epz=Point(1080, 2400) d=0 bc=ff181c22 component=com.android.settings/.spa.SpaActivity opt={t=FROM_STYLE mUserId=0}},
07-09 03:17:19.606  1204  1403 V WindowManager:         {m=TO_FRONT f=TRANSLUCENT|FILLS_TASK leash=Surface(name=ActivityRecord{80485027 u0 com.android.settings/.fuelgauge.RequestIgnoreBatteryOptimizations)/@0x9f2c2be sb=Rect(0, 0 - 1080, 2400) eb=Rect(0, 0 - 1080, 2400) epz=Point(1080, 2400) d=0 bc=ff181c22 component=com.android.settings/.fuelgauge.RequestIgnoreBatteryOptimizations opt={t=FROM_STYLE mUserId=0}},
07-09 03:17:19.606  1204  1403 V WindowManager:         {m=TO_FRONT f=FILLS_TASK leash=Surface(name=ActivityRecord{54517656 u0 com.example.myapplication/.MainActivity)/@0x44e0f31 sb=Rect(0, 0 - 1080, 2400) eb=Rect(0, 0 - 1080, 2400) epz=Point(1080, 2400) d=0 bc=ff181c22 component=com.example.myapplication/.MainActivity opt={t=FROM_STYLE mUserId=0}}
07-09 03:17:19.606  1204  1403 V WindowManager:     ]}
07-09 03:17:19.651  1970  1990 V WindowManagerShell:  animated by com.android.wm.shell.transition.DefaultTransitionHandler@c10df19
07-09 03:17:20.106  1970  1990 V WindowManagerShell: Transition animation finished (aborted=false), notifying core (#1116) android.os.BinderProxy@bc37813@0
07-09 03:17:20.109  1204  1403 V WindowManager: Finish Transition (#1116): created at 07-09 03:17:19.473 collect-started=0.028ms request-sent=0.057ms started=1.432ms ready=4.191ms sent=125.126ms finished=635.326ms
07-09 03:17:20.110 15329 15329 D VRI[SpaActivity]: visibilityChanged oldVisibility=true newVisibility=false
07-09 03:17:20.110  1970  1990 V WindowManagerShell: Track 0 became idle
07-09 03:17:20.110  1970  1990 V WindowManagerShell: All active transition animations finished
07-09 03:17:20.111  1204  6073 W UserManagerService: Requested status bar icon for non-badged user 0
07-09 03:17:20.112  1204  6073 W UserManagerService: Requested status bar icon for non-badged user 0
07-09 03:17:20.112  1204  6073 W UserManagerService: Requested status bar icon for non-badged user 0
07-09 03:17:20.114  1204  1408 W ProcessStats: Tracking association SourceState{a862fc8 com.uvnv.mintsim/10427 ImpBg #160276} whose proc state 6 is better than process ProcessState{a6c0116 com.google.android.webview:sandboxed_process0:org.chromium.content.app.SandboxedProcessService0:0/10427 pkg=com.uvnv.mintsim} proc state 15 (349 skipped)
07-09 03:17:20.123 15329 15329 D SpaLogMetricsProvider: PAGE_LEAVE page 0
07-09 03:17:20.131 15329 15329 W WindowOnBackDispatcher: sendCancelIfRunning: isInProgress=false callback=android.app.Activity$$ExternalSyntheticLambda0@171fdeb
07-09 03:17:20.131  1204  1825 D ActivityManager: freezing 26700 com.google.android.packageinstaller
07-09 03:17:20.131  1204  5551 D CoreBackPreview: Window{6ac5658 u0 com.android.settings/com.android.settings.spa.SpaActivity}: Setting back callback null
07-09 03:17:20.132 15329 15329 D ViewRootImpl: Skipping stats log for color mode
07-09 03:17:20.134  1204  1886 D InetDiagMessage: Destroyed 0 sockets, proto=IPPROTO_TCP, family=AF_INET, states=14
07-09 03:17:20.135  1204  1886 D InetDiagMessage: Destroyed 0 sockets, proto=IPPROTO_TCP, family=AF_INET6, states=14
07-09 03:17:20.135  1204  1937 D BackgroundInstallControlService: Package event received: 0
07-09 03:17:20.135  1204  1886 D InetDiagMessage: Destroyed live tcp sockets for uids={10072} in 1ms
07-09 03:17:20.534   559 30638 I keystore2: system/security/keystore2/watchdog/src/lib.rs:356 - Watchdog thread idle -> terminating. Have a great day.
07-09 03:17:20.863  1970  1990 V WindowManagerShell: Transition requested (#1117): android.os.BinderProxy@615aad6 TransitionRequestInfo { type = CLOSE, triggerTask = null, pipChange = null, remoteTransition = null, displayChange = null, flags = 0, debugId = 1117 }
07-09 03:17:20.865   572  2561 I BpBinder: onLastStrongRef automatically unlinking death recipients: 
07-09 03:17:20.871  1204  1937 D BackgroundInstallControlService: Package event received: 0
07-09 03:17:20.873  1204  1937 D BackgroundInstallControlService: Package event received: 0
07-09 03:17:20.873  1204  1937 D BackgroundInstallControlService: Package event received: 0
07-09 03:17:20.875  1204  1403 V WindowManager: Sent Transition (#1117) createdAt=07-09 03:17:20.863 via request=TransitionRequestInfo { type = CLOSE, triggerTask = null, pipChange = null, remoteTransition = null, displayChange = null, flags = 0, debugId = 1117 }
07-09 03:17:20.875  1204  1403 V WindowManager:     startWCT=WindowContainerTransaction { changes= {} hops= [] errorCallbackToken=null taskFragmentOrganizer=null }
07-09 03:17:20.876  1970  2168 V WindowManagerShell: onTransitionReady(transaction=5171140704516)
07-09 03:17:20.876  1204  1403 V WindowManager:     info={id=1117 t=CLOSE f=0x0 trk=0 r=[0@Point(0, 0)] c=[
07-09 03:17:20.876  1204  1403 V WindowManager:         {m=CLOSE f=TRANSLUCENT|FILLS_TASK leash=Surface(name=ActivityRecord{80485027 u0 com.android.settings/.fuelgauge.RequestIgnoreBatteryOptimizations)/@0x9f2c2be sb=Rect(0, 0 - 1080, 2400) eb=Rect(0, 0 - 1080, 2400) epz=Point(1080, 2400) d=0 bc=ff1c2027 component=com.android.settings/.fuelgauge.RequestIgnoreBatteryOptimizations opt={t=FROM_STYLE mUserId=0}}
07-09 03:17:20.876  1204  1403 V WindowManager:     ]}
07-09 03:17:20.877  1204  6073 W UserManagerService: Requested status bar icon for non-badged user 0
07-09 03:17:20.877  1970  1990 V WindowManagerShell: onTransitionReady (#1117) android.os.BinderProxy@615aad6: {id=1117 t=CLOSE f=0x0 trk=0 r=[0@Point(0, 0)] c=[
07-09 03:17:20.877  1970  1990 V WindowManagerShell:         {m=CLOSE f=TRANSLUCENT|FILLS_TASK leash=Surface(name=ActivityRecord{80485027 u0 com.android.settings/.fuelgauge.RequestIgnoreBatteryOptimizations)/@0x8cb2157 sb=Rect(0, 0 - 1080, 2400) eb=Rect(0, 0 - 1080, 2400) epz=Point(1080, 2400) d=0 bc=ff1c2027 component=com.android.settings/.fuelgauge.RequestIgnoreBatteryOptimizations opt={t=FROM_STYLE mUserId=0}}
07-09 03:17:20.877  1970  1990 V WindowManagerShell:     ]}
07-09 03:17:20.877  1970  1990 V WindowManagerShell: Playing animation for (#1117) android.os.BinderProxy@615aad6@0
07-09 03:17:20.877  1970  1990 V ShellRecents: RecentsTransitionHandler.startAnimation: no controller found
07-09 03:17:20.878  1970  1990 V WindowManagerShell: Transition doesn't have explicit remote, search filters for match for {id=1117 t=CLOSE f=0x0 trk=0 r=[0@Point(0, 0)] c=[{m=CLOSE f=TRANSLUCENT|FILLS_TASK leash=Surface(name=ActivityRecord{80485027 u0 com.android.settings/.fuelgauge.RequestIgnoreBatteryOptimizations)/@0x8cb2157 sb=Rect(0, 0 - 1080, 2400) eb=Rect(0, 0 - 1080, 2400) epz=Point(1080, 2400) d=0 bc=ff1c2027 component=com.android.settings/.fuelgauge.RequestIgnoreBatteryOptimizations opt={t=FROM_STYLE mUserId=0}}]}
07-09 03:17:20.878  1970  1990 V WindowManagerShell:  Delegate animation for (#1117) to null
07-09 03:17:20.878  1970  1990 V WindowManagerShell: start default transition animation, info = {id=1117 t=CLOSE f=0x0 trk=0 r=[0@Point(0, 0)] c=[{m=CLOSE f=TRANSLUCENT|FILLS_TASK leash=Surface(name=ActivityRecord{80485027 u0 com.android.settings/.fuelgauge.RequestIgnoreBatteryOptimizations)/@0x8cb2157 sb=Rect(0, 0 - 1080, 2400) eb=Rect(0, 0 - 1080, 2400) epz=Point(1080, 2400) d=0 bc=ff1c2027 component=com.android.settings/.fuelgauge.RequestIgnoreBatteryOptimizations opt={t=FROM_STYLE mUserId=0}}]}
07-09 03:17:20.878  1970  1990 V WindowManagerShell: loadAnimation: anim=null animAttr=0x7 type=CLOSE isEntrance=false
07-09 03:17:20.878  1970  1990 V WindowManagerShell: Transition animation finished (aborted=false), notifying core (#1117) android.os.BinderProxy@615aad6@0
07-09 03:17:20.879  1204  1403 V WindowManager: Finish Transition (#1117): created at 07-09 03:17:20.863 collect-started=0.045ms request-sent=0.088ms started=2.199ms ready=10.907ms sent=11.938ms finished=16.237ms
07-09 03:17:20.880 15329 15329 D VRI[RequestIgnoreBatteryOptimizations]: visibilityChanged oldVisibility=true newVisibility=false
07-09 03:17:20.882  1970  1990 V WindowManagerShell: Track 0 became idle
07-09 03:17:20.882  1970  1990 V WindowManagerShell: All active transition animations finished
07-09 03:17:20.882  1970  1990 V WindowManagerShell:  animated by com.android.wm.shell.transition.DefaultTransitionHandler@c10df19
07-09 03:17:20.882  1970  1990 V WindowManagerShell: Track 0 became idle
07-09 03:17:20.882  1970  1990 V WindowManagerShell: All active transition animations finished
07-09 03:17:20.883  1204  5551 W UserManagerService: Requested status bar icon for non-badged user 0
07-09 03:17:20.893 15329 21685 D HWUI    : endAllActiveAnimators on 0xb40000753d81ef00 (RippleDrawable) with handle 0xb40000763d8d6f80
07-09 03:17:20.895  1204  1845 I ImeTracker: com.example.myapplication:35691978: onRequestHide at ORIGIN_SERVER reason HIDE_UNSPECIFIED_WINDOW fromUser false
07-09 03:17:20.896 30694 30694 D InsetsController: hide(ime(), fromIme=false)
07-09 03:17:20.896 30694 30694 I ImeTracker: com.example.myapplication:35691978: onCancelled at PHASE_CLIENT_ALREADY_HIDDEN
07-09 03:17:20.897   957  1025 D audioserver: logFgsApiBegin: FGS Logger Transaction failed, -129
07-09 03:17:20.897  1204  6073 W AS.PlaybackActivityMon: No piid assigned for invalid/internal port id 1277
07-09 03:17:20.899  4984  4984 I GoogleInputMethodService: GoogleInputMethodService.onFinishInput():1984 
07-09 03:17:20.900  4984  4984 I Module  : DeviceLockedStatusModuleProvider$Module.updateDeviceLockedStatus():100 repeatCheckTimes = 0, locked = false
07-09 03:17:20.900  4984  4984 I GoogleInputMethodService: GoogleInputMethodService.onStartInput():1248 onStartInput(EditorInfo{EditorInfo{packageName=com.example.myapplication, inputType=0, inputTypeString=NULL, enableLearning=false, autoCorrection=false, autoComplete=false, imeOptions=0, privateImeOptions=null, actionName=UNSPECIFIED, actionLabel=null, initialSelStart=-1, initialSelEnd=-1, initialCapsMode=0, label=null, fieldId=0, fieldName=null, extras=null, hintText=null, hintLocales=[]}}, false)
07-09 03:17:20.900  4984  4984 I Module  : DeviceLockedStatusModuleProvider$Module.updateDeviceLockedStatus():100 repeatCheckTimes = 1, locked = false
07-09 03:17:20.901  1204  6073 W PackageConfigPersister: App-specific configuration not found for packageName: com.example.myapplication and userId: 0
07-09 03:17:20.906   866  4979 W audio_hw_35l41: cs35l41_amp_common_event: ret: 0, event: 15, state: 3, device: 0
07-09 03:17:20.906   866  4979 D audio_hw_output_stream: update stream 1 active 1 gain 0.005684
07-09 03:17:20.909   866  4583 D audio_hw: prepare low-latency-playback
07-09 03:17:20.909   866  4583 D audio_hw_soundtrigger: st_uc_monitor:uc:low-latency-playback active
07-09 03:17:20.910   866  4583 D audio_hw: low-latency-playback:
07-09 03:17:20.910   866  4583 D audio_hw: rx:
07-09 03:17:20.910   866  4583 D audio_hw:   #0: OUT_SPEAKER_BE_CFG 0
07-09 03:17:20.910   866  4583 I audio_hw_aoc: Mode Ambient is already selected
07-09 03:17:20.914   866  4583 D audio_route: Apply path: low-latency-playbackP
07-09 03:17:20.915   866  4583 D audio_hw_aoc_route: low-latency-playbackP 1
07-09 03:17:20.915  1325  1325 D AOC     : F1:MSG: controller.cc, 273: AudioOutCtrl: cmd ID: 0x010f, tag: 0x92 [cntr = 6325]
07-09 03:17:20.915  1325  1325 D AOC     : F1:Source 1 mastered by sink 0
07-09 03:17:20.915  1325  1325 D AOC     : F1:AT Map:22 (LL:0), 2 EPs active, Power: No, Config: No
07-09 03:17:20.915  1325  1325 D AOC     : F1:Mixer 0 configuration changed: (22)
07-09 03:17:20.915  1325  1325 D AOC     : F1:Sink 0 Configuration changed: ULL (enabled)
07-09 03:17:20.915  1325  1325 D AOC     : F1:F1 Bitmap updated.
07-09 03:17:20.915  1325  1325 D AOC     : F1:MSG: controller.cc, 811: AudioOutCtrl: ipc: audio_output_co, cmd ID: 0x010f, tag: 0x92, rc: 0
07-09 03:17:20.916  1325  1325 D AOC     : H0:Mixer AMixSPKR: 480 samples (0022/0022) (ON)
07-09 03:17:20.916  1325  1325 D AOC     : H0:	 1: 0x403e1ac0
07-09 03:17:20.916  1325  1325 D AOC     : H0:	 5: 0x403e1ee0
07-09 03:17:20.916  1325  1325 D AOC     : F1:MSG: controller.cc, 273: AudioOutCtrl: cmd ID: 0x00ce, tag: 0x93 [cntr = 6326]
07-09 03:17:20.916  1325  1325 D AOC     : F1:MSG: controller.cc, 811: AudioOutCtrl: ipc: audio_output_co, cmd ID: 0x0120, tag: 0x18, rc: 0
07-09 03:17:20.916   866  4583 D audio_hw_waves: waves_usecase_event: low-latency-playback start
07-09 03:17:20.921  1325  1325 D AOC     : F1:MSG: controller.cc, 273: AudioOutCtrl: cmd ID: 0x00c9, tag: 0x94 [cntr = 6327]
07-09 03:17:20.921  1325  1325 D AOC     : F1:MSG: controller.cc, 811: AudioOutCtrl: ipc: audio_output_co, cmd ID: 0x00c9, tag: 0x94, rc: 0
07-09 03:17:20.929 15329 15329 W WindowOnBackDispatcher: sendCancelIfRunning: isInProgress=false callback=android.app.Activity$$ExternalSyntheticLambda0@e698701
07-09 03:17:20.929  1204  6073 D CoreBackPreview: Window{c904eaa u0 com.android.settings/com.android.settings.fuelgauge.RequestIgnoreBatteryOptimizations}: Setting back callback null
07-09 03:17:20.930 15329 15329 D ViewRootImpl: Skipping stats log for color mode
07-09 03:17:20.932  1204  1937 D BackgroundInstallControlService: Package event received: 0
07-09 03:17:20.961  1204  1825 D ActivityManager: freezing 4003 com.google.android.apps.nbu.files
07-09 03:17:20.964  1204  1886 D InetDiagMessage: Destroyed 0 sockets, proto=IPPROTO_TCP, family=AF_INET, states=14
07-09 03:17:20.965  1204  1886 D InetDiagMessage: Destroyed 0 sockets, proto=IPPROTO_TCP, family=AF_INET6, states=14
07-09 03:17:20.966  1204  1886 D InetDiagMessage: Destroyed live tcp sockets for uids={10145} in 3ms
07-09 03:17:21.085   957  1677 D audioserver: logFgsApiEnd: FGS Logger Transaction failed, -129
07-09 03:17:21.086   866  4979 W audio_hw_35l41: cs35l41_amp_common_event: ret: 0, event: 15, state: 3, device: 0
07-09 03:17:21.086   866  4979 D audio_hw_output_stream: update stream 1 active 0 gain 0.000000
07-09 03:17:21.454   882   920 D CHRE    : @ 126307.252: [ActivityPlatform] type 6, confidence 41
07-09 03:17:21.775  1687  1696 I pixel-thermal: VIRTUAL-SKIN-CPU:35.2154 raw data: VIRTUAL-QI-GNSS:34578.8 VIRTUAL-QI-QUIET:34471.5 VIRTUAL-QUIET-BATT:31452.6 VIRTUAL-SKIN:35215.4 VIRTUAL-SKIN-CPU:35215.4 VIRTUAL-USB2-DISP:35215.4 battery:33100 disp_therm:33776 gnss_tcxo_therm:39407 qi_therm:38094 quiet_therm:33264 usb_pwr_therm2:33397 
07-09 03:17:21.778  1687  1696 I pixel-thermal: quiet_therm:33.264 raw data: quiet_therm:33264 
07-09 03:17:21.778  1687  1696 I pixel-thermal: VIRTUAL-SKIN:35.2154 raw data: VIRTUAL-SKIN:35215.4 
07-09 03:17:21.779  1687  1696 I pixel-thermal: VIRTUAL-SKIN-HINT:35.2154 raw data: VIRTUAL-SKIN:35215.4 VIRTUAL-SKIN-HINT:35215.4 
07-09 03:17:21.779  1687  1696 I pixel-thermal: VIRTUAL-SKIN-CHARGE:35.2154 raw data: VIRTUAL-QI-BATT:33698.7 VIRTUAL-QI-GNSS:34578.8 VIRTUAL-QUIET-BATT:31452.6 VIRTUAL-SKIN-CHARGE:35215.4 VIRTUAL-USB2-DISP:35215.4 battery:33100 qi_therm:38094 
07-09 03:17:21.779  1687  1696 I pixel-thermal: VIRTUAL-SKIN-CPU-GPU:35.2154 raw data: VIRTUAL-SKIN:35215.4 VIRTUAL-SKIN-CPU-GPU:35215.4 
07-09 03:17:21.779  1687  1696 I pixel-thermal: cellular-emergency:35.2154 raw data: VIRTUAL-SKIN:35215.4 cellular-emergency:35215.4 
07-09 03:17:21.815  1204  2288 I ActivityManager: Background started FGS: Allowed [callingPackage: com.example.myapplication; callingUid: 10534; uidState: TOP ; uidBFSL: [BFSL]; intent: Intent { cmp=com.example.myapplication/.FloatingOverlayService (has extras) }; code:PROC_STATE_TOP; tempAllowListReason:<,reasonCode:SYSTEM_ALLOW_LISTED,duration:9223372036854775807,callingUid:-1>; targetSdkVersion:34; callerTargetSdkVersion:34; startForegroundCount:0; bindFromPackage:null: isBindService:false]
07-09 03:17:21.815  1204  2288 W ForegroundServiceTypeLoggerModule: Foreground service start for UID: 10534 does not have any types
07-09 03:17:21.816  1204  1937 D BackgroundInstallControlService: Package event received: 0
07-09 03:17:21.828 30694 30694 D AndroidRuntime: Shutting down VM
--------- beginning of crash
07-09 03:17:21.830 30694 30694 E AndroidRuntime: FATAL EXCEPTION: main
07-09 03:17:21.830 30694 30694 E AndroidRuntime: Process: com.example.myapplication, PID: 30694
07-09 03:17:21.830 30694 30694 E AndroidRuntime: java.lang.IllegalStateException: ViewTreeLifecycleOwner not found from androidx.compose.ui.platform.ComposeView{4693fbe V.E...... ......I. 0,0-0,0}
07-09 03:17:21.830 30694 30694 E AndroidRuntime: 	at androidx.compose.ui.platform.WindowRecomposer_androidKt.createLifecycleAwareWindowRecomposer(WindowRecomposer.android.kt:352)
07-09 03:17:21.830 30694 30694 E AndroidRuntime: 	at androidx.compose.ui.platform.WindowRecomposer_androidKt.createLifecycleAwareWindowRecomposer$default(WindowRecomposer.android.kt:325)
07-09 03:17:21.830 30694 30694 E AndroidRuntime: 	at androidx.compose.ui.platform.WindowRecomposerFactory$Companion.LifecycleAware$lambda$0(WindowRecomposer.android.kt:168)
07-09 03:17:21.830 30694 30694 E AndroidRuntime: 	at androidx.compose.ui.platform.WindowRecomposerFactory$Companion.$r8$lambda$FWAPLXs0qWMqekhMr83xkKattCY(Unknown Source:0)
07-09 03:17:21.830 30694 30694 E AndroidRuntime: 	at androidx.compose.ui.platform.WindowRecomposerFactory$Companion$$ExternalSyntheticLambda0.createRecomposer(D8$$SyntheticClass:0)
07-09 03:17:21.830 30694 30694 E AndroidRuntime: 	at androidx.compose.ui.platform.WindowRecomposerPolicy.createAndInstallWindowRecomposer$ui_release(WindowRecomposer.android.kt:224)
07-09 03:17:21.830 30694 30694 E AndroidRuntime: 	at androidx.compose.ui.platform.WindowRecomposer_androidKt.getWindowRecomposer(WindowRecomposer.android.kt:300)
07-09 03:17:21.830 30694 30694 E AndroidRuntime: 	at androidx.compose.ui.platform.AbstractComposeView.resolveParentCompositionContext(ComposeView.android.kt:244)
07-09 03:17:21.830 30694 30694 E AndroidRuntime: 	at androidx.compose.ui.platform.AbstractComposeView.ensureCompositionCreated(ComposeView.android.kt:251)
07-09 03:17:21.830 30694 30694 E AndroidRuntime: 	at androidx.compose.ui.platform.AbstractComposeView.onAttachedToWindow(ComposeView.android.kt:283)
07-09 03:17:21.830 30694 30694 E AndroidRuntime: 	at android.view.View.dispatchAttachedToWindow(View.java:23071)
07-09 03:17:21.830 30694 30694 E AndroidRuntime: 	at android.view.ViewGroup.dispatchAttachedToWindow(ViewGroup.java:3518)
07-09 03:17:21.830 30694 30694 E AndroidRuntime: 	at android.view.ViewRootImpl.performTraversals(ViewRootImpl.java:3547)
07-09 03:17:21.830 30694 30694 E AndroidRuntime: 	at android.view.ViewRootImpl.doTraversal(ViewRootImpl.java:3009)
07-09 03:17:21.830 30694 30694 E AndroidRuntime: 	at android.view.ViewRootImpl$TraversalRunnable.run(ViewRootImpl.java:10514)
07-09 03:17:21.830 30694 30694 E AndroidRuntime: 	at android.view.Choreographer$CallbackRecord.run(Choreographer.java:1566)
07-09 03:17:21.830 30694 30694 E AndroidRuntime: 	at android.view.Choreographer$CallbackRecord.run(Choreographer.java:1575)
07-09 03:17:21.830 30694 30694 E AndroidRuntime: 	at android.view.Choreographer.doCallbacks(Choreographer.java:1175)
07-09 03:17:21.830 30694 30694 E AndroidRuntime: 	at android.view.Choreographer.doFrame(Choreographer.java:1104)
07-09 03:17:21.830 30694 30694 E AndroidRuntime: 	at android.view.Choreographer$FrameDisplayEventReceiver.run(Choreographer.java:1549)
07-09 03:17:21.830 30694 30694 E AndroidRuntime: 	at android.os.Handler.handleCallback(Handler.java:991)
07-09 03:17:21.830 30694 30694 E AndroidRuntime: 	at android.os.Handler.dispatchMessage(Handler.java:102)
07-09 03:17:21.830 30694 30694 E AndroidRuntime: 	at android.os.Looper.loopOnce(Looper.java:232)
07-09 03:17:21.830 30694 30694 E AndroidRuntime: 	at android.os.Looper.loop(Looper.java:317)
07-09 03:17:21.830 30694 30694 E AndroidRuntime: 	at android.app.ActivityThread.main(ActivityThread.java:8934)
07-09 03:17:21.830 30694 30694 E AndroidRuntime: 	at java.lang.reflect.Method.invoke(Native Method)
07-09 03:17:21.830 30694 30694 E AndroidRuntime: 	at com.android.internal.os.RuntimeInit$MethodAndArgsCaller.run(RuntimeInit.java:591)
07-09 03:17:21.830 30694 30694 E AndroidRuntime: 	at com.android.internal.os.ZygoteInit.main(ZygoteInit.java:911)
07-09 03:17:21.833  1204 30925 I DropBoxManagerService: add tag=data_app_crash isTagEnabled=true flags=0x2
07-09 03:17:21.833  1204  2288 W ActivityTaskManager:   Force finishing activity com.example.myapplication/.MainActivity
07-09 03:17:21.833  1970  1990 V WindowManagerShell: Transition requested (#1118): android.os.BinderProxy@2999e62 TransitionRequestInfo { type = CLOSE, triggerTask = null, pipChange = null, remoteTransition = null, displayChange = null, flags = 16, debugId = 1118 }
07-09 03:17:21.834   572   628 I BpBinder: onLastStrongRef automatically unlinking death recipients: 
07-09 03:17:21.835 30694 30694 I Process : Sending signal. PID: 30694 SIG: 9
07-09 03:17:21.836   632   803 W powerhal-libperfmgr: sched_setattr failed for thread 30767, err=3
07-09 03:17:21.836   632   803 W powerhal-libperfmgr: sched_setattr failed for thread 30768, err=3
07-09 03:17:21.836   632   803 W powerhal-libperfmgr: sched_setattr failed for thread 30741, err=3
07-09 03:17:21.849   572   572 I BpBinder: onLastStrongRef automatically unlinking death recipients: 
07-09 03:17:21.863  1204  6073 I WindowManager: WIN DEATH: Window{7edc1cf u0 com.example.myapplication}
07-09 03:17:21.864   632   632 W powerhal-libperfmgr: sched_setattr failed for thread 30767, err=3
07-09 03:17:21.864   632   632 W powerhal-libperfmgr: sched_setattr failed for thread 30768, err=3
07-09 03:17:21.864   632   632 W powerhal-libperfmgr: sched_setattr failed for thread 30741, err=3
07-09 03:17:21.864  1359  1359 I adbd    : Remote process closed the socket (on MSG_PEEK)
07-09 03:17:21.865  1204  6073 I WindowManager: WIN DEATH: Window{f0a4201 u0 com.example.myapplication/com.example.myapplication.MainActivity}
07-09 03:17:21.865  1204  6065 I ImeTracker: com.example.myapplication:b36730bd: onRequestHide at ORIGIN_SERVER reason HIDE_REMOVE_CLIENT fromUser false
07-09 03:17:21.865  1204  6065 I ImeTracker: com.example.myapplication:b36730bd: onCancelled at PHASE_SERVER_SHOULD_HIDE
07-09 03:17:21.866   848   848 I Zygote  : Process 30694 exited due to signal 9 (Killed)
07-09 03:17:21.866  1204  2672 I ActivityManager: Process com.example.myapplication (pid 30694) has died: fg  TOP 
07-09 03:17:21.867  1204  2672 W ActivityManager: Short FGS brought down without stopping: ServiceRecord{6443b2c u0 com.example.myapplication/.FloatingOverlayService c:com.example.myapplication}
07-09 03:17:21.867  1204  2672 W ForegroundServiceTypeLoggerModule: FGS stop call for: 10534 has no types!
07-09 03:17:21.868  1204  1937 D BackgroundInstallControlService: Package event received: 0
07-09 03:17:21.869  1204  1404 D DisplayManagerService: Drop pending events for gone uid 10534
07-09 03:17:21.870  4902 27378 D ForegroundUtils: UID: 10534 deleted.
07-09 03:17:21.870  1204  1937 D BackgroundInstallControlService: Package event received: 0
07-09 03:17:21.872  1204  1937 D BackgroundInstallControlService: Package event received: 0
07-09 03:17:21.872  1204  1937 D BackgroundInstallControlService: Package event received: 0
07-09 03:17:21.873  1204  1488 I libprocessgroup: Removed cgroup /sys/fs/cgroup/uid_10534/pid_30694
07-09 03:17:21.873  5091  5091 D ViewRootImpl: Skipping stats log for color mode
07-09 03:17:21.875  1204  1937 D BackgroundInstallControlService: Package event received: 0
07-09 03:17:21.877   632   632 W powerhal-libperfmgr: Sess(2562), cannot resume, already active
07-09 03:17:21.878  4902 27378 D ForegroundUtils: Foreground UID status:
07-09 03:17:21.878  4902 27378 D ForegroundUtils: UID: 1002 is in foreground: true
07-09 03:17:21.878  4902 27378 D ForegroundUtils: UID: 10072 is in foreground: false
07-09 03:17:21.878  4902 27378 D ForegroundUtils: UID: 10106 is in foreground: true
07-09 03:17:21.878  4902 27378 D ForegroundUtils: UID: 10109 is in foreground: false
07-09 03:17:21.878  4902 27378 D ForegroundUtils: UID: 10116 is in foreground: false
07-09 03:17:21.878  4902 27378 D ForegroundUtils: UID: 10122 is in foreground: false
07-09 03:17:21.878  4902 27378 D ForegroundUtils: UID: 10164 is in foreground: false
07-09 03:17:21.878  4902 27378 D ForegroundUtils: UID: 10201 is in foreground: false
07-09 03:17:21.878  4902 27378 D ForegroundUtils: UID: 10204 is in foreground: true
07-09 03:17:21.878  4902 27378 D ForegroundUtils: UID: 10216 is in foreground: true
07-09 03:17:21.878  4902 27378 D ForegroundUtils: UID: 10221 is in foreground: true
07-09 03:17:21.878  4902 27378 D ForegroundUtils: UID: 10236 is in foreground: false
07-09 03:17:21.878  4902 27378 D ForegroundUtils: UID: 10306 is in foreground: false
07-09 03:17:21.878  4902 27378 D ForegroundUtils: UID: 10312 is in foreground: false
07-09 03:17:21.878  4902 27378 D ForegroundUtils: UID: 10400 is in foreground: false
07-09 03:17:21.878  4902 27378 D ForegroundUtils: UID: 10481 is in foreground: false
07-09 03:17:21.878  4902 27378 D ForegroundUtils: UID: 10511 is in foreground: false
07-09 03:17:21.878  4902 27378 D ForegroundUtils: UID: 10512 is in foreground: false
07-09 03:17:21.878  4902 27378 D ForegroundUtils: UID: 10526 is in foreground: false
07-09 03:17:21.905  1970  2502 V WindowManagerShell: onTransitionReady(transaction=5171140704550)
07-09 03:17:21.905  1970  1990 V WindowManagerShell: onTransitionReady (#1118) android.os.BinderProxy@2999e62: {id=1118 t=CLOSE f=0x10 trk=0 r=[0@Point(0, 0)] c=[
07-09 03:17:21.905  1970  1990 V WindowManagerShell:         {m=TO_FRONT f=SHOW_WALLPAPER|MOVE_TO_TOP leash=Surface(name=Task=1)/@0xb767bf3 sb=Rect(0, 0 - 1080, 2400) eb=Rect(0, 0 - 1080, 2400) epz=Point(1080, 2400) d=0 taskParent=-1},
07-09 03:17:21.905  1970  1990 V WindowManagerShell:         {m=CLOSE f=NONE leash=Surface(name=Task=11185)/@0xc2900b0 sb=Rect(0, 0 - 1080, 2400) eb=Rect(0, 0 - 1080, 2400) epz=Point(1080, 2400) d=0 taskParent=-1},
07-09 03:17:21.905  1970  1990 V WindowManagerShell:         {m=TO_FRONT f=IS_WALLPAPER leash=Surface(name=WallpaperWindowToken{46145c0 token=android.os.Binder@99f6b43})/@0x3cb1b29 sb=Rect(0, 0 - 1080, 2400) eb=Rect(0, 0 - 1080, 2400) epz=Point(1080, 2400) d=0}
07-09 03:17:21.905  1970  1990 V WindowManagerShell:     ]}
07-09 03:17:21.905  1970  1990 V WindowManagerShell: Playing animation for (#1118) android.os.BinderProxy@2999e62@0
07-09 03:17:21.905  1970  1990 V ShellRecents: RecentsTransitionHandler.startAnimation: no controller found
07-09 03:17:21.905  1970  1990 V WindowManagerShell: Transition doesn't have explicit remote, search filters for match for {id=1118 t=CLOSE f=0x10 trk=0 r=[0@Point(0, 0)] c=[{m=TO_FRONT f=SHOW_WALLPAPER|MOVE_TO_TOP leash=Surface(name=Task=1)/@0xb767bf3 sb=Rect(0, 0 - 1080, 2400) eb=Rect(0, 0 - 1080, 2400) epz=Point(1080, 2400) d=0 taskParent=-1},{m=CLOSE f=NONE leash=Surface(name=Task=11185)/@0xc2900b0 sb=Rect(0, 0 - 1080, 2400) eb=Rect(0, 0 - 1080, 2400) epz=Point(1080, 2400) d=0 taskParent=-1},{m=TO_FRONT f=IS_WALLPAPER leash=Surface(name=WallpaperWindowToken{46145c0 token=android.os.Binder@99f6b43})/@0x3cb1b29 sb=Rect(0, 0 - 1080, 2400) eb=Rect(0, 0 - 1080, 2400) epz=Point(1080, 2400) d=0}]}
07-09 03:17:21.905  1970  1990 V WindowManagerShell:  Delegate animation for (#1118) to null
07-09 03:17:21.905  1970  1990 V WindowManagerShell: start default transition animation, info = {id=1118 t=CLOSE f=0x10 trk=0 r=[0@Point(0, 0)] c=[{m=TO_FRONT f=SHOW_WALLPAPER|MOVE_TO_TOP leash=Surface(name=Task=1)/@0xb767bf3 sb=Rect(0, 0 - 1080, 2400) eb=Rect(0, 0 - 1080, 2400) epz=Point(1080, 2400) d=0 taskParent=-1},{m=CLOSE f=NONE leash=Surface(name=Task=11185)/@0xc2900b0 sb=Rect(0, 0 - 1080, 2400) eb=Rect(0, 0 - 1080, 2400) epz=Point(1080, 2400) d=0 taskParent=-1},{m=TO_FRONT f=IS_WALLPAPER leash=Surface(name=WallpaperWindowToken{46145c0 token=android.os.Binder@99f6b43})/@0x3cb1b29 sb=Rect(0, 0 - 1080, 2400) eb=Rect(0, 0 - 1080, 2400) epz=Point(1080, 2400) d=0}]}
07-09 03:17:21.905  2167 18199 D ImpulseConnection: timeout happen: com.google.android.apps.turbo
07-09 03:17:21.906  2167 18199 D ImpulseConnection: unbindService for releasing a CONNECTED connection com.google.android.apps.turbo
07-09 03:17:21.906  1970  1990 V WindowManagerShell: loadAnimation: anim=android.view.animation.AnimationSet@a5140e5 animAttr=0x11 type=CLOSE isEntrance=false
07-09 03:17:21.906  1970  1990 V WindowManagerShell: loadAnimation: anim=android.view.animation.AnimationSet@b23766b animAttr=0x10 type=CLOSE isEntrance=true
07-09 03:17:21.907  1970  1990 V WindowManagerShell:  animated by com.android.wm.shell.transition.DefaultTransitionHandler@c10df19
07-09 03:17:21.909  2167  2294 D TemperatureStateSource: sequence=9350 actualDelay=10000
07-09 03:17:21.909  2167  2294 D TemperatureStateSource: Reading temperature: sequence=9351
07-09 03:17:21.910  1687  1687 I pixel-thermal: VIRTUAL-SKIN:35.2154 raw data: VIRTUAL-SKIN:35215.4 
07-09 03:17:21.910  2167  2294 D TemperatureStateSource: getDeviceTemperatures: sequence=9351 deviceTemperatureType=3 temperatureSource=0 temperatures=[35.215363]
07-09 03:17:21.910  2167  2294 D BusinessScope: Enqueuing the block
07-09 03:17:21.910  2167  2294 D TemperatureStateSource: sequence=9351 waitTime=10000
07-09 03:17:21.911  2167  2294 D BusinessScope: Start running the #18791 block
07-09 03:17:21.911  1687  1687 I pixel-thermal: VIRTUAL-SKIN:35.2154 raw data: VIRTUAL-SKIN:35215.4 
07-09 03:17:21.912  2167  2294 I TemperatureStateSource: temperature was set
07-09 03:17:21.912  2167  2294 D BusinessScope: Enqueuing the block
07-09 03:17:21.912  2167  2294 D ImpulseStateSource: Notify clients: 9394
07-09 03:17:21.912  2167  2294 D BusinessScope: Finish running the #18791 block
07-09 03:17:21.912  2167  2294 D BusinessScope: Start running the #18792 block
07-09 03:17:21.913  2167 18199 D ImpulseConnection: bindService: com.google.android.apps.turbo
07-09 03:17:21.914  1204  1937 D BackgroundInstallControlService: Package event received: 0
07-09 03:17:21.914  1204  1937 D BackgroundInstallControlService: Package event received: 0
07-09 03:17:21.915  1204  1403 V WindowManager: Sent Transition (#1118) createdAt=07-09 03:17:21.833 via request=TransitionRequestInfo { type = CLOSE, triggerTask = null, pipChange = null, remoteTransition = null, displayChange = null, flags = 16, debugId = 1118 }
07-09 03:17:21.915  1204  1403 V WindowManager:     startWCT=WindowContainerTransaction { changes= {} hops= [] errorCallbackToken=null taskFragmentOrganizer=null }
07-09 03:17:21.915  1204  1403 V WindowManager:     info={id=1118 t=CLOSE f=0x10 trk=0 r=[0@Point(0, 0)] c=[
07-09 03:17:21.915  1204  1403 V WindowManager:         {WCT{RemoteToken{a30cd9a Task{42b4a0 #1 type=home}}} m=TO_FRONT f=SHOW_WALLPAPER|MOVE_TO_TOP leash=Surface(name=Task=1)/@0x56d81d0 sb=Rect(0, 0 - 1080, 2400) eb=Rect(0, 0 - 1080, 2400) epz=Point(1080, 2400) d=0 taskParent=-1},
07-09 03:17:21.915  1204  1403 V WindowManager:         {WCT{RemoteToken{f68e128 Task{fe2b3f1 #11185 type=standard A=10534:com.example.myapplication}}} m=CLOSE f=NONE leash=Surface(name=Task=11185)/@0x404bc1a sb=Rect(0, 0 - 1080, 2400) eb=Rect(0, 0 - 1080, 2400) epz=Point(1080, 2400) d=0 taskParent=-1},
07-09 03:17:21.915  1204  1403 V WindowManager:         {m=TO_FRONT f=IS_WALLPAPER leash=Surface(name=WallpaperWindowToken{46145c0 token=android.os.Binder@99f6b43})/@0x652b282 sb=Rect(0, 0 - 1080, 2400) eb=Rect(0, 0 - 1080, 2400) epz=Point(1080, 2400) d=0}
07-09 03:17:21.915  1204  1403 V WindowManager:     ]}
07-09 03:17:21.918  1204  2288 W UserManagerService: Requested status bar icon for non-badged user 0
07-09 03:17:21.918  2167  2167 D ImpulseConnection: onServiceConnected: ComponentInfo{com.google.android.apps.turbo/com.google.android.apps.turbo.adaptiveplatform.impulse.ImpulseClientService} service is null false
07-09 03:17:21.919  2167  2294 D BusinessScope: Finish running the #18792 block
07-09 03:17:21.924  1204  1845 I ImeTracker: com.teslacoilsw.launcher:599d57d6: onRequestHide at ORIGIN_SERVER reason HIDE_UNSPECIFIED_WINDOW fromUser false
07-09 03:17:21.925  5091  5091 D InsetsController: hide(ime(), fromIme=false)
07-09 03:17:21.925  5091  5091 I ImeTracker: com.teslacoilsw.launcher:599d57d6: onCancelled at PHASE_CLIENT_ALREADY_HIDDEN
07-09 03:17:21.926  4984  4984 I GoogleInputMethodService: GoogleInputMethodService.onFinishInput():1984 
07-09 03:17:21.927  4984  4984 I Module  : DeviceLockedStatusModuleProvider$Module.updateDeviceLockedStatus():100 repeatCheckTimes = 0, locked = false
07-09 03:17:21.927  4984  4984 I GoogleInputMethodService: GoogleInputMethodService.onStartInput():1248 onStartInput(EditorInfo{EditorInfo{packageName=com.teslacoilsw.launcher, inputType=0, inputTypeString=NULL, enableLearning=false, autoCorrection=false, autoComplete=false, imeOptions=0, privateImeOptions=null, actionName=UNSPECIFIED, actionLabel=null, initialSelStart=-1, initialSelEnd=-1, initialCapsMode=0, label=null, fieldId=0, fieldName=null, extras=null, hintText=null, hintLocales=[]}}, false)
07-09 03:17:21.928  4984  4984 I Module  : DeviceLockedStatusModuleProvider$Module.updateDeviceLockedStatus():100 repeatCheckTimes = 1, locked = false
07-09 03:17:21.928  1204  2288 W PackageConfigPersister: App-specific configuration not found for packageName: com.teslacoilsw.launcher and userId: 0
07-09 03:17:22.143  1970  1990 V WindowManagerShell: Transition animation finished (aborted=false), notifying core (#1118) android.os.BinderProxy@2999e62@0
07-09 03:17:22.144  1204  1403 V WindowManager: Finish Transition (#1118): created at 07-09 03:17:21.833 collect-started=0.047ms request-sent=0.059ms started=2.353ms ready=39.206ms sent=71.188ms finished=310.738ms
07-09 03:17:22.144  1204  6066 E IPCThreadState: Binder transaction failure. id: 93595278, BR_*: 29189, error: -22 (Invalid argument)
07-09 03:17:22.145  1204  6066 W ActivityManager: pid 1204 system sent binder code 7 with flags 1 to frozen apps and got error -32
07-09 03:17:22.145  1204  6066 W WindowManager: Exception thrown during dispatchAppVisibility Window{f0a4201 u0 com.example.myapplication/com.example.myapplication.MainActivity EXITING}
07-09 03:17:22.145  1204  6066 W WindowManager: android.os.DeadObjectException
07-09 03:17:22.145  1204  6066 W WindowManager: 	at android.os.BinderProxy.transactNative(Native Method)
07-09 03:17:22.145  1204  6066 W WindowManager: 	at android.os.BinderProxy.transact(BinderProxy.java:592)
07-09 03:17:22.145  1204  6066 W WindowManager: 	at android.view.IWindow$Stub$Proxy.dispatchAppVisibility(IWindow.java:557)
07-09 03:17:22.145  1204  6066 W WindowManager: 	at com.android.server.wm.WindowState.sendAppVisibilityToClients(WindowState.java:3298)
07-09 03:17:22.145  1204  6066 W WindowManager: 	at com.android.server.wm.WindowContainer.sendAppVisibilityToClients(WindowContainer.java:1343)
07-09 03:17:22.145  1204  6066 W WindowManager: 	at com.android.server.wm.WindowToken.setClientVisible(WindowToken.java:437)
07-09 03:17:22.145  1204  6066 W WindowManager: 	at com.android.server.wm.ActivityRecord.setClientVisible(ActivityRecord.java:7147)
07-09 03:17:22.145  1204  6066 W WindowManager: 	at com.android.server.wm.ActivityRecord.postApplyAnimation(ActivityRecord.java:5841)
07-09 03:17:22.145  1204  6066 W WindowManager: 	at com.android.server.wm.ActivityRecord.commitVisibility(ActivityRecord.java:5784)
07-09 03:17:22.145  1204  6066 W WindowManager: 	at com.android.server.wm.Transition.finishTransition(Transition.java:1373)
07-09 03:17:22.145  1204  6066 W WindowManager: 	at com.android.server.wm.TransitionController.finishTransition(TransitionController.java:986)
07-09 03:17:22.145  1204  6066 W WindowManager: 	at com.android.server.wm.WindowOrganizerController.finishTransition(WindowOrganizerController.java:526)
07-09 03:17:22.145  1204  6066 W WindowManager: 	at android.window.IWindowOrganizerController$Stub.onTransact(IWindowOrganizerController.java:293)
07-09 03:17:22.145  1204  6066 W WindowManager: 	at com.android.server.wm.WindowOrganizerController.onTransact(WindowOrganizerController.java:215)
07-09 03:17:22.145  1204  6066 W WindowManager: 	at android.os.Binder.execTransactInternal(Binder.java:1411)
07-09 03:17:22.145  1204  6066 W WindowManager: 	at android.os.Binder.execTransact(Binder.java:1350)
07-09 03:17:22.145  1204  6066 W Process : Unable to open /proc/30694/status
07-09 03:17:22.151  1970  1990 V WindowManagerShell: Track 0 became idle
07-09 03:17:22.151  1970  1990 V WindowManagerShell: All active transition animations finished
07-09 03:17:22.152 17863 17863 D RecentsView: onTaskRemoved: 11185, not handling task stack changes
07-09 03:17:22.152  1204  2672 W UserManagerService: Requested status bar icon for non-badged user 0
07-09 03:17:22.152 17863 17863 D RecentsView: onTaskRemoved: 11185, not handling task stack changes
07-09 03:17:22.153  1204  2672 W UserManagerService: Requested status bar icon for non-badged user 0
07-09 03:17:22.170   572   572 E BpTransactionCompletedListener: Failed to transact (-32)
07-09 03:17:22.208  2726  2731 W pixelstats-vendor: Thread Pool max thread count is 0. Cannot cache binder as linkToDeath cannot be implemented. serviceName: android.frameworks.stats.IStats/default
07-09 03:17:22.220  1970  1970 D DLObserver: onReceive(); android.intent.action.BATTERY_CHANGED
07-09 03:17:22.220  1970  1970 D DLObserver: plugged=2
07-09 03:17:22.223  1970  1970 I ReverseChargingControl: handleIntentForReverseCharging(): rtx=0 wlc=0 plgac=0 ac=0 acrtx=0 extra=2 this=com.google.android.systemui.reversecharging.ReverseChargingController@98a52aa
07-09 03:17:22.223  1970  1970 D SystemEventDataSource: onReceive: intentAction
07-09 03:17:22.223  1970  1970 D PowerNotificationWarningsGoogleImpl: onReceive: android.intent.action.BATTERY_CHANGED
07-09 03:17:22.224  1970  1970 D IncompatibleChargerNotification: dispatchIntent: android.intent.action.BATTERY_CHANGED
07-09 03:17:22.224  1970  2980 D PowerUI : can't show warning due to - plugged: true status unknown: false
07-09 03:17:22.224  1970  2980 D LowPowerWarningsController: cancelNotification->lowBatterySection
07-09 03:17:22.224  1970  2980 D LowPowerWarningsController: cancelNotification->severeLowBatterySection
07-09 03:17:22.224  1970  2980 D SevereLowBatteryNotification: cancel()
07-09 03:17:22.226  1970  1970 D KeyguardIndicationGoogle: isChargeLimitEnabled= false, user= 0
07-09 03:17:22.227  1970  2013 D GoogleBatteryDataSource: fetchDwellDefendStatus: CONNECTED
07-09 03:17:22.228  1970  2013 D GoogleBatteryDataSource: fetchTempDefendStatus: t_sum=0, time_sum=0 t_avg=0 lst_v=0 lst_t=0 lst_u=0, dt=0, t=0 e=1
07-09 03:17:22.228  1970  2013 D SystemEventDataSource: updatedEventData: SystemEventData(intentAction=android.intent.action.BATTERY_CHANGED, plugged=EventData(value=2), batteryScale=EventData(value=100), batteryLevel=EventData(value=10), chargingStatus=EventData(value=1), maxChargingCurrent=EventData(value=500000), maxChargingVoltage=EventData(value=5000000), batteryStatus=EventData(value=4), halEventData=HalEventData(dockDefendStatus=EventData(value=-3), tempDefendEventData=EventData(value=false), dwellDefendEventData=EventData(value=false)), settingsEventData=SettingsEventData(dockDefenderBypass=EventData(value=0), chargingLimitSettings=EventData(value=0), dndState=EventData(value=false), airplaneState=EventData(value=false)), frameworkApiEventData=FrameworkApiEventData(batterySaverState=EventData(value=false), extremeBatterySaverState=EventData(value=false)))
07-09 03:17:22.228  1970  2013 D ChargingLimitEventModule: validate()=false, chargingStatus=1
07-09 03:17:22.228  1970  2013 D DwellDefendBatteryModule: validate: false -> false
07-09 03:17:22.228  1970  2013 D TempDefendBatteryModule: validate: false -> false
07-09 03:17:22.334  1204  1408 W ActivityTaskManager: Activity top resumed state loss timeout for ActivityRecord{54517656 u0 com.example.myapplication/.MainActivity t-1 f}}
07-09 03:17:22.377 26733 26733 I Finsky:background: [2] Memory trim requested to level 40
07-09 03:17:22.454   952   952 I WifiHAL : Creating message to get link statistics; iface = 48
07-09 03:17:22.506   952  2703 I WifiHAL : Getting cached scan results, iface handle = 0xb400007b86225f90
07-09 03:17:22.506   952  2703 E WifiHAL : Creating message to get cached scan results
07-09 03:17:22.507   952  2703 D WifiHAL : error code -95 mapped to -3
07-09 03:17:22.509  1204  1874 E WifiStaIfaceAidlImpl: getCachedScanData failed with service-specific exception: android.os.ServiceSpecificException:  (code 4)
07-09 03:17:22.548  1204  1886 D ConnectivityService: NetReassign [no changes] [c 2] [a 1] [i 4]
07-09 03:17:22.664   952  2703 I WifiHAL : Creating message to get link statistics; iface = 48
07-09 03:17:22.668   870   899 I bthal.activitywatcher: getStateResidency: ActivityStat{0 : totalTimeMs 29664639 totalEntryCount 83444 lastEntryMs 18207551}
07-09 03:17:22.669   870   899 I bthal.activitywatcher: getStateResidency: ActivityStat{1 : totalTimeMs 31440103 totalEntryCount 84136 lastEntryMs 18207700}
07-09 03:17:22.669   870   899 I bthal.activitywatcher: getStateResidency: ActivityStat{2 : totalTimeMs 16270718 totalEntryCount 5419395 lastEntryMs 18204674}
07-09 03:17:22.669   870   899 I bthal.activitywatcher: getStateResidency: ActivityStat{3 : totalTimeMs 2726691 totalEntryCount 5676582 lastEntryMs 18207540}
07-09 03:17:22.679   870   899 I bthal.activitywatcher: send_hci_activities_vsc: Sent VSC <[4]{89, 253, 1, 1}>
07-09 03:17:22.680   904   904 W android.hardware.power.stats-service.pixel: getStateResidency latency for Bluetooth exceeded time allowed: 13484us
07-09 03:17:22.681   870  1039 I bthal.activitywatcher: filter_hci_activities_vse: Filtered <[103]{14, 101, 1, 89, 253, 0, 1, 54, 0, 0, 0, 26, 125, 0, 0, 15, 116, 57, 0, 0, 0, 0, 0, 15, 118, 57, 0, 0, 0, 0, 0, 55, 0, 0, 0, 192, 9, 0, 0, 15, 118, 57, 0, 0, 0, 0, 0, 15, 116, 57, 0, 0, 0, 0, 0, 0, 0, 0, 0, 0, 0, 0, 0, 121, 230, 54, 0, 0, 0, 0, 0, 121, 230, 54, 0, 0, 0, 0, 0, 108, 0, 0, 0, 56, 0, 0, 0, 4, 116, 57, 0, 0, 0, 0, 0, 4, 116, 57, 0, 0, 0, 0, 0}>
07-09 03:17:22.681   870  1039 I bthal.flowcontrol: HciEventPreProcess: HCI Event 0xe Opcode 0xfd59 Length 103 handled by ControllerActivityWatcher
07-09 03:17:22.681  1325  1325 D AOC     : A3:MSG: controller.cc, 273: CNTRL: cmd ID: 0x000a, tag: 0xb0 [cntr = 11954]
07-09 03:17:22.681  1325  1325 D AOC     : A3:MSG: controller.cc, 811: CNTRL: ipc: control, cmd ID: 0x000a, tag: 0xb0, rc: 0
07-09 03:17:22.682  1325  1325 D AOC     : A3:MSG: controller.cc, 273: CNTRL: cmd ID: 0x000a, tag: 0xb1 [cntr = 11955]
07-09 03:17:22.682  1325  1325 D AOC     : A3:MSG: controller.cc, 811: CNTRL: ipc: control, cmd ID: 0x000a, tag: 0xb1, rc: 0
07-09 03:17:22.683  1325  1325 D AOC     : A3:MSG: controller.cc, 273: CNTRL: cmd ID: 0x000a, tag: 0xb2 [cntr = 11956]
07-09 03:17:22.683  1325  1325 D AOC     : A3:MSG: controller.cc, 811: CNTRL: ipc: control, cmd ID: 0x000a, tag: 0xb2, rc: 0
07-09 03:17:22.684  1325  1325 D AOC     : A3:MSG: controller.cc, 273: CNTRL: cmd ID: 0x000a, tag: 0xb3 [cntr = 11957]
07-09 03:17:22.684  1325  1325 D AOC     : A3:MSG: controller.cc, 811: CNTRL: ipc: control, cmd ID: 0x000a, tag: 0xb3, rc: 0
07-09 03:17:22.686  1325  1325 D AOC     : A3:MSG: controller.cc, 273: CNTRL: cmd ID: 0x000a, tag: 0xb4 [cntr = 11958]
07-09 03:17:22.686  1325  1325 D AOC     : A3:MSG: controller.cc, 811: CNTRL: ipc: control, cmd ID: 0x000a, tag: 0xb4, rc: 0
07-09 03:17:22.687  1325  1325 D AOC     : A3:MSG: controller.cc, 273: CNTRL: cmd ID: 0x000a, tag: 0xb5 [cntr = 11959]
07-09 03:17:22.687  1325  1325 D AOC     : A3:MSG: controller.cc, 811: CNTRL: ipc: control, cmd ID: 0x000a, tag: 0xb5, rc: 0
07-09 03:17:22.688  1325  1325 D AOC     : A3:MSG: controller.cc, 273: CNTRL: cmd ID: 0x000a, tag: 0xb6 [cntr = 11960]
07-09 03:17:22.688  1325  1325 D AOC     : A3:MSG: controller.cc, 811: CNTRL: ipc: control, cmd ID: 0x000a, tag: 0xb6, rc: 0
07-09 03:17:22.691  1325  1325 D AOC     : A3:MSG: controller.cc, 273: CNTRL: cmd ID: 0x000a, tag: 0xb7 [cntr = 11961]
07-09 03:17:22.691  1325  1325 D AOC     : A3:MSG: controller.cc, 811: CNTRL: ipc: control, cmd ID: 0x000a, tag: 0xb7, rc: 0
07-09 03:17:22.692  1325  1325 D AOC     : A3:MSG: controller.cc, 273: CNTRL: cmd ID: 0x000a, tag: 0xb8 [cntr = 11962]
07-09 03:17:22.692  1325  1325 D AOC     : A3:MSG: controller.cc, 811: CNTRL: ipc: control, cmd ID: 0x000a, tag: 0xb8, rc: 0
07-09 03:17:22.692  1325  1325 D AOC     : A3:MSG: controller.cc, 273: CNTRL: cmd ID: 0x000a, tag: 0xb9 [cntr = 11963]
07-09 03:17:22.692  1325  1325 D AOC     : A3:MSG: controller.cc, 811: CNTRL: ipc: control, cmd ID: 0x000a, tag: 0xb9, rc: 0
07-09 03:17:22.692  1325  1325 D AOC     : A3:MSG: controller.cc, 273: CNTRL: cmd ID: 0x000a, tag: 0xba [cntr = 11964]
07-09 03:17:22.693  1325  1325 D AOC     : A3:MSG: controller.cc, 811: CNTRL: ipc: control, cmd ID: 0x000a, tag: 0xba, rc: 0
07-09 03:17:22.693  1325  1325 D AOC     : A3:MSG: controller.cc, 273: CNTRL: cmd ID: 0x000a, tag: 0xbb [cntr = 11965]
07-09 03:17:22.693  1325  1325 D AOC     : A3:MSG: controller.cc, 811: CNTRL: ipc: control, cmd ID: 0x000a, tag: 0xbb, rc: 0
07-09 03:17:22.694  1325  1325 D AOC     : A3:MSG: controller.cc, 273: CNTRL: cmd ID: 0x000a, tag: 0xbc [cntr = 11966]
07-09 03:17:22.694  1325  1325 D AOC     : A3:MSG: controller.cc, 811: CNTRL: ipc: control, cmd ID: 0x000a, tag: 0xbc, rc: 0
07-09 03:17:22.695  1325  1325 D AOC     : A3:MSG: controller.cc, 273: CNTRL: cmd ID: 0x000a, tag: 0xbd [cntr = 11967]
