07-09 03:17:13.145  2259  3173 I SHANNON_IMS: 0556 [PROX] onReceive: intent= [Intent { act=android.intent.action.SERVICE_STATE flg=0x1000010 (has extras) }] (ConnectivityBroadcastReceiver%onReceive:91)
07-09 03:17:13.145  1204  2672 W ContextImpl: Calling a method in the system process without a qualified user: android.app.ContextImpl.sendBroadcastMultiplePermissions:1353 com.android.server.TelephonyRegistry.broadcastServiceStateChanged:4180 com.android.server.TelephonyRegistry.notifyServiceStateForPhoneId:1848 com.android.internal.telephony.ITelephonyRegistry$Stub.onTransact:613 android.os.Binder.execTransactInternal:1406 
07-09 03:17:13.147  2317  2317 I Telephony: TelecomAccountRegistry$TelecomAccountTelephonyCallback: TelecomAccountRegistry: onServiceStateChanged: newState=0, mServiceState=0
07-09 03:17:13.147  1204  1468 D ActivityManager: sync unfroze 27880 com.google.android.cellbroadcastreceiver for 3
07-09 03:17:13.148  2317  2317 I Telephony: isRttCurrentlySupported -- regular acct, hasVoiceAvailability: true
07-09 03:17:13.148  2317  2317 I Telephony:  isRttSupported: true
07-09 03:17:13.148  2317  2317 I Telephony:  alwaysAllowWhileRoaming: false
07-09 03:17:13.148  2317  2317 I Telephony:  isRoaming: false
07-09 03:17:13.148  2317  2317 I Telephony:  isOnWfc: false
07-09 03:17:13.149 27880 27880 D CellBroadcastReceiver: onReceive Intent { act=android.intent.action.SERVICE_STATE flg=0x1000010 cmp=com.google.android.cellbroadcastreceiver/com.android.cellbroadcastreceiver.CellBroadcastReceiver (has extras) }
07-09 03:17:13.150 30289 30316 I android.vending: AssetManager2(0xb40000749d882778) locale list changing from [] to [en-US]
07-09 03:17:13.150 27880 27880 D CellBroadcastReceiver: onServiceStateChanged, ss: 0
07-09 03:17:13.150 27880 27880 D CellBroadcastReceiver: networkOperator: 310260
07-09 03:17:13.150 27880 27880 D CellBroadcastReceiver: update supported roaming operator as 
07-09 03:17:13.152  2806  9980 D ConnectivityMonitorStateMachine: [CampedOnLteOrNr] {subId=2} Exit
07-09 03:17:13.152  2806  9980 D ConnectivityMonitorStateMachine: [InService] {subId=2} Exit
07-09 03:17:13.152  2806  9980 D ConnectivityMonitorStateMachine: [InService] {subId=2} Enter
07-09 03:17:13.154 30289 30316 I android.vending: AssetManager2(0xb40000749d87ec18) locale list changing from [] to [en-US]
07-09 03:17:13.159 30289 30316 I android.vending: AssetManager2(0xb40000749d87df98) locale list changing from [] to [en-US]
07-09 03:17:13.163 30289 30316 I android.vending: AssetManager2(0xb40000749d87dc78) locale list changing from [] to [en-US]
07-09 03:17:13.165 30289 30316 I android.vending: AssetManager2(0xb40000749d882a98) locale list changing from [] to [en-US]
07-09 03:17:13.166 30289 30316 I android.vending: AssetManager2(0xb40000749d87fbb8) locale list changing from [] to [en-US]
07-09 03:17:13.167 30289 30316 I android.vending: AssetManager2(0xb40000749d8817d8) locale list changing from [] to [en-US]
07-09 03:17:13.169 30289 30316 I android.vending: AssetManager2(0xb40000749d884cf8) locale list changing from [] to [en-US]
07-09 03:17:13.172 30289 30316 I android.vending: AssetManager2(0xb40000749d880518) locale list changing from [] to [en-US]
07-09 03:17:13.177 30289 30316 I android.vending: AssetManager2(0xb40000749d880b58) locale list changing from [] to [en-US]
07-09 03:17:13.184 30289 30316 I android.vending: AssetManager2(0xb40000749d8849d8) locale list changing from [] to [en-US]
07-09 03:17:13.185 30289 30316 I android.vending: AssetManager2(0xb40000749d87fed8) locale list changing from [] to [en-US]
07-09 03:17:13.187 30289 30316 I android.vending: AssetManager2(0xb40000749d87d958) locale list changing from [] to [en-US]
07-09 03:17:13.189 15329 30815 D AppOpsPermissionControl: isAllowed: true
07-09 03:17:13.214 30289 30316 I android.vending: AssetManager2(0xb40000749d880838) locale list changing from [] to [en-US]
07-09 03:17:13.216 30289 30316 I android.vending: AssetManager2(0xb40000749d885018) locale list changing from [] to [en-US]
07-09 03:17:13.222 30289 30316 I android.vending: AssetManager2(0xb40000749d87f898) locale list changing from [] to [en-US]
07-09 03:17:13.225 30289 30316 I android.vending: AssetManager2(0xb40000749d87f258) locale list changing from [] to [en-US]
07-09 03:17:13.231 30289 30316 I android.vending: AssetManager2(0xb40000749d86dc38) locale list changing from [] to [en-US]
07-09 03:17:13.233 30289 30316 I android.vending: AssetManager2(0xb40000749d872738) locale list changing from [] to [en-US]
07-09 03:17:13.235 30289 30316 I android.vending: AssetManager2(0xb40000749d8801f8) locale list changing from [] to [en-US]
07-09 03:17:13.237 30289 30316 I android.vending: AssetManager2(0xb40000749d88aab8) locale list changing from [] to [en-US]
07-09 03:17:13.239 12731 30866 I FSA2_ContactSyncGrpc: Received non-null API-contact response
07-09 03:17:13.242 12731 30680 I FSA2_SyncState: @readSyncState: # eakw@7c26ec0
07-09 03:17:13.242 30289 30316 I android.vending: AssetManager2(0xb40000749d827738) locale list changing from [] to [en-US]
07-09 03:17:13.244   952  2703 I WifiHAL : Creating message to get link statistics; iface = 48
07-09 03:17:13.248 30289 30316 I android.vending: AssetManager2(0xb40000749d829678) locale list changing from [] to [en-US]
07-09 03:17:13.249 30289 30316 I android.vending: AssetManager2(0xb40000749d878818) locale list changing from [] to [en-US]
07-09 03:17:13.255 30289 30316 I android.vending: AssetManager2(0xb40000749d8736d8) locale list changing from [] to [en-US]
07-09 03:17:13.256 30289 30316 I android.vending: AssetManager2(0xb40000749d82e498) locale list changing from [] to [en-US]
07-09 03:17:13.264 30289 30316 I android.vending: AssetManager2(0xb40000749d82bf18) locale list changing from [] to [en-US]
07-09 03:17:13.270 30289 30316 I android.vending: AssetManager2(0xb40000749d829fd8) locale list changing from [] to [en-US]
07-09 03:17:13.273 30289 30316 I android.vending: AssetManager2(0xb40000749d8289f8) locale list changing from [] to [en-US]
07-09 03:17:13.277 15329 30815 D AppOpsPermissionControl: isAllowed: false
07-09 03:17:13.278 15329 30798 W HWUI    : Image decoding logging dropped!
07-09 03:17:13.279 30289 30316 I android.vending: AssetManager2(0xb40000749d823ef8) locale list changing from [] to [en-US]
07-09 03:17:13.280 30289 30316 I Finsky  : [169] Installer package name of package com.android.settings is 
07-09 03:17:13.280 30289 30316 I Finsky  : [169] Installer package name of package app.revanced.android.apps.youtube.music is app.revanced.manager.flutter
07-09 03:17:13.280 30289 30316 I Finsky  : [169] Installer package name of package app.revanced.android.youtube is app.revanced.manager.flutter
07-09 03:17:13.280 30289 30316 I Finsky  : [169] Installer package name of package app.revanced.android.gms is com.google.android.packageinstaller
07-09 03:17:13.280 30289 30316 I Finsky  : [169] Installer package name of package app.revanced.manager.flutter is app.revanced.manager.flutter
07-09 03:17:13.280 30289 30316 I Finsky  : [169] Installer package name of package com.Psyonix.RL2D is com.epicgames.portal
07-09 03:17:13.280 30289 30316 I Finsky  : [169] Installer package name of package com.carriez.flutter_hbb is com.google.android.packageinstaller
07-09 03:17:13.280 30289 30316 I Finsky  : [169] Installer package name of package com.epicgames.fortnite is com.epicgames.portal
07-09 03:17:13.280 30289 30316 I Finsky  : [169] Installer package name of package com.epicgames.portal is com.epicgames.portal
07-09 03:17:13.281 30289 30316 I Finsky  : [169] Installer package name of package com.example.myapplication is 
07-09 03:17:13.281 30289 30316 I Finsky  : [169] Installer package name of package com.twitter.android is com.google.android.packageinstaller
07-09 03:17:13.281 30289 30316 I Finsky  : [169] Installer package name of package com.wstxda.voicegpt is com.google.android.packageinstaller
07-09 03:17:13.281 30289 30316 I Finsky  : [169] Installer package name of package de.golfgl.lightblocks is com.google.android.packageinstaller
07-09 03:17:13.281 30289 30316 I Finsky  : [169] Installer package name of package io.yuka.android is app.revanced.manager.flutter
07-09 03:17:13.281 30289 30316 I Finsky  : [169] Installer package name of package org.chromium.webapk.a180794bb5a3db680_v2 is com.android.chrome
07-09 03:17:13.281 30289 30316 I Finsky  : [169] Installer package name of package org.chromium.webapk.a88b572ff1a452105_v2 is com.android.chrome
07-09 03:17:13.281 30289 30316 I Finsky  : [169] Installer package name of package org.schabi.newpipe is com.google.android.packageinstaller
07-09 03:17:13.286   952  2703 I WifiHAL : Getting cached scan results, iface handle = 0xb400007b86225f90
07-09 03:17:13.286   952  2703 E WifiHAL : Creating message to get cached scan results
07-09 03:17:13.286   952  2703 D WifiHAL : error code -95 mapped to -3
07-09 03:17:13.286  1204  1874 E WifiStaIfaceAidlImpl: getCachedScanData failed with service-specific exception: android.os.ServiceSpecificException:  (code 4)
07-09 03:17:13.313  1204  1886 D ConnectivityService: NetReassign [no changes] [c 1] [a 0] [i 2]
07-09 03:17:13.335  5091  5152 I SQLiteConnection: Long db operation: /data/user/0/com.teslacoilsw.launcher/databases/app_icons.db
07-09 03:17:13.338  5091  5152 I coilsw.launcher: AssetManager2(0xb40000749d88ba58) locale list changing from [] to [en-US]
07-09 03:17:13.373 12731 30680 I FSA2_RawContactSyncer: contact count. before sweep: -1, before sync: 0, after sync down: 0, after sync up: 0
07-09 03:17:13.373 12731 30680 W FSA2_ContactsSyncAdapter: @onPerformSync Sync finished successfully
07-09 03:17:13.380 12731 30680 W ChimeraUtils: Module com.google.android.gms.people missing resource null(0)
07-09 03:17:13.382 12731 30680 W ChimeraUtils: Module com.google.android.gms.people missing resource null(0)
07-09 03:17:13.401 10154 10188 I FacsCacheGmsModule: (REDACTED) Receiving API connection to FACS API from package '%s'...
07-09 03:17:13.403 10154 10188 I FacsCacheGmsModule: API connection successful!
07-09 03:17:13.405 10154 10188 I FacsCacheGmsModule: (REDACTED) Received 'getActivityControlsSettings' request from package '%s', instance id '%s', version '%d'...
07-09 03:17:13.405 10154 10188 I FacsCacheGmsModule: Operation 'getActivityControlsSettings' dispatched!
07-09 03:17:13.405 10154 16506 I FacsCacheGmsModule: (REDACTED) Executing operation '%s'...
07-09 03:17:13.410 12731 12731 D BoundBrokerSvc: onBind: Intent { act=com.google.android.gms.facs.internal.service.START dat=chimera-action:/... cmp=com.google.android.gms/.chimera.GmsInternalApiService }
07-09 03:17:13.410 12731 12731 D BoundBrokerSvc: Loading bound service for intent: Intent { act=com.google.android.gms.facs.internal.service.START dat=chimera-action:/... cmp=com.google.android.gms/.chimera.GmsInternalApiService }
07-09 03:17:13.410 10154 16506 I FacsCacheGmsModule: (REDACTED) Operation '%s' successful!
07-09 03:17:13.411  1204  1204 W JobScheduler.JobStatus: Exempted app com.uvnv.mintsim considered buggy
07-09 03:17:13.411  1204  1204 W JobScheduler.JobStatus: Exempted app com.uvnv.mintsim considered buggy
07-09 03:17:13.411  1204  1204 W JobScheduler.JobStatus: Exempted app com.uvnv.mintsim considered buggy
07-09 03:17:13.411  1204  1204 W JobScheduler.JobStatus: Exempted app com.uvnv.mintsim considered buggy
07-09 03:17:13.411  1204  1204 W JobScheduler.JobStatus: Exempted app com.uvnv.mintsim considered buggy
07-09 03:17:13.411  1204  1204 W JobScheduler.JobStatus: Exempted app com.uvnv.mintsim considered buggy
07-09 03:17:13.411  1204  1204 W JobScheduler.JobStatus: Exempted app com.uvnv.mintsim considered buggy
07-09 03:17:13.411  1204  1204 W JobScheduler.JobStatus: Exempted app com.uvnv.mintsim considered buggy
07-09 03:17:13.411  1204  1204 W JobScheduler.JobStatus: Exempted app com.uvnv.mintsim considered buggy
07-09 03:17:13.411  1204  1204 W JobScheduler.JobStatus: Exempted app com.uvnv.mintsim considered buggy
07-09 03:17:13.411  1204  1204 W JobScheduler.JobStatus: Exempted app com.uvnv.mintsim considered buggy
07-09 03:17:13.411  1204  1204 W JobScheduler.JobStatus: Exempted app com.uvnv.mintsim considered buggy
07-09 03:17:13.411  1204  1204 W JobScheduler.JobStatus: Exempted app com.uvnv.mintsim considered buggy
07-09 03:17:13.416 12731 16884 I FacsCacheGmsModule: Receiving API connection to internal FACS API...
07-09 03:17:13.417 12731 16884 I FacsCacheGmsModule: API connection successful!
07-09 03:17:13.434 15329 30820 D AppOpsPermissionControl: isAllowed: false
07-09 03:17:13.440 15329 30798 W HWUI    : Image decoding logging dropped!
07-09 03:17:13.476  5091  5151 I ImeTracker: com.teslacoilsw.launcher:8d68411c: onRequestHide at ORIGIN_CLIENT reason HIDE_SOFT_INPUT fromUser false
07-09 03:17:13.477  5091  5151 I ImeTracker: com.teslacoilsw.launcher:8d68411c: onFailed at PHASE_CLIENT_VIEW_SERVED
07-09 03:17:13.480  5091  5151 I ImeTracker: com.teslacoilsw.launcher:a901e2ba: onRequestHide at ORIGIN_CLIENT reason HIDE_SOFT_INPUT fromUser false
07-09 03:17:13.481  5091  5151 I ImeTracker: com.teslacoilsw.launcher:a901e2ba: onFailed at PHASE_CLIENT_VIEW_SERVED
07-09 03:17:13.533 15329 30815 D AppOpsPermissionControl: isAllowed: false
07-09 03:17:13.537 15329 30805 W HWUI    : Image decoding logging dropped!
07-09 03:17:13.568 15329 30820 D AppOpsPermissionControl: isAllowed: false
07-09 03:17:13.568 15329 30805 W HWUI    : Image decoding logging dropped!
07-09 03:17:13.597   882   920 I CHRE    : @ 126299.397: [ip] Peak detected: magnitude = 0.193327 hpa, duration = 159.999996 ms
07-09 03:17:13.597   882   920 D CHRE.HAL: Received a nanoapp message from 0x476f6f676c001022 endpoint 0x8082: Type 0x3 size 8 
07-09 03:17:13.597   923   923 I suez-nanoapp-clients: Barometric peak detected: magnitude = 0.193327 hPa (bucket: 4), duration = 160.000000 ms (bucket: 14).
07-09 03:17:13.597   923   923 I suez-nanoapp-clients: Vendor atom [id = 100047] reported.
07-09 03:17:13.601 15329 30814 D AppOpsPermissionControl: isAllowed: false
07-09 03:17:13.623 15329 30814 D AppOpsPermissionControl: isAllowed: false
07-09 03:17:13.632 15329 30805 W HWUI    : Image decoding logging dropped!
07-09 03:17:13.641 15329 30805 W HWUI    : Image decoding logging dropped!
07-09 03:17:13.667 15329 30825 D AppOpsPermissionControl: isAllowed: false
07-09 03:17:13.671 15329 30805 W HWUI    : Image decoding logging dropped!
07-09 03:17:13.676 15329 30805 W HWUI    : Image decoding logging dropped!
07-09 03:17:13.701 15329 30815 D AppOpsPermissionControl: isAllowed: false
07-09 03:17:13.734 15329 30798 D AppOpsPermissionControl: isAllowed: false
07-09 03:17:13.741 15329 30815 W HWUI    : Image decoding logging dropped!
07-09 03:17:13.791 15329 30814 D AppOpsPermissionControl: isAllowed: false
07-09 03:17:13.844 15329 30798 D AppOpsPermissionControl: isAllowed: false
07-09 03:17:13.898 15329 30801 D AppOpsPermissionControl: isAllowed: true
07-09 03:17:13.906 15329 30798 W HWUI    : Image decoding logging dropped!
07-09 03:17:13.911 15329 30798 W HWUI    : Image decoding logging dropped!
07-09 03:17:13.967 15329 30825 D AppOpsPermissionControl: isAllowed: false
07-09 03:17:13.969 15329 30798 W HWUI    : Image decoding logging dropped!
07-09 03:17:13.976 15329 30798 W HWUI    : Image decoding logging dropped!
07-09 03:17:14.054 15329 30823 D AppOpsPermissionControl: isAllowed: false
07-09 03:17:14.062  1204  1204 I RemoteContentProtectionService: Connection status for: ComponentInfo{com.google.android.odad/com.google.android.apps.miphone.odad.contentprotection.ContentProtectionService} changed to: disconnected
07-09 03:17:14.067 15329 30825 W HWUI    : Image decoding logging dropped!
07-09 03:17:14.073 15329 30825 W HWUI    : Image decoding logging dropped!
07-09 03:17:14.076 30289 30289 E Finsky  : [2] Failed to load an Item com.android.vending, missing shared fields: [4], missing type-specific fields: [0, 0, 0, 0, 0, 0, 0, 0, 64]
07-09 03:17:14.076 30289 30289 E Finsky  : [2] Failed to load an Item com.Jrockprods.Relaxedpixeltictactoe, no data available.
07-09 03:17:14.076 30289 30289 E Finsky  : [2] Failed to load an Item com.blackiconpack.zwart, no data available.
07-09 03:17:14.076 30289 30289 E Finsky  : [2] Failed to load an Item com.hrtech.criar, no data available.
07-09 03:17:14.076 30289 30289 E Finsky  : [2] Failed to load an Item com.pereira.live, no data available.
07-09 03:17:14.076 30289 30289 E Finsky  : [2] Failed to load an Item com.whicons.iconpack, no data available.
07-09 03:17:14.076 30289 30289 E Finsky  : [2] Failed to load an Item org.petero.droidfish, no data available.
07-09 03:17:14.077 30289 30289 E Finsky  : [2] Failed to load an Item ru.bandgplay.tsumego, no data available.
07-09 03:17:14.077 30289 30289 E Finsky  : [2] Required items [com.android.vending, com.Jrockprods.Relaxedpixeltictactoe, com.blackiconpack.zwart, com.hrtech.criar, com.pereira.live, com.whicons.iconpack, org.petero.droidfish, ru.bandgplay.tsumego]
07-09 03:17:14.077 30289 30289 E Finsky  : [2] Requested items [[org.petero.droidfish, com.Jrockprods.Relaxedpixeltictactoe, com.blackiconpack.zwart, com.whicons.iconpack, com.pereira.live, com.android.vending, com.hrtech.criar, ru.bandgplay.tsumego]]
07-09 03:17:14.077 30289 30289 E Finsky  : [2] Retrieved items []
07-09 03:17:14.176 15329 30820 D AppOpsPermissionControl: isAllowed: false
07-09 03:17:14.179 15329 30823 W HWUI    : Image decoding logging dropped!
07-09 03:17:14.320 15329 30805 D AppOpsPermissionControl: isAllowed: false
07-09 03:17:14.379 15329 30815 D AppOpsPermissionControl: isAllowed: false
07-09 03:17:14.382 15329 30816 W HWUI    : Image decoding logging dropped!
07-09 03:17:14.421 15329 30798 D AppOpsPermissionControl: isAllowed: false
07-09 03:17:14.422 15329 30825 W HWUI    : Image decoding logging dropped!
07-09 03:17:14.505  1204  6073 W EnhancedConfirmationService: The packageName should not be null.
07-09 03:17:14.506 26955 26955 I ContentProtectionServic: CP service destroyed
07-09 03:17:14.507  1204  1204 I RemoteContentProtectionService: Connection status for: ComponentInfo{com.google.android.odad/com.google.android.apps.miphone.odad.contentprotection.ContentProtectionService} changed to: disconnected
07-09 03:17:14.507 15329 30820 D AppOpsPermissionControl: isAllowed: false
07-09 03:17:14.766  1687  1696 I pixel-thermal: VIRTUAL-SKIN-CPU:35.1953 raw data: VIRTUAL-QI-GNSS:34072.8 VIRTUAL-QI-QUIET:34365.2 VIRTUAL-QUIET-BATT:31403.2 VIRTUAL-SKIN:35195.3 VIRTUAL-SKIN-CPU:35195.3 VIRTUAL-USB2-DISP:35195.3 battery:33100 disp_therm:33731 gnss_tcxo_therm:38851 qi_therm:37738 quiet_therm:33241 usb_pwr_therm2:33508 
07-09 03:17:14.768  1687  1696 I pixel-thermal: quiet_therm:33.241 raw data: quiet_therm:33241 
07-09 03:17:14.768  1687  1696 I pixel-thermal: VIRTUAL-SKIN:35.1953 raw data: VIRTUAL-SKIN:35195.3 
07-09 03:17:14.768  1687  1696 I pixel-thermal: VIRTUAL-SKIN-HINT:35.1953 raw data: VIRTUAL-SKIN:35195.3 VIRTUAL-SKIN-HINT:35195.3 
07-09 03:17:14.769  1687  1696 I pixel-thermal: VIRTUAL-SKIN-CHARGE:35.1953 raw data: VIRTUAL-QI-BATT:33620.4 VIRTUAL-QI-GNSS:34072.8 VIRTUAL-QUIET-BATT:31403.2 VIRTUAL-SKIN-CHARGE:35195.3 VIRTUAL-USB2-DISP:35195.3 battery:33100 qi_therm:37738 
07-09 03:17:14.769  1687  1696 I pixel-thermal: VIRTUAL-SKIN-CPU-GPU:35.1953 raw data: VIRTUAL-SKIN:35195.3 VIRTUAL-SKIN-CPU-GPU:35195.3 
07-09 03:17:14.769  1687  1696 I pixel-thermal: cellular-emergency:35.1953 raw data: VIRTUAL-SKIN:35195.3 cellular-emergency:35195.3 
07-09 03:17:14.807 15329 30815 D AppOpsPermissionControl: isAllowed: false
07-09 03:17:14.815 15329 30820 W HWUI    : Image decoding logging dropped!
07-09 03:17:14.897  1325  1325 D AOC     : A3:MSG: usf_stat.cc, 882: USF: Received request for statistics: SMD
07-09 03:17:14.899  1325  1325 D AOC     : A3:MSG: usf_stat.cc, 882: USF: Received request for statistics: build_stat
07-09 03:17:14.901  1325  1325 D AOC     : A3:MSG: usf_stat.cc, 882: USF: Received request for statistics: efw_power_stat
07-09 03:17:14.904  1325  1325 D AOC     : A3:MSG: usf_stat.cc, 882: USF: Received request for statistics: flat_buffer_stat
07-09 03:17:14.907  1325  1325 D AOC     : A3:MSG: usf_stat.cc, 882: USF: Received request for statistics: i2c_bus_stat
07-09 03:17:14.908  1325  1325 D AOC     : A3:MSG: usf_stat.cc, 882: USF: Received request for statistics: intr_mgr_stat
07-09 03:17:14.910  1325  1325 D AOC     : A3:MSG: usf_stat.cc, 882: USF: Received request for statistics: intr_stat
07-09 03:17:14.911  1325  1325 D AOC     : A3:MSG: usf_stat.cc, 882: USF: Received request for statistics: ipc_link_stat
07-09 03:17:14.913  1325  1325 D AOC     : A3:MSG: usf_stat.cc, 882: USF: Received request for statistics: local_sample_event_channel_stat
07-09 03:17:14.915  1325  1325 D AOC     : A3:MSG: usf_stat.cc, 882: USF: Received request for statistics: lsm6dsr0_dump
07-09 03:17:14.916  1325  1325 D AOC     : A3:MSG: usf_stat.cc, 882: USF: Received request for statistics: lsm6dsr_stats
07-09 03:17:14.918  1325  1325 D AOC     : A3:MSG: usf_stat.cc, 882: USF: Received request for statistics: lsm6dsr_stats
07-09 03:17:14.920  1325  1325 D AOC     : A3:MSG: usf_stat.cc, 882: USF: Received request for statistics: lsm6dsr_stats
07-09 03:17:14.922  1325  1325 D AOC     : A3:MSG: usf_stat.cc, 882: USF: Received request for statistics: mem_pool_stat
07-09 03:17:14.923  1325  1325 D AOC     : A3:MSG: usf_stat.cc, 882: USF: Received request for statistics: mem_stat
07-09 03:17:14.925  1325  1325 D AOC     : A3:MSG: usf_stat.cc, 882: USF: Received request for statistics: mmc56x3x0_dump
07-09 03:17:14.927  1325  1325 D AOC     : A3:MSG: usf_stat.cc, 882: USF: Received request for statistics: msg_batch_stat
07-09 03:17:14.931  1325  1325 D AOC     : A3:MSG: usf_stat.cc, 882: USF: Received request for statistics: msg_frag_stat
07-09 03:17:14.931  1325  1325 D AOC     : A3:MSG: usf_stat.cc, 882: USF: Received request for statistics: msg_stat
07-09 03:17:14.934  1325  1325 D AOC     : A3:MSG: usf_stat.cc, 882: USF: Received request for statistics: pdm_mgr_stat
07-09 03:17:14.934  1325  1325 D AOC     : A3:MSG: usf_stat.cc, 882: USF: Received request for statistics: pdm_stat
07-09 03:17:14.936  1325  1325 D AOC     : A3:MSG: usf_stat.cc, 882: USF: Received request for statistics: power_stat
07-09 03:17:14.937  1325  1325 D AOC     : A3:MSG: usf_stat.cc, 882: USF: Received request for statistics: precondition_stat
07-09 03:17:14.939  1325  1325 D AOC     : A3:MSG: usf_stat.cc, 882: USF: Received request for statistics: precondition_stat
07-09 03:17:14.941  1325  1325 D AOC     : A3:MSG: usf_stat.cc, 882: USF: Received request for statistics: sample_fifo_stat
07-09 03:17:14.942  1325  1325 D AOC     : A3:MSG: usf_stat.cc, 882: USF: Received request for statistics: sample_fifo_stat
07-09 03:17:14.944  1325  1325 D AOC     : A3:MSG: usf_stat.cc, 882: USF: Received request for statistics: sample_latency_stat
07-09 03:17:14.946  1325  1325 D AOC     : A3:MSG: usf_stat.cc, 882: USF: Received request for statistics: sample_latency_stat
07-09 03:17:14.948  1325  1325 D AOC     : A3:MSG: usf_stat.cc, 882: USF: Received request for statistics: sample_latency_stat
07-09 03:17:14.949  1325  1325 D AOC     : A3:MSG: usf_stat.cc, 882: USF: Received request for statistics: sample_latency_stat
07-09 03:17:14.952  1325  1325 D AOC     : A3:MSG: usf_stat.cc, 882: USF: Received request for statistics: sample_latency_stat
07-09 03:17:14.957  1325  1325 D AOC     : A3:MSG: usf_stat.cc, 882: USF: Received request for statistics: sample_pool_stat
07-09 03:17:14.960  1325  1325 D AOC     : A3:MSG: usf_stat.cc, 882: USF: Received request for statistics: sampling_config
07-09 03:17:14.962  1325  1325 D AOC     : A3:MSG: usf_stat.cc, 882: USF: Received request for statistics: sampling_config
07-09 03:17:14.964  1325  1325 D AOC     : A3:MSG: usf_stat.cc, 882: USF: Received request for statistics: sampling_config
07-09 03:17:14.968  1325  1325 D AOC     : A3:MSG: usf_stat.cc, 882: USF: Received request for statistics: sensor_mgr_stat
07-09 03:17:14.970  1325  1325 D AOC     : A3:MSG: usf_stat.cc, 882: USF: Received request for statistics: sensor_stat
07-09 03:17:14.972  1325  1325 D AOC     : A3:MSG: usf_stat.cc, 882: USF: Received request for statistics: sensor_stat
07-09 03:17:14.974  1325  1325 D AOC     : A3:MSG: usf_stat.cc, 882: USF: Received request for statistics: sensor_stat
07-09 03:17:14.976  1325  1325 D AOC     : A3:MSG: usf_stat.cc, 882: USF: Received request for statistics: sensor_stat
07-09 03:17:14.981  1325  1325 D AOC     : A3:MSG: usf_stat.cc, 882: USF: Received request for statistics: sensor_stat
07-09 03:17:14.987  1325  1325 D AOC     : A3:MSG: usf_stat.cc, 882: USF: Received request for statistics: server_stat
07-09 03:17:14.990  1325  1325 D AOC     : A3:MSG: usf_stat.cc, 882: USF: Received request for statistics: server_stat
07-09 03:17:14.992  1325  1325 D AOC     : A3:MSG: usf_stat.cc, 882: USF: Received request for statistics: server_stat
07-09 03:17:14.995  1325  1325 D AOC     : A3:MSG: usf_stat.cc, 882: USF: Received request for statistics: server_stat
07-09 03:17:14.997  1325  1325 D AOC     : A3:MSG: usf_stat.cc, 882: USF: Received request for statistics: server_stat
07-09 03:17:14.999  1325  1325 D AOC     : A3:MSG: usf_stat.cc, 882: USF: Received request for statistics: server_stat
07-09 03:17:15.007  1325  1325 D AOC     : A3:MSG: usf_stat.cc, 882: USF: Received request for statistics: sh_mem_transport_stat
07-09 03:17:15.008  1325  1325 D AOC     : A3:MSG: usf_stat.cc, 882: USF: Received request for statistics: spi_bus_stat
07-09 03:17:15.010  1325  1325 D AOC     : A3:MSG: usf_stat.cc, 882: USF: Received request for statistics: thread_stat
07-09 03:17:15.012  1325  1325 D AOC     : A3:MSG: usf_stat.cc, 882: USF: Received request for statistics: time_mgr_stat
07-09 03:17:15.013  1325  1325 D AOC     : A3:MSG: usf_stat.cc, 882: USF: Received request for statistics: tmd3719_dump
07-09 03:17:15.013  1325  1325 D AOC     : A3:MSG: tmd3719_device.cc, 2061: USF: TMD3719: Dumped state, used 706/1024 bytes.
07-09 03:17:15.016  1325  1325 D AOC     : A3:MSG: usf_stat.cc, 882: USF: Received request for statistics: tmd3719_stats
07-09 03:17:15.018  1325  1325 D AOC     : A3:MSG: usf_stat.cc, 882: USF: Received request for statistics: usf_dram_request_stat
07-09 03:17:15.020  1325  1325 D AOC     : A3:MSG: usf_stat.cc, 882: USF: Received request for statistics: usf_dram_request_stat
07-09 03:17:15.022  1325  1325 D AOC     : A3:MSG: usf_stat.cc, 882: USF: Received request for statistics: vd6282_stats
07-09 03:17:15.023  1325  1325 D AOC     : A3:MSG: usf_stat.cc, 882: USF: Received request for statistics: vsc_request_stat
07-09 03:17:15.025  1325  1325 D AOC     : A3:MSG: usf_stat.cc, 882: USF: Received request for statistics: work_stat
07-09 03:17:15.027  1325  1325 D AOC     : A3:MSG: usf_stat.cc, 882: USF: Received request for statistics: worker_stat
07-09 03:17:15.030  1325  1325 D AOC     : A3:MSG: usf_stat.cc, 882: USF: Received request for statistics: worker_stat
07-09 03:17:15.035   923   969 D USF     : AP/AOC clock synced: AOC: 126300836996094 ns (517328228336 tk), AP: 126305933789121 ns, diff = -5096793027 ns
07-09 03:17:15.045   882   920 I CHRE    : @ 126300.843: [AR] inconsistent: 41.176471
07-09 03:17:15.045   882   920 D CHRE    : @ 126300.844: [ActivityPlatform] type 6, confidence 41
07-09 03:17:15.300  1970  1970 D DLObserver: onReceive(); android.intent.action.BATTERY_CHANGED
07-09 03:17:15.301  1970  1970 D DLObserver: plugged=2
07-09 03:17:15.307  1970  1970 I ReverseChargingControl: handleIntentForReverseCharging(): rtx=0 wlc=0 plgac=0 ac=0 acrtx=0 extra=2 this=com.google.android.systemui.reversecharging.ReverseChargingController@98a52aa
07-09 03:17:15.308  1970  1970 D SystemEventDataSource: onReceive: intentAction
07-09 03:17:15.309  1970  1970 D PowerNotificationWarningsGoogleImpl: onReceive: android.intent.action.BATTERY_CHANGED
07-09 03:17:15.309  1970  3389 D PowerUI : can't show warning due to - plugged: true status unknown: false
07-09 03:17:15.309  1970  3389 D LowPowerWarningsController: cancelNotification->lowBatterySection
07-09 03:17:15.309  1970  1970 D IncompatibleChargerNotification: dispatchIntent: android.intent.action.BATTERY_CHANGED
07-09 03:17:15.309  1970  3389 D LowPowerWarningsController: cancelNotification->severeLowBatterySection
07-09 03:17:15.309  1970  3389 D SevereLowBatteryNotification: cancel()
07-09 03:17:15.315  1970  2024 D GoogleBatteryDataSource: fetchDwellDefendStatus: CONNECTED
07-09 03:17:15.316  1970  2024 D GoogleBatteryDataSource: fetchTempDefendStatus: t_sum=0, time_sum=0 t_avg=0 lst_v=0 lst_t=0 lst_u=0, dt=0, t=0 e=1
07-09 03:17:15.316  1970  2024 D SystemEventDataSource: updatedEventData: SystemEventData(intentAction=android.intent.action.BATTERY_CHANGED, plugged=EventData(value=2), batteryScale=EventData(value=100), batteryLevel=EventData(value=10), chargingStatus=EventData(value=1), maxChargingCurrent=EventData(value=500000), maxChargingVoltage=EventData(value=5000000), batteryStatus=EventData(value=2), halEventData=HalEventData(dockDefendStatus=EventData(value=-3), tempDefendEventData=EventData(value=false), dwellDefendEventData=EventData(value=false)), settingsEventData=SettingsEventData(dockDefenderBypass=EventData(value=0), chargingLimitSettings=EventData(value=0), dndState=EventData(value=false), airplaneState=EventData(value=false)), frameworkApiEventData=FrameworkApiEventData(batterySaverState=EventData(value=false), extremeBatterySaverState=EventData(value=false)))
07-09 03:17:15.316  1970  2024 D SystemEventDataSource: extra doesn't changed, no need to onEventSourceUpdate
07-09 03:17:15.726  1204  1886 D InetDiagMessage: Destroyed 0 sockets, proto=IPPROTO_TCP, family=AF_INET, states=14
07-09 03:17:15.728  1204  1886 D InetDiagMessage: Destroyed 0 sockets, proto=IPPROTO_TCP, family=AF_INET6, states=14
07-09 03:17:15.728  1204  1886 D InetDiagMessage: Destroyed live tcp sockets for uids={10221} in 4ms
07-09 03:17:15.732  1204  1886 D InetDiagMessage: Destroyed 0 sockets, proto=IPPROTO_TCP, family=AF_INET, states=14
07-09 03:17:15.734  1204  1886 D InetDiagMessage: Destroyed 0 sockets, proto=IPPROTO_TCP, family=AF_INET6, states=14
07-09 03:17:15.734  1204  1886 D InetDiagMessage: Destroyed live tcp sockets for uids={20221} in 7ms
07-09 03:17:15.963  1204  1886 D InetDiagMessage: Destroyed 0 sockets, proto=IPPROTO_TCP, family=AF_INET, states=14
07-09 03:17:15.964  1204  1886 D InetDiagMessage: Destroyed 0 sockets, proto=IPPROTO_TCP, family=AF_INET6, states=14
07-09 03:17:15.964  1204  1886 D InetDiagMessage: Destroyed live tcp sockets for uids={10145} in 2ms
07-09 03:17:15.965  1204  1886 D InetDiagMessage: Destroyed 0 sockets, proto=IPPROTO_TCP, family=AF_INET, states=14
07-09 03:17:15.966  1204  1886 D InetDiagMessage: Destroyed 0 sockets, proto=IPPROTO_TCP, family=AF_INET6, states=14
07-09 03:17:15.966  1204  1886 D InetDiagMessage: Destroyed live tcp sockets for uids={20145} in 3ms
07-09 03:17:15.995 15329 15329 D InsetsController: hide(ime(), fromIme=false)
07-09 03:17:15.995 15329 15329 I ImeTracker: com.android.settings:4db55756: onRequestHide at ORIGIN_CLIENT reason HIDE_SOFT_INPUT_BY_INSETS_API fromUser false
07-09 03:17:15.995 15329 15329 I ImeTracker: com.android.settings:4db55756: onCancelled at PHASE_CLIENT_ALREADY_HIDDEN
07-09 03:17:16.100 15329 30825 D AppOpsPermissionControl: isAllowed: true
07-09 03:17:16.107 15329 30798 W HWUI    : Image decoding logging dropped!
07-09 03:17:16.112 15329 30798 W HWUI    : Image decoding logging dropped!
07-09 03:17:16.246 15329 30823 D AppOpsPermissionControl: isAllowed: false
07-09 03:17:16.259 15329 30798 W HWUI    : Image decoding logging dropped!
07-09 03:17:16.313   952  2703 I WifiHAL : Creating message to get link statistics; iface = 48
07-09 03:17:16.355   952  2703 I WifiHAL : Getting cached scan results, iface handle = 0xb400007b86225f90
07-09 03:17:16.355   952  2703 E WifiHAL : Creating message to get cached scan results
07-09 03:17:16.355   952  2703 D WifiHAL : error code -95 mapped to -3
07-09 03:17:16.355  1204  1874 E WifiStaIfaceAidlImpl: getCachedScanData failed with service-specific exception: android.os.ServiceSpecificException:  (code 4)
07-09 03:17:16.388  1204  1886 D ConnectivityService: NetReassign [no changes] [c 2] [a 1] [i 5]
07-09 03:17:16.428 30694 30878 D ProfileInstaller: Installing profile for com.example.myapplication
07-09 03:17:16.453 15329 30798 D AppOpsPermissionControl: isAllowed: false
07-09 03:17:16.585  1204  1825 D ActivityManager: freezing 15156 com.mgoogle.android.gms
07-09 03:17:16.875 15329 15329 D SpaLogMetricsProvider: PAGE_LEAVE page 0
07-09 03:17:16.883  1204  6073 D CoreBackPreview: Window{6ac5658 u0 com.android.settings/com.android.settings.spa.SpaActivity}: Setting back callback OnBackInvokedCallbackInfo{mCallback=android.window.IOnBackInvokedCallback$Stub$Proxy@323dd6d, mPriority=0, mIsAnimationCallback=true, mOverrideBehavior=0}
07-09 03:17:16.897 15329 15329 D SpaLogMetricsProvider: PAGE_ENTER page 0
07-09 03:17:16.915 15329 15329 D BrowseActivity: Launching page TogglePermissionAppInfoPage
07-09 03:17:16.935  1204  6073 W EnhancedConfirmationService: The packageName should not be null.
07-09 03:17:16.936 15329 30820 D AppOpsPermissionControl: isAllowed: false
07-09 03:17:16.970  2259  2259 I SHANNON_IMS: 0557 [PROX] Received onSignalStrengthsChanged [CellSignalStrengthLte: rssi=-95 rsrp=-119 rsrq=-8 rssnr=5 cqiTableIndex=1 cqi=12 ta=17 level=1 parametersUseForLevel=0] [SLID:0 APM:false] (ImsConnectivityProxyListener$ImsPhoneStateListener%onSignalStrengthsChanged:413)
07-09 03:17:17.744 15329 30815 D AppOpsPermissionControl: isAllowed: true
07-09 03:17:17.744 15329 15329 W ElapsedTimeUtils: getElapsedTime: sSuwFinishedTimeStamp is null
07-09 03:17:18.086 30289 30289 I Finsky  : [2] SCH: job service start with id 9491.
07-09 03:17:18.242   882   920 D CHRE    : @ 126304.041: [ActivityPlatform] type 6, confidence 41
07-09 03:17:18.243 30289 30718 I Finsky  : [425] SCH: Satisfied jobs for 9491 are: 37-8303
07-09 03:17:18.251 30289 30879 I Finsky  : [432] SCH: Job 37-8303 starting
07-09 03:17:18.254 30289 30289 I Finsky  : [2] Received an install/uninstall event for package com.example.myapplication
07-09 03:17:18.255 30289 30289 I Finsky  : [2] SCH: jobFinished: 37-8303. TimeElapsed: 3ms.
07-09 03:17:18.257 30289 30330 I Finsky  : [183] Not an active Cubes user. Ignoring package install/uninstall event.
07-09 03:17:18.275 30289 30329 I Finsky  : [182] SCH: Scheduling phonesky job Id: 26-1414141414, CT: 1752039317493, Constraints: [{ L: 43200000, D: 44100000, C: CHARGING_NONE, I: IDLE_NONE, N: NET_NONE, B: BATTERY_ANY }]
07-09 03:17:18.275 30289 30329 I Finsky  : [182] SCH: Scheduling phonesky job Id: 50-1029, CT: 1752034483398, Constraints: [{ L: 84090457, D: 85890457, C: CHARGING_NONE, I: IDLE_NONE, N: NET_NONE, B: BATTERY_ANY }]
07-09 03:17:18.282 30289 30330 I Finsky  : [183] SCH: Scheduling 1 system job(s)
07-09 03:17:18.282 30289 30330 W JobInfo : Job 'com.android.vending/com.google.android.finsky.scheduler.process.mainimpl.PhoneskyJobServiceMain#9500' has a deadline with no functional constraints. The deadline won't improve job execution latency. Consider removing the deadline.
07-09 03:17:18.282 30289 30330 I Finsky  : [183] SCH: Scheduling system job Id: 9500, L: 33479211, D: 34379211, C: false, I: false, N: 0
07-09 03:17:18.283  1204  6073 W JobInfo : Job 'com.android.vending/com.google.android.finsky.scheduler.process.mainimpl.PhoneskyJobServiceMain#9500' has a deadline with no functional constraints. The deadline won't improve job execution latency. Consider removing the deadline.
07-09 03:17:18.289 30289 30879 I Finsky  : [432] SCH: job service finished with id 9491.
07-09 03:17:18.290  1204  6073 D CompatChangeReporter: Compat change id reported: 311208629; UID 10106; state: ENABLED
07-09 03:17:18.292  1204  6073 W JobScheduler.JobStatus: Exempted app com.uvnv.mintsim considered buggy
07-09 03:17:18.292  1204  6073 W JobScheduler.JobStatus: Exempted app com.uvnv.mintsim considered buggy
07-09 03:17:18.292  1204  6073 W JobScheduler.JobStatus: Exempted app com.uvnv.mintsim considered buggy
07-09 03:17:18.292  1204  6073 W JobScheduler.JobStatus: Exempted app com.uvnv.mintsim considered buggy
07-09 03:17:18.292  1204  6073 W JobScheduler.JobStatus: Exempted app com.uvnv.mintsim considered buggy
07-09 03:17:18.293  1204  6073 W JobScheduler.JobStatus: Exempted app com.uvnv.mintsim considered buggy
07-09 03:17:18.293  1204  6073 W JobScheduler.JobStatus: Exempted app com.uvnv.mintsim considered buggy
07-09 03:17:18.293  1204  6073 W JobScheduler.JobStatus: Exempted app com.uvnv.mintsim considered buggy
07-09 03:17:18.293  1204  6073 W JobScheduler.JobStatus: Exempted app com.uvnv.mintsim considered buggy
07-09 03:17:18.293  1204  6073 W JobScheduler.JobStatus: Exempted app com.uvnv.mintsim considered buggy
07-09 03:17:18.293  1204  6073 W JobScheduler.JobStatus: Exempted app com.uvnv.mintsim considered buggy
07-09 03:17:18.293  1204  6073 W JobScheduler.JobStatus: Exempted app com.uvnv.mintsim considered buggy
07-09 03:17:18.293  1204  6073 W JobScheduler.JobStatus: Exempted app com.uvnv.mintsim considered buggy
07-09 03:17:18.497  1204  6073 D CoreBackPreview: startBackNavigation currentTask=Task{fe2b3f1 #11185 type=standard A=10534:com.example.myapplication}, topRunningActivity=ActivityRecord{232914022 u0 com.android.settings/.spa.SpaActivity t11185}, callbackInfo=OnBackInvokedCallbackInfo{mCallback=android.window.IOnBackInvokedCallback$Stub$Proxy@323dd6d, mPriority=0, mIsAnimationCallback=true, mOverrideBehavior=0}, currentFocus=Window{6ac5658 u0 com.android.settings/com.android.settings.spa.SpaActivity}
07-09 03:17:18.498  1970  1990 D ShellBackPreview: Received backNavigationInfo:BackNavigationInfo{mType=TYPE_CALLBACK (4), mOnBackNavigationDone=android.os.RemoteCallback@930b74c, mOnBackInvokedCallback=android.window.IOnBackInvokedCallback$Stub$Proxy@25f6395, mPrepareRemoteAnimation=false, mAnimationCallback=true, mCustomizeAnimationInfo=null}
07-09 03:17:18.539  1204  6073 I InputDispatcher: Channel [Gesture Monitor] edge-swipe is stealing input gesture for device 4 from [6ac5658 com.android.settings/com.android.settings.spa.SpaActivity, [Gesture Monitor] swipe-up]
07-09 03:17:18.556 15329 15329 D SpaLogMetricsProvider: PAGE_ENTER page 0
07-09 03:17:18.571 15329 15329 D BrowseActivity: Launching page TogglePermissionAppList
07-09 03:17:18.576  1366  1366 D Vibrator: perform
07-09 03:17:18.585  1366  1366 D Vibrator: on
07-09 03:17:18.586  1366 30881 D Vibrator: waitForComplete
07-09 03:17:18.598  1970  1990 D ShellBackPreview: Finishing gesture with event action: 1
07-09 03:17:18.598  1970  1990 D ShellBackPreview: onGestureFinished() mTriggerBack == true
07-09 03:17:18.598  1970  1990 D ShellBackPreview: Trigger back without dispatching to animator.
07-09 03:17:18.598  1970  1990 D ShellBackPreview: BackAnimationController: finishBackNavigation()
07-09 03:17:18.599  1204  6073 D CoreBackPreview: onBackNavigationDone backType=4, triggerBack=true
07-09 03:17:18.605  1366 30881 D Vibrator: waitForComplete: Get STOP! Set active to 0.
07-09 03:17:18.605  1366  1366 D Vibrator: off
07-09 03:17:18.606  1204  2288 W EnhancedConfirmationService: The packageName should not be null.
07-09 03:17:18.616 15329 30838 D AppOpsPermissionControl: isAllowed: true
07-09 03:17:18.616 15329 30810 D AppOpsPermissionControl: isAllowed: false
07-09 03:17:18.616 15329 30827 D AppOpsPermissionControl: isAllowed: false
07-09 03:17:18.617 15329 30829 D AppOpsPermissionControl: isAllowed: false
07-09 03:17:18.617 15329 30821 D AppOpsPermissionControl: isAllowed: false
07-09 03:17:18.617 15329 30798 D AppOpsPermissionControl: isAllowed: false
07-09 03:17:18.617 15329 30803 D AppOpsPermissionControl: isAllowed: false
07-09 03:17:18.618 15329 30830 D AppOpsPermissionControl: isAllowed: false
07-09 03:17:18.618 15329 30838 D AppOpsPermissionControl: isAllowed: false
07-09 03:17:18.618 15329 30810 D AppOpsPermissionControl: isAllowed: true
07-09 03:17:18.618 15329 30827 D AppOpsPermissionControl: isAllowed: true
07-09 03:17:18.643 15329 15329 D SpaLogMetricsProvider: PAGE_LEAVE page 0
07-09 03:17:18.652 15329 15329 W WindowOnBackDispatcher: sendCancelIfRunning: isInProgress=false callback=androidx.activity.OnBackPressedDispatcher$Api34Impl$createOnBackAnimationCallback$1@949fbc8
07-09 03:17:18.652  1204  6073 D CoreBackPreview: Window{6ac5658 u0 com.android.settings/com.android.settings.spa.SpaActivity}: Setting back callback OnBackInvokedCallbackInfo{mCallback=android.window.IOnBackInvokedCallback$Stub$Proxy@8655de3, mPriority=-1, mIsAnimationCallback=false, mOverrideBehavior=0}
07-09 03:17:19.359  1204  2672 D CoreBackPreview: startBackNavigation currentTask=Task{fe2b3f1 #11185 type=standard A=10534:com.example.myapplication}, topRunningActivity=ActivityRecord{232914022 u0 com.android.settings/.spa.SpaActivity t11185}, callbackInfo=OnBackInvokedCallbackInfo{mCallback=android.window.IOnBackInvokedCallback$Stub$Proxy@8655de3, mPriority=-1, mIsAnimationCallback=false, mOverrideBehavior=0}, currentFocus=Window{6ac5658 u0 com.android.settings/com.android.settings.spa.SpaActivity}
07-09 03:17:19.359  1204  2672 D CoreBackPreview: Previous Destination is Activity:ComponentInfo{com.android.settings/com.android.settings.fuelgauge.RequestIgnoreBatteryOptimizations} Task:null removedContainer:null, backType=TYPE_CALLBACK
07-09 03:17:19.360  1970  1990 D ShellBackPreview: Received backNavigationInfo:BackNavigationInfo{mType=TYPE_CALLBACK (4), mOnBackNavigationDone=null, mOnBackInvokedCallback=android.window.IOnBackInvokedCallback$Stub$Proxy@a1c3976, mPrepareRemoteAnimation=false, mAnimationCallback=false, mCustomizeAnimationInfo=null}
07-09 03:17:19.382   952  2703 I WifiHAL : Creating message to get link statistics; iface = 48
07-09 03:17:19.420  1204  5549 I InputDispatcher: Channel [Gesture Monitor] edge-swipe is stealing input gesture for device 4 from [6ac5658 com.android.settings/com.android.settings.spa.SpaActivity, [Gesture Monitor] swipe-up]
07-09 03:17:19.429   952   952 I WifiHAL : Getting cached scan results, iface handle = 0xb400007b86225f90
07-09 03:17:19.429   952   952 E WifiHAL : Creating message to get cached scan results
07-09 03:17:19.429   952   952 D WifiHAL : error code -95 mapped to -3
07-09 03:17:19.429  1204  1874 E WifiStaIfaceAidlImpl: getCachedScanData failed with service-specific exception: android.os.ServiceSpecificException:  (code 4)
07-09 03:17:19.438  1366  1366 D Vibrator: perform
07-09 03:17:19.439  1366  1366 D Vibrator: on
07-09 03:17:19.440  1366 30883 D Vibrator: waitForComplete
07-09 03:17:19.459  1204  1886 D ConnectivityService: NetReassign [no changes] [c 2] [a 2] [i 1]
07-09 03:17:19.464  1366 30883 D Vibrator: waitForComplete: Get STOP! Set active to 0.
07-09 03:17:19.464  1366  1366 D Vibrator: off
07-09 03:17:19.472  1970  1990 D ShellBackPreview: Finishing gesture with event action: 1
07-09 03:17:19.472  1970  1990 D ShellBackPreview: onGestureFinished() mTriggerBack == true
07-09 03:17:19.472  1970  1990 D ShellBackPreview: Trigger back without dispatching to animator.
07-09 03:17:19.472  1970  1990 D ShellBackPreview: BackAnimationController: finishBackNavigation()
07-09 03:17:19.474  1970  1990 V WindowManagerShell: Transition requested (#1116): android.os.BinderProxy@bc37813 TransitionRequestInfo { type = CLOSE, triggerTask = null, pipChange = null, remoteTransition = null, displayChange = null, flags = 0, debugId = 1116 }
07-09 03:17:19.476  1204  1937 D BackgroundInstallControlService: Package event received: 0
07-09 03:17:19.479 30694 30694 D ViewRootImpl: Skipping stats log for color mode
07-09 03:17:19.479  4902 27378 D ForegroundUtils: Foreground UID status:
07-09 03:17:19.479  4902 27378 D ForegroundUtils: UID: 1002 is in foreground: true
07-09 03:17:19.479  4902 27378 D ForegroundUtils: UID: 10072 is in foreground: false
07-09 03:17:19.479  4902 27378 D ForegroundUtils: UID: 10106 is in foreground: true
07-09 03:17:19.479  4902 27378 D ForegroundUtils: UID: 10109 is in foreground: false
07-09 03:17:19.479  4902 27378 D ForegroundUtils: UID: 10116 is in foreground: false
07-09 03:17:19.479  4902 27378 D ForegroundUtils: UID: 10122 is in foreground: false
07-09 03:17:19.479  4902 27378 D ForegroundUtils: UID: 10164 is in foreground: false
07-09 03:17:19.479  4902 27378 D ForegroundUtils: UID: 10201 is in foreground: false
07-09 03:17:19.479  4902 27378 D ForegroundUtils: UID: 10204 is in foreground: true
07-09 03:17:19.479  4902 27378 D ForegroundUtils: UID: 10216 is in foreground: true
07-09 03:17:19.479  4902 27378 D ForegroundUtils: UID: 10221 is in foreground: false
07-09 03:17:19.479  4902 27378 D ForegroundUtils: UID: 10236 is in foreground: false
07-09 03:17:19.479  4902 27378 D ForegroundUtils: UID: 10306 is in foreground: false
07-09 03:17:19.479  4902 27378 D ForegroundUtils: UID: 10312 is in foreground: false
07-09 03:17:19.479  4902 27378 D ForegroundUtils: UID: 10400 is in foreground: false
07-09 03:17:19.479  4902 27378 D ForegroundUtils: UID: 10481 is in foreground: false
07-09 03:17:19.479  4902 27378 D ForegroundUtils: UID: 10511 is in foreground: false
07-09 03:17:19.479  4902 27378 D ForegroundUtils: UID: 10512 is in foreground: false
07-09 03:17:19.479  4902 27378 D ForegroundUtils: UID: 10526 is in foreground: false
07-09 03:17:19.479  4902 27378 D ForegroundUtils: UID: 10534 is in foreground: true
07-09 03:17:19.480   572   627 I BpBinder: onLastStrongRef automatically unlinking death recipients: 
07-09 03:17:19.480   632   632 W powerhal-libperfmgr: Sess(2595), cannot resume, already active
07-09 03:17:19.481  1204  1937 D BackgroundInstallControlService: Package event received: 0
07-09 03:17:19.481  1204  1937 D BackgroundInstallControlService: Package event received: 0
07-09 03:17:19.481  1204  1937 D BackgroundInstallControlService: Package event received: 0
07-09 03:17:19.491   572  1522 W ServiceManagerCppClient: Permission failure: android.permission.ACCESS_SURFACE_FLINGER from uid=10534 pid=0
07-09 03:17:19.491   572  1522 D PermissionCache: checking android.permission.ACCESS_SURFACE_FLINGER for uid=10534 => denied (343 us)
07-09 03:17:19.491   572   627 W ServiceManagerCppClient: Permission failure: android.permission.ACCESS_SURFACE_FLINGER from uid=10534 pid=30694
07-09 03:17:19.491   572   627 D PermissionCache: checking android.permission.ACCESS_SURFACE_FLINGER for uid=10534 => denied (124 us)
07-09 03:17:19.491   572  1522 W ServiceManagerCppClient: Permission failure: android.permission.ROTATE_SURFACE_FLINGER from uid=10534 pid=0
07-09 03:17:19.491   572  1522 D PermissionCache: checking android.permission.ROTATE_SURFACE_FLINGER for uid=10534 => denied (121 us)
07-09 03:17:19.491   572   627 W ServiceManagerCppClient: Permission failure: android.permission.ROTATE_SURFACE_FLINGER from uid=10534 pid=30694
07-09 03:17:19.491   572   627 D PermissionCache: checking android.permission.ROTATE_SURFACE_FLINGER for uid=10534 => denied (127 us)
07-09 03:17:19.491   572   627 W ServiceManagerCppClient: Permission failure: android.permission.INTERNAL_SYSTEM_WINDOW from uid=10534 pid=30694
07-09 03:17:19.491   572   627 D PermissionCache: checking android.permission.INTERNAL_SYSTEM_WINDOW for uid=10534 => denied (110 us)
07-09 03:17:19.491   572  1522 W ServiceManagerCppClient: Permission failure: android.permission.INTERNAL_SYSTEM_WINDOW from uid=10534 pid=0
07-09 03:17:19.491   572  1522 D PermissionCache: checking android.permission.INTERNAL_SYSTEM_WINDOW for uid=10534 => denied (157 us)
07-09 03:17:19.514   572   572 I BpBinder: onLastStrongRef automatically unlinking death recipients: 
07-09 03:17:19.596  1204  6073 W ServiceManagerCppClient: Permission failure: android.permission.ACCESS_SURFACE_FLINGER from uid=10534 pid=0
07-09 03:17:19.596  1204  6073 D PermissionCache: checking android.permission.ACCESS_SURFACE_FLINGER for uid=10534 => denied (228 us)
07-09 03:17:19.596  1204  6073 W ServiceManagerCppClient: Permission failure: android.permission.ROTATE_SURFACE_FLINGER from uid=10534 pid=0
07-09 03:17:19.596  1204  6073 D PermissionCache: checking android.permission.ROTATE_SURFACE_FLINGER for uid=10534 => denied (61 us)
07-09 03:17:19.596  1204  6073 W ServiceManagerCppClient: Permission failure: android.permission.INTERNAL_SYSTEM_WINDOW from uid=10534 pid=0
07-09 03:17:19.596  1204  6073 D PermissionCache: checking android.permission.INTERNAL_SYSTEM_WINDOW for uid=10534 => denied (108 us)
07-09 03:17:19.600  1970  2168 V WindowManagerShell: onTransitionReady(transaction=5171140704489)
07-09 03:17:19.600  1970  1990 V WindowManagerShell: onTransitionReady (#1116) android.os.BinderProxy@bc37813: {id=1116 t=CLOSE f=0x0 trk=0 r=[0@Point(0, 0)] c=[
07-09 03:17:19.600  1970  1990 V WindowManagerShell:         {m=CLOSE f=FILLS_TASK leash=Surface(name=ActivityRecord{232914022 u0 com.android.settings/.spa.SpaActivity)/@0x2821a50 sb=Rect(0, 0 - 1080, 2400) eb=Rect(0, 0 - 1080, 2400) epz=Point(1080, 2400) d=0 bc=ff181c22 component=com.android.settings/.spa.SpaActivity opt={t=FROM_STYLE mUserId=0}},
07-09 03:17:19.600  1970  1990 V WindowManagerShell:         {m=TO_FRONT f=TRANSLUCENT|FILLS_TASK leash=Surface(name=ActivityRecord{80485027 u0 com.android.settings/.fuelgauge.RequestIgnoreBatteryOptimizations)/@0xf49c449 sb=Rect(0, 0 - 1080, 2400) eb=Rect(0, 0 - 1080, 2400) epz=Point(1080, 2400) d=0 bc=ff181c22 component=com.android.settings/.fuelgauge.RequestIgnoreBatteryOptimizations opt={t=FROM_STYLE mUserId=0}},
