07-09 03:17:10.353  1204  1454 I system_server: AssetManager2(0xb40000749d8c66f8) locale list changing from [] to [en-US]
07-09 03:17:10.359  1204  1454 I system_server: AssetManager2(0xb40000749d880b58) locale list changing from [] to [en-US]
07-09 03:17:10.362 30694 30694 I e.myapplication: Using CollectorTypeCMC GC.
07-09 03:17:10.364  1204  1454 I system_server: AssetManager2(0xb40000749d898898) locale list changing from [] to [en-US]
07-09 03:17:10.369  1359  1383 I adbd    : jdwp connection from 30694
07-09 03:17:10.369 30694 30694 D nativeloader: Load libframework-connectivity-tiramisu-jni.so using APEX ns com_android_tethering for caller /apex/com.android.tethering/javalib/framework-connectivity-t.jar: ok
07-09 03:17:10.372  1204  1454 I system_server: AssetManager2(0xb40000749d8ee158) locale list changing from [] to [en-US]
07-09 03:17:10.380  4902 27378 D ForegroundUtils: Foreground UID status:
07-09 03:17:10.381  4902 27378 D ForegroundUtils: UID: 1002 is in foreground: true
07-09 03:17:10.381  4902 27378 D ForegroundUtils: UID: 10072 is in foreground: false
07-09 03:17:10.381  4902 27378 D ForegroundUtils: UID: 10106 is in foreground: true
07-09 03:17:10.381  4902 27378 D ForegroundUtils: UID: 10109 is in foreground: false
07-09 03:17:10.381  4902 27378 D ForegroundUtils: UID: 10116 is in foreground: false
07-09 03:17:10.381  4902 27378 D ForegroundUtils: UID: 10122 is in foreground: false
07-09 03:17:10.381  4902 27378 D ForegroundUtils: UID: 10164 is in foreground: false
07-09 03:17:10.381  4902 27378 D ForegroundUtils: UID: 10201 is in foreground: false
07-09 03:17:10.381  4902 27378 D ForegroundUtils: UID: 10204 is in foreground: true
07-09 03:17:10.381  4902 27378 D ForegroundUtils: UID: 10216 is in foreground: true
07-09 03:17:10.381  4902 27378 D ForegroundUtils: UID: 10221 is in foreground: true
07-09 03:17:10.381  4902 27378 D ForegroundUtils: UID: 10236 is in foreground: false
07-09 03:17:10.381  4902 27378 D ForegroundUtils: UID: 10306 is in foreground: false
07-09 03:17:10.381  4902 27378 D ForegroundUtils: UID: 10312 is in foreground: false
07-09 03:17:10.381  4902 27378 D ForegroundUtils: UID: 10400 is in foreground: false
07-09 03:17:10.381  4902 27378 D ForegroundUtils: UID: 10481 is in foreground: false
07-09 03:17:10.381  4902 27378 D ForegroundUtils: UID: 10511 is in foreground: false
07-09 03:17:10.381  4902 27378 D ForegroundUtils: UID: 10512 is in foreground: false
07-09 03:17:10.381  1204  1937 D BackgroundInstallControlService: Package event received: 0
07-09 03:17:10.381  4902 27378 D ForegroundUtils: UID: 10526 is in foreground: false
07-09 03:17:10.381  4902 27378 D ForegroundUtils: UID: 10534 is in foreground: true
07-09 03:17:10.383  1204  1454 I system_server: AssetManager2(0xb40000749d825e38) locale list changing from [] to [en-US]
07-09 03:17:10.385 30694 30694 D CompatChangeReporter: Compat change id reported: 242716250; UID 10534; state: ENABLED
07-09 03:17:10.388  1204  1454 I system_server: AssetManager2(0xb40000749d8bb4d8) locale list changing from [] to [en-US]
07-09 03:17:10.407  1204  1454 I system_server: AssetManager2(0xb40000749d8e9978) locale list changing from [] to [en-US]
07-09 03:17:10.417 12731 30680 I CpgSchemaBuilder: Creating session
07-09 03:17:10.433  1204  1454 I system_server: AssetManager2(0xb40000749d827418) locale list changing from [] to [en-US]
07-09 03:17:10.441  1204  1454 I system_server: AssetManager2(0xb40000749d879498) locale list changing from [] to [en-US]
07-09 03:17:10.447  1204  1454 I system_server: AssetManager2(0xb40000749d8dddf8) locale list changing from [] to [en-US]
07-09 03:17:10.455 12731 30680 I CpgSchemaBuilder: CPG schemas visible to supported apps, build skipped.
07-09 03:17:10.475 12731 30680 I FSA2_FirstFullSyncsDetector: First full syncs finished before.
07-09 03:17:10.478  1204  1454 I system_server: AssetManager2(0xb40000749d8396b8) locale list changing from [] to [en-US]
07-09 03:17:10.481 12731 30680 W ChimeraUtils: Module com.google.android.gms.people missing resource null(0)
07-09 03:17:10.490 12731 12750 I PeopleChimeraService: onService. callbacks = cgfo@c89e72e, request = com.google.android.gms.common.internal.GetServiceRequest@6bba2cf
07-09 03:17:10.507  1204  1454 I system_server: AssetManager2(0xb40000749d897c18) locale list changing from [] to [en-US]
07-09 03:17:10.512 12731 30680 I FSA2_SyncState: @readSyncState: # eakw@ac0890b3
07-09 03:17:10.513  1204  1454 I system_server: AssetManager2(0xb40000749d8b7018) locale list changing from [] to [en-US]
07-09 03:17:10.519  1204  1454 I system_server: AssetManager2(0xb40000749d893118) locale list changing from [] to [en-US]
07-09 03:17:10.523  1204  1454 I system_server: AssetManager2(0xb40000749d87dc78) locale list changing from [] to [en-US]
07-09 03:17:10.525  1970  1970 D ControlsListingControllerImpl: ServiceConfig reloaded, count: 1
07-09 03:17:10.525  1970  1970 D ControlsListingControllerImpl: ServiceConfig reloaded, count: 1
07-09 03:17:10.527 30289 30289 I Finsky  : [2] aebl - Received: android.intent.action.PACKAGE_ADDED, [OgFYQ0nw0nsK2xDG5wMCV_YcpFNTZAHQC5XLB0vNQUg]
07-09 03:17:10.528 26733 26733 I Finsky:background: [2] aeba - Received: android.intent.action.PACKAGE_ADDED, [OgFYQ0nw0nsK2xDG5wMCV_YcpFNTZAHQC5XLB0vNQUg]
07-09 03:17:10.529  2167  2167 D ServerContainer: uid 10534 is not cached.
07-09 03:17:10.535  1204  1468 D ActivityManager: sync unfroze 4003 com.google.android.apps.nbu.files for 3
07-09 03:17:10.539 30289 30718 I Finsky  : [425] SCH: Received scheduling request: Id: 12-1, Constraints: [{ L: 15000, D: 86400000, C: CHARGING_NONE, I: IDLE_NONE, N: NET_ANY, B: BATTERY_ANY }]
07-09 03:17:10.541 30289 30289 I Finsky  : [2] DTU: Received onPackageAdded, replacing: false
07-09 03:17:10.545  1204  1454 I system_server: AssetManager2(0xb40000749d8338f8) locale list changing from [] to [en-US]
07-09 03:17:10.546  1204  4900 E AppSearchAppsIndexerImpl: Certificate not found for package: org.chromium.webapk.a88b572ff1a452105_v2
07-09 03:17:10.547  1204  4900 E AppSearchAppsIndexerImpl: Certificate not found for package: org.chromium.webapk.a180794bb5a3db680_v2
07-09 03:17:10.549 30289 30289 I Finsky  : [2] Do not start WearSupportService due to Wear service optimization
07-09 03:17:10.549 30289 30289 I Finsky  : [2] Clearing split related stale data.
07-09 03:17:10.556  1204  1454 I system_server: AssetManager2(0xb40000749d8d0658) locale list changing from [] to [en-US]
07-09 03:17:10.560 30694 30694 D nativeloader: Configuring clns-7 for other apk /data/app/~~OsObWs7L-7g45eE3yXHB-A==/com.example.myapplication-ZLZusiOdiD2EU3qRll8m7A==/base.apk. target_sdk_version=34, uses_libraries=, library_path=/data/app/~~OsObWs7L-7g45eE3yXHB-A==/com.example.myapplication-ZLZusiOdiD2EU3qRll8m7A==/lib/arm64, permitted_path=/data:/mnt/expand:/data/user/0/com.example.myapplication
07-09 03:17:10.563 30694 30694 I e.myapplication: AssetManager2(0xb40000749d81ea98) locale list changing from [] to [en-US]
07-09 03:17:10.566 30289 30289 I Finsky  : [2] AIM: AppInfoCacheUpdater -> invalidating apps: [com.example.myapplication]
07-09 03:17:10.566 13911 13911 I fpky    : (REDACTED) O received %s
07-09 03:17:10.566 30289 30289 I Finsky  : [2] AIM: AppInfoManager-Perf > getApps > called for 1 apps
07-09 03:17:10.566 30694 30694 V GraphicsEnvironment: Currently set values for:
07-09 03:17:10.566 30694 30694 V GraphicsEnvironment:   angle_gl_driver_selection_pkgs=[com.android.angle, com.linecorp.b612.android, com.campmobile.snow, com.google.android.apps.tachyon]
07-09 03:17:10.566 30694 30694 V GraphicsEnvironment:   angle_gl_driver_selection_values=[angle, native, native, native]
07-09 03:17:10.566 30694 30694 V GraphicsEnvironment: com.example.myapplication is not listed in per-application setting
07-09 03:17:10.566 30694 30694 V GraphicsEnvironment: Neither updatable production driver nor prerelease driver is supported.
07-09 03:17:10.569 30289 30323 I Finsky  : [174] AIM: AppInfoManager-Perf > OnDeviceAppInfo > cacheHitCount=0, cacheMissCount=1. Missed  in cache (limit 10) : [com.example.myapplication]
07-09 03:17:10.572 30289 30289 I Finsky  : [2] aebl - Received: android.intent.action.PACKAGE_CHANGED, [OgFYQ0nw0nsK2xDG5wMCV_YcpFNTZAHQC5XLB0vNQUg]
07-09 03:17:10.575 30289 30306 I Finsky  : [159] SCH: Received scheduling request: Id: 37-8303, Constraints: [{ L: 0, D: 0, C: CHARGING_NONE, I: IDLE_NONE, N: NET_NONE, B: BATTERY_ANY }]
07-09 03:17:10.579  1204  1796 D ActivityManager: sync unfroze 25394 com.google.android.apps.wellbeing for 7
07-09 03:17:10.580  1204  1937 D BackgroundInstallControlService: Package event received: 0
07-09 03:17:10.581 30289 30330 I Finsky  : [183] AIM: Got app ownership map. App counts: . Unique apps: 0
07-09 03:17:10.581 30289 30330 E Finsky  : [183] [Counters] attempted to use a non-positive increment for: 4752
07-09 03:17:10.582 30289 30330 I Finsky  : [183] AIM: AppInfoManager-Perf > OnDeviceAppInfo > cacheHitCount=0, cacheMissCount=1. Missed  in cache (limit 10) : [com.example.myapplication]
07-09 03:17:10.586  1204  1301 V Configuration: Updating configuration, locales updated from [] to [en_US]
07-09 03:17:10.586  1204  1301 V Configuration: Updating configuration, locales updated from [] to [en_US]
07-09 03:17:10.586  1204  1301 V Configuration: Updating configuration, locales updated from [] to [en_US]
07-09 03:17:10.586  1204  1301 V Configuration: Updating configuration, locales updated from [] to [en_US]
07-09 03:17:10.586  1204  1301 V Configuration: Updating configuration, locales updated from [] to [en_US]
07-09 03:17:10.586  1204  1301 V Configuration: Updating configuration, locales updated from [] to [en_US]
07-09 03:17:10.586  1204  1301 V Configuration: Updating configuration, locales updated from [] to [en_US]
07-09 03:17:10.586  1204  1301 V Configuration: Updating configuration, locales updated from [] to [en_US]
07-09 03:17:10.586  1204  1301 V Configuration: Updating configuration, locales updated from [] to [en_US]
07-09 03:17:10.587  1204  1301 V Configuration: Updating configuration, locales updated from [] to [en_US]
07-09 03:17:10.587  1204  1301 V Configuration: Updating configuration, locales updated from [] to [en_US]
07-09 03:17:10.587  1204  1301 V Configuration: Updating configuration, locales updated from [] to [en_US]
07-09 03:17:10.587  1204  1301 V Configuration: Updating configuration, locales updated from [] to [en_US]
07-09 03:17:10.587  1204  1301 V Configuration: Updating configuration, locales updated from [] to [en_US]
07-09 03:17:10.587  1204  1301 V Configuration: Updating configuration, locales updated from [] to [en_US]
07-09 03:17:10.587  1204  1301 V Configuration: Updating configuration, locales updated from [] to [en_US]
07-09 03:17:10.587  1204  1301 V Configuration: Updating configuration, locales updated from [] to [en_US]
07-09 03:17:10.587  1204  1301 V Configuration: Updating configuration, locales updated from [] to [en_US]
07-09 03:17:10.587  1204  1301 V Configuration: Updating configuration, locales updated from [] to [en_US]
07-09 03:17:10.587  1204  1301 V Configuration: Updating configuration, locales updated from [] to [en_US]
07-09 03:17:10.587  1204  1301 V Configuration: Updating configuration, locales updated from [] to [en_US]
07-09 03:17:10.587  1204  1301 V Configuration: Updating configuration, locales updated from [] to [en_US]
07-09 03:17:10.587  1204  1301 V Configuration: Updating configuration, locales updated from [] to [en_US]
07-09 03:17:10.587  1204  1301 V Configuration: Updating configuration, locales updated from [] to [en_US]
07-09 03:17:10.587  1204  1301 V Configuration: Updating configuration, locales updated from [] to [en_US]
07-09 03:17:10.587  1204  1301 V Configuration: Updating configuration, locales updated from [] to [en_US]
07-09 03:17:10.587  1204  1301 V Configuration: Updating configuration, locales updated from [] to [en_US]
07-09 03:17:10.587  1204  1301 V Configuration: Updating configuration, locales updated from [] to [en_US]
07-09 03:17:10.587  1204  1301 V Configuration: Updating configuration, locales updated from [] to [en_US]
07-09 03:17:10.587  1204  1301 V Configuration: Updating configuration, locales updated from [] to [en_US]
07-09 03:17:10.587  1204  1301 V Configuration: Updating configuration, locales updated from [] to [en_US]
07-09 03:17:10.587  1204  1301 V Configuration: Updating configuration, locales updated from [] to [en_US]
07-09 03:17:10.587  1204  1301 V Configuration: Updating configuration, locales updated from [] to [en_US]
07-09 03:17:10.587  1204  1301 V Configuration: Updating configuration, locales updated from [] to [en_US]
07-09 03:17:10.587  1204  1301 V Configuration: Updating configuration, locales updated from [] to [en_US]
07-09 03:17:10.587  1204  1301 V Configuration: Updating configuration, locales updated from [] to [en_US]
07-09 03:17:10.587  1204  1301 V Configuration: Updating configuration, locales updated from [] to [en_US]
07-09 03:17:10.587  1204  1301 V Configuration: Updating configuration, locales updated from [] to [en_US]
07-09 03:17:10.587  1204  1301 V Configuration: Updating configuration, locales updated from [] to [en_US]
07-09 03:17:10.587  1204  1301 V Configuration: Updating configuration, locales updated from [] to [en_US]
07-09 03:17:10.587  1204  1301 V Configuration: Updating configuration, locales updated from [] to [en_US]
07-09 03:17:10.587  1204  1301 V Configuration: Updating configuration, locales updated from [] to [en_US]
07-09 03:17:10.587  1204  1301 V Configuration: Updating configuration, locales updated from [] to [en_US]
07-09 03:17:10.587  1204  1301 V Configuration: Updating configuration, locales updated from [] to [en_US]
07-09 03:17:10.588  1204  1301 V Configuration: Updating configuration, locales updated from [] to [en_US]
07-09 03:17:10.588  1204  1301 V Configuration: Updating configuration, locales updated from [] to [en_US]
07-09 03:17:10.588  1204  1301 V Configuration: Updating configuration, locales updated from [] to [en_US]
07-09 03:17:10.588  1204  1301 V Configuration: Updating configuration, locales updated from [] to [en_US]
07-09 03:17:10.588  1204  1301 V Configuration: Updating configuration, locales updated from [] to [en_US]
07-09 03:17:10.588  1204  1301 V Configuration: Updating configuration, locales updated from [] to [en_US]
07-09 03:17:10.588  1204  1301 V Configuration: Updating configuration, locales updated from [] to [en_US]
07-09 03:17:10.588  1204  1301 V Configuration: Updating configuration, locales updated from [] to [en_US]
07-09 03:17:10.588  1204  1301 V Configuration: Updating configuration, locales updated from [] to [en_US]
07-09 03:17:10.588  1204  1301 V Configuration: Updating configuration, locales updated from [] to [en_US]
07-09 03:17:10.588  1204  1301 V Configuration: Updating configuration, locales updated from [] to [en_US]
07-09 03:17:10.588  1204  1301 V Configuration: Updating configuration, locales updated from [] to [en_US]
07-09 03:17:10.592 30289 30330 I android.vending: AssetManager2(0xb40000749d8878b8) locale list changing from [] to [en-US]
07-09 03:17:10.596 30694 30694 I e.myapplication: AssetManager2(0xb40000749d819c78) locale list changing from [] to [en-US]
07-09 03:17:10.599  1204  1301 D IntervalStats: Unable to parse usage stats packages: [24, 73, 151, 174, 175, 217, 251, 345, 378, 379, 380, 381, 382, 383, 384, 385, 386, 392, 436, 437, 438, 439, 556, 557, 558, 559, 560, 561, 562, 563, 577, 585, 629, 660, 661, 662, 663, 664, 665, 667, 679, 686, 691, 698, 699]
07-09 03:17:10.601 10154 30738 I Fitness : (REDACTED) OnPackageChangedOperation got intent: %s
07-09 03:17:10.603  1204  1937 D BackgroundInstallControlService: Package event received: 0
07-09 03:17:10.603  1204  1937 D BackgroundInstallControlService: Package event received: 0
07-09 03:17:10.603  1204  1937 D BackgroundInstallControlService: Package event received: 0
07-09 03:17:10.603  1204  1937 D BackgroundInstallControlService: Package event received: 0
07-09 03:17:10.603 30694 30741 I DMABUFHEAPS: Using DMA-BUF heap named: vframe-secure
07-09 03:17:10.608  1204  1814 V Configuration: Updating configuration, locales updated from [] to [en_US,es_US,es_ES]
07-09 03:17:10.609  1204  1814 V Configuration: Updating configuration, locales updated from [] to [en_US,es_US,es_ES]
07-09 03:17:10.609  1204  1814 V Configuration: Updating configuration, locales updated from [] to [en_US,es_US,es_ES]
07-09 03:17:10.609  1204  1814 V Configuration: Updating configuration, locales updated from [] to [en_US]
07-09 03:17:10.609  1204  1814 V Configuration: Updating configuration, locales updated from [] to [en_US]
07-09 03:17:10.609  1204  1814 V Configuration: Updating configuration, locales updated from [] to [en_US,es_US,es_ES]
07-09 03:17:10.609  1204  1814 V Configuration: Updating configuration, locales updated from [] to [en_US]
07-09 03:17:10.609  1204  1814 V Configuration: Updating configuration, locales updated from [] to [en_US]
07-09 03:17:10.609  1204  1814 V Configuration: Updating configuration, locales updated from [] to [en_US,es_US,es_ES]
07-09 03:17:10.609  1204  1814 V Configuration: Updating configuration, locales updated from [] to [en_US,es_US,es_ES]
07-09 03:17:10.610  1204  1814 V Configuration: Updating configuration, locales updated from [] to [en_US]
07-09 03:17:10.610  1204  1814 V Configuration: Updating configuration, locales updated from [] to [en_US,es_US,es_ES]
07-09 03:17:10.610  1204  1814 V Configuration: Updating configuration, locales updated from [] to [en_US]
07-09 03:17:10.610  1204  1814 V Configuration: Updating configuration, locales updated from [] to [en_US,es_US,es_ES]
07-09 03:17:10.613 13911 13986 I hbox:interactor: AssetManager2(0xb40000749d81bed8) locale list changing from [] to [en-US]
07-09 03:17:10.618  1204  1814 V Configuration: Updating configuration, locales updated from [] to [en_US,es_US,es_ES]
07-09 03:17:10.618  1204  1814 V Configuration: Updating configuration, locales updated from [] to [en_US]
07-09 03:17:10.618  1204  1814 V Configuration: Updating configuration, locales updated from [] to [en_US,es_US,es_ES]
07-09 03:17:10.618  1204  1814 V Configuration: Updating configuration, locales updated from [] to [en_US]
07-09 03:17:10.618  1204  1814 V Configuration: Updating configuration, locales updated from [] to [en_US,es_US,es_ES]
07-09 03:17:10.618  1204  1814 V Configuration: Updating configuration, locales updated from [] to [en_US,es_US,es_ES]
07-09 03:17:10.619  1204  1814 V Configuration: Updating configuration, locales updated from [] to [en_US]
07-09 03:17:10.619  1204  1814 V Configuration: Updating configuration, locales updated from [] to [en_US,es_US,es_ES]
07-09 03:17:10.620 30289 30289 I Finsky  : [2] AIM: AppInfoCacheUpdater -> invalidating apps: [com.example.myapplication]
07-09 03:17:10.620 30289 30289 I Finsky  : [2] AIM: AppInfoManager-Perf > getApps > called for 1 apps
07-09 03:17:10.621 30694 30694 D DesktopModeFlagsUtil: Toggle override initialized to: OVERRIDE_UNSET
07-09 03:17:10.623 30289 30305 I Finsky  : [158] RECEIVER_PACKAGE_MONITOR#logWorkEndAndFinishGoAsync: SUCCESS
07-09 03:17:10.626  1204  1814 V Configuration: Updating configuration, locales updated from [] to [en_US,es_US,es_ES]
07-09 03:17:10.629 30289 30323 E Finsky  : [174] [Counters] attempted to use a non-positive increment for: 4753
07-09 03:17:10.630 30289 30323 I Finsky  : [174] AIM: Got app ownership map. App counts: . Unique apps: 0
07-09 03:17:10.630 30289 30323 E Finsky  : [174] [Counters] attempted to use a non-positive increment for: 4752
07-09 03:17:10.633  1970  1990 V WindowManagerShell: Transition animation finished (aborted=false), notifying core (#1114) android.os.BinderProxy@8be15ad@0
07-09 03:17:10.635  5091  5091 D VRI[NovaLauncher]: visibilityChanged oldVisibility=true newVisibility=false
07-09 03:17:10.636  1970  1990 V WindowManagerShell: Track 0 became idle
07-09 03:17:10.636  1970  1990 V WindowManagerShell: All active transition animations finished
07-09 03:17:10.637  1204  6065 D CompatChangeReporter: Compat change id reported: 151861875; UID 1000; state: ENABLED
07-09 03:17:10.638 30289 30323 I Finsky  : [174] AIM: AppInfoManager-Perf > OnDeviceAppInfo > cacheHitCount=0, cacheMissCount=1. Missed  in cache (limit 10) : [com.example.myapplication]
07-09 03:17:10.640 10154 30740 I Fitness : (REDACTED) FitCleanupIntentOperation received Intent %s
07-09 03:17:10.641  1204  1403 V WindowManager: Finish Transition (#1114): created at 07-09 03:17:10.297 collect-started=0.043ms request-sent=14.904ms started=15.739ms ready=47.639ms sent=49.36ms finished=337.173ms
07-09 03:17:10.643  1204  6065 I system_server: AssetManager2(0xb40000749d85bfd8) locale list changing from [] to [en-US]
07-09 03:17:10.646  1204  6065 D CompatChangeReporter: Compat change id reported: 306666082; UID 1000; state: ENABLED
07-09 03:17:10.647  1204  6065 W OptProp : Cannot read opt property android.window.PROPERTY_COMPAT_ALLOW_MIN_ASPECT_RATIO_OVERRIDE
07-09 03:17:10.647  1204  6065 W OptProp : Cannot read opt property android.window.PROPERTY_COMPAT_ALLOW_ORIENTATION_OVERRIDE
07-09 03:17:10.647   572  2286 I BpBinder: onLastStrongRef automatically unlinking death recipients: 
07-09 03:17:10.649  1970  1990 V WindowManagerShell: Transition requested (#1115): android.os.BinderProxy@3da4ac0 TransitionRequestInfo { type = OPEN, triggerTask = TaskInfo{userId=0 taskId=11185 effectiveUid=10534 displayId=0 isRunning=true baseIntent=Intent { act=android.intent.action.MAIN cat=[android.intent.category.LAUNCHER] flg=0x10000000 cmp=com.example.myapplication/.MainActivity } baseActivity=ComponentInfo{com.example.myapplication/com.example.myapplication.MainActivity} topActivity=ComponentInfo{com.android.settings/com.android.settings.Settings$OverlaySettingsActivity} origActivity=null realActivity=ComponentInfo{com.example.myapplication/com.example.myapplication.MainActivity} numActivities=2 lastActiveTime=126301547 supportsMultiWindow=true resizeMode=1 isResizeable=true minWidth=-1 minHeight=-1 defaultMinSize=220 token=WCT{android.window.IWindowContainerToken$Stub$Proxy@73883f9} topActivityType=1 pictureInPictureParams=null shouldDockBigOverlays=false launchIntoPipHostTaskId=-1 lastParentTaskIdBeforePip=-1 displayCutoutSafeInsets=Rect(0, 0 - 0, 0) topActivityInfo=ActivityInfo{6dc3f3e com.android.settings.Settings$OverlaySettingsActivity} launchCookies=[] positionInParent=Point(0, 0) parentTaskId=-1 isFocused=true isVisible=true isVisibleRequested=true isTopActivityNoDisplay=false isSleeping=false locusId=null displayAreaFeatureId=1 isTopActivityTransparent=false isActivityStackTransparent=false lastNonFullscreenBounds=Rect(276, 692 - 804, 1772) capturedLink=null capturedLinkTimestamp=0 requestedVisibleTypes=-9 topActivityRequestOpenInBrowserEducationTimestamp=0 appCompatTaskInfo=AppCompatTaskInfo { topActivityInSizeCompat=false eligibleForLetterboxEducation= false isLetterboxEducationEnabled= false isLetterboxDoubleTapEnabled= false eligibleForUserAspectRatioButton= false topActivityBoundsLetterboxed= false isFromLetterboxDoubleTap= false topActivityLetterboxVerticalPosition= -1 topActivityLetterboxHorizontalPosition= -1 topActivityLetterboxWidth=-1 topActivityLetterboxHeight=-1 topActivityLetterboxAppWidth=-1 topActivityLetterboxAppHeight=-1 isUserFullscreenOverrideEnabled=false isSystemFullscreenOverrideEnabled=false hasMinAspectRatioOverride=false topActivityLetterboxBounds=null cameraCompatTaskInfo=CameraCompatTaskInfo { freeformCameraCompatMode=inactive}} topActivityMainWindowFrame=null}, pipChange = null, remoteTransition = null, displayChange = null, flags = 0, debugId = 1115 }
07-09 03:17:10.649  1970  1990 D ShellSplitScreen: logExit: no-op, mLoggerSessionId is null
07-09 03:17:10.649 10154 30743 I FontLog : (REDACTED) Package %s has no metadata
07-09 03:17:10.649 26733 26733 I Finsky:background: [2] aeba - Received: android.intent.action.PACKAGE_CHANGED, [OgFYQ0nw0nsK2xDG5wMCV_YcpFNTZAHQC5XLB0vNQUg]
07-09 03:17:10.650  1204  6065 I ActivityTaskManager: START u0 {act=android.settings.action.MANAGE_OVERLAY_PERMISSION dat=package: cmp=com.android.settings/.Settings$OverlaySettingsActivity} with LAUNCH_MULTIPLE from uid 10534 (sr=54517656) (BAL_ALLOW_VISIBLE_WINDOW) result code=0
07-09 03:17:10.651 10154 30743 W GCM     : Unexpected forwarded intent: Intent { act=android.intent.action.PACKAGE_ADDED dat=package: flg=0x4000010 pkg=com.google.android.gms cmp=com.google.android.gms/.chimera.PersistentIntentOperationService (has extras) }
07-09 03:17:10.651  1204  5701 W UserManagerService: Requested status bar icon for non-badged user 0
07-09 03:17:10.652  1204  5701 W UserManagerService: Requested status bar icon for non-badged user 0
07-09 03:17:10.654 10154 30740 W NetworkScheduler: Unexpected forwarded intent: Intent { act=android.intent.action.PACKAGE_ADDED dat=package: flg=0x4000010 pkg=com.google.android.gms cmp=com.google.android.gms/.chimera.PersistentIntentOperationService (has extras) }
07-09 03:17:10.655  1204  1796 W OptProp : Cannot read opt property android.window.PROPERTY_COMPAT_ALLOW_MIN_ASPECT_RATIO_OVERRIDE
07-09 03:17:10.655  1204  1796 W OptProp : Cannot read opt property android.window.PROPERTY_COMPAT_ALLOW_ORIENTATION_OVERRIDE
07-09 03:17:10.656  1204  1796 I ActivityTaskManager: START u0 {act=android.settings.REQUEST_IGNORE_BATTERY_OPTIMIZATIONS dat=package: cmp=com.android.settings/.fuelgauge.RequestIgnoreBatteryOptimizations} with LAUNCH_MULTIPLE from uid 10534 (sr=54517656) (BAL_ALLOW_VISIBLE_WINDOW) result code=0
07-09 03:17:10.657 10154 30738 I ProximityAuth: [RecentAppsMediator] Package added: (user=UserHandle{0}) com.example.myapplication
07-09 03:17:10.661 12731 17835 I gle.android.gms: AssetManager2(0xb40000749d823bd8) locale list changing from [] to [en-US]
07-09 03:17:10.662 30660 30661 I artd    : GetBestInfo: /data/app/~~OsObWs7L-7g45eE3yXHB-A==/com.example.myapplication-ZLZusiOdiD2EU3qRll8m7A==/base.apk has no usable artifacts
07-09 03:17:10.662 10154 30738 I .gms.persistent: AssetManager2(0xb40000749d847178) locale list changing from [] to [en-US]
07-09 03:17:10.663 10154 30737 I Fitness : (REDACTED) OnPackageChangedOperation got intent: %s
07-09 03:17:10.666  1204  1814 V Configuration: Updating configuration, locales updated from [] to [en_US,es_US,es_ES]
07-09 03:17:10.666  1204  1814 V Configuration: Updating configuration, locales updated from [] to [en_US,es_US,es_ES]
07-09 03:17:10.666  1204  1814 V Configuration: Updating configuration, locales updated from [] to [en_US,es_US,es_ES]
07-09 03:17:10.666  1204  1814 V Configuration: Updating configuration, locales updated from [] to [en_US,es_US,es_ES]
07-09 03:17:10.666  1204  1814 V Configuration: Updating configuration, locales updated from [] to [en_US]
07-09 03:17:10.666  1204  1814 V Configuration: Updating configuration, locales updated from [] to [en_US]
07-09 03:17:10.667  1204  1814 V Configuration: Updating configuration, locales updated from [] to [en_US,es_US,es_ES]
07-09 03:17:10.667  1204  1814 V Configuration: Updating configuration, locales updated from [] to [en_US]
07-09 03:17:10.667  1204  1814 V Configuration: Updating configuration, locales updated from [] to [en_US]
07-09 03:17:10.667  1204  1814 V Configuration: Updating configuration, locales updated from [] to [en_US,es_US,es_ES]
07-09 03:17:10.667  1204  1814 V Configuration: Updating configuration, locales updated from [] to [en_US,es_US,es_ES]
07-09 03:17:10.667  1204  1814 V Configuration: Updating configuration, locales updated from [] to [en_US]
07-09 03:17:10.667  1204  1814 V Configuration: Updating configuration, locales updated from [] to [en_US,es_US,es_ES]
07-09 03:17:10.667  1204  1814 V Configuration: Updating configuration, locales updated from [] to [en_US]
07-09 03:17:10.667  1204  1814 V Configuration: Updating configuration, locales updated from [] to [en_US,es_US,es_ES]
07-09 03:17:10.672   572   572 I BpBinder: onLastStrongRef automatically unlinking death recipients: 
07-09 03:17:10.672  1204  1814 V Configuration: Updating configuration, locales updated from [] to [en_US]
07-09 03:17:10.672  1204  1814 V Configuration: Updating configuration, locales updated from [] to [en_US,es_US,es_ES]
07-09 03:17:10.672 10154 30743 I Fitness : (REDACTED) FitCleanupIntentOperation received Intent %s
07-09 03:17:10.679  1204  1454 I system_server: AssetManager2(0xb40000749d900718) locale list changing from [] to [en-US]
07-09 03:17:10.685  1204  6073 D CompatChangeReporter: Compat change id reported: 324203798; UID 1000; state: ENABLED
07-09 03:17:10.685  1204  6073 D ActivityManager: quick sync unfreeze 15329 for 1
07-09 03:17:10.686  1204  6073 W OptProp : Cannot read opt property android.window.PROPERTY_COMPAT_ALLOW_RESIZEABLE_ACTIVITY_OVERRIDES
07-09 03:17:10.686  1204  6073 W OptProp : Cannot read opt property android.window.PROPERTY_COMPAT_ALLOW_RESIZEABLE_ACTIVITY_OVERRIDES
07-09 03:17:10.687  1204  6065 D ActivityManager: sync unfroze 15329 com.android.settings for 27
07-09 03:17:10.687  1204  1814 V Configuration: Updating configuration, locales updated from [] to [en_US,es_US,es_ES]
07-09 03:17:10.687  1204  1814 V Configuration: Updating configuration, locales updated from [] to [en_US,es_US,es_ES]
07-09 03:17:10.687  1204  1814 V Configuration: Updating configuration, locales updated from [] to [en_US]
07-09 03:17:10.688  1204  1814 V Configuration: Updating configuration, locales updated from [] to [en_US,es_US,es_ES]
07-09 03:17:10.689  1204  1814 V Configuration: Updating configuration, locales updated from [] to [en_US]
07-09 03:17:10.689  1204  1814 V Configuration: Updating configuration, locales updated from [] to [en_US,es_US,es_ES]
07-09 03:17:10.689  1204  1814 V Configuration: Updating configuration, locales updated from [] to [en_US,es_US,es_ES]
07-09 03:17:10.689  5091  5151 I ImeTracker: com.teslacoilsw.launcher:8dcc9b99: onRequestHide at ORIGIN_CLIENT reason HIDE_SOFT_INPUT fromUser false
07-09 03:17:10.694 26733 30720 I Finsky:background: [237] Wrote row to frosting DB: 123464
07-09 03:17:10.695  1204  1814 V Configuration: Updating configuration, locales updated from [] to [en_US]
07-09 03:17:10.695  1204  1814 V Configuration: Updating configuration, locales updated from [] to [en_US,es_US,es_ES]
07-09 03:17:10.701  5091  5091 D InsetsController: hide(ime(), fromIme=false)
07-09 03:17:10.701  5091  5091 I ImeTracker: com.teslacoilsw.launcher:8dcc9b99: onCancelled at PHASE_CLIENT_ALREADY_HIDDEN
07-09 03:17:10.704  1204  1297 I system_server: Background concurrent mark compact GC freed 38MB AllocSpace bytes, 157(3512KB) LOS objects, 46% free, 109MB/205MB, paused 3.116ms,5.372ms total 685.011ms
07-09 03:17:10.708  1204  1403 D HintManagerService: Sent cleanup message for uid 10221
07-09 03:17:10.708  4902 27378 D ForegroundUtils: Foreground UID status:
07-09 03:17:10.708  4902 27378 D ForegroundUtils: UID: 1002 is in foreground: true
07-09 03:17:10.708  4902 27378 D ForegroundUtils: UID: 10072 is in foreground: false
07-09 03:17:10.708  4902 27378 D ForegroundUtils: UID: 10106 is in foreground: true
07-09 03:17:10.708  4902 27378 D ForegroundUtils: UID: 10109 is in foreground: false
07-09 03:17:10.708  4902 27378 D ForegroundUtils: UID: 10116 is in foreground: false
07-09 03:17:10.708  4902 27378 D ForegroundUtils: UID: 10122 is in foreground: false
07-09 03:17:10.708  4902 27378 D ForegroundUtils: UID: 10164 is in foreground: false
07-09 03:17:10.708  4902 27378 D ForegroundUtils: UID: 10201 is in foreground: false
07-09 03:17:10.708  4902 27378 D ForegroundUtils: UID: 10204 is in foreground: true
07-09 03:17:10.708  4902 27378 D ForegroundUtils: UID: 10216 is in foreground: true
07-09 03:17:10.708  4902 27378 D ForegroundUtils: UID: 10221 is in foreground: false
07-09 03:17:10.708  4902 27378 D ForegroundUtils: UID: 10236 is in foreground: false
07-09 03:17:10.708  4902 27378 D ForegroundUtils: UID: 10306 is in foreground: false
07-09 03:17:10.708  4902 27378 D ForegroundUtils: UID: 10312 is in foreground: false
07-09 03:17:10.708  4902 27378 D ForegroundUtils: UID: 10400 is in foreground: false
07-09 03:17:10.708  4902 27378 D ForegroundUtils: UID: 10481 is in foreground: false
07-09 03:17:10.708  4902 27378 D ForegroundUtils: UID: 10511 is in foreground: false
07-09 03:17:10.708  4902 27378 D ForegroundUtils: UID: 10512 is in foreground: false
07-09 03:17:10.708  4902 27378 D ForegroundUtils: UID: 10526 is in foreground: false
07-09 03:17:10.708  4902 27378 D ForegroundUtils: UID: 10534 is in foreground: true
07-09 03:17:10.710  1204  1299 W System  : A resource failed to call close. 
07-09 03:17:10.711  1204  1814 V Configuration: Updating configuration, locales updated from [] to [en_US,es_US,es_ES]
07-09 03:17:10.711  1204  1814 V Configuration: Updating configuration, locales updated from [] to [en_US,es_US,es_ES]
07-09 03:17:10.711  1204  1814 V Configuration: Updating configuration, locales updated from [] to [en_US]
07-09 03:17:10.711  1204  1814 V Configuration: Updating configuration, locales updated from [] to [en_US,es_US,es_ES]
07-09 03:17:10.711  1204  1814 V Configuration: Updating configuration, locales updated from [] to [en_US]
07-09 03:17:10.711  1204  1814 V Configuration: Updating configuration, locales updated from [] to [en_US,es_US,es_ES]
07-09 03:17:10.711  1204  1814 V Configuration: Updating configuration, locales updated from [] to [en_US,es_US,es_ES]
07-09 03:17:10.714 30289 30329 E Finsky  : [182] [Counters] attempted to use a non-positive increment for: 4753
07-09 03:17:10.714  1204  1814 V Configuration: Updating configuration, locales updated from [] to [en_US]
07-09 03:17:10.714  1204  1814 V Configuration: Updating configuration, locales updated from [] to [en_US,es_US,es_ES]
07-09 03:17:10.715 30289 30329 I Finsky  : [182] AIM: Got app ownership map. App counts: . Unique apps: 0
07-09 03:17:10.715 30289 30329 E Finsky  : [182] [Counters] attempted to use a non-positive increment for: 4752
07-09 03:17:10.715 30289 30329 I Finsky  : [182] AIM: AppInfoManager-Perf > OnDeviceAppInfo > cacheHitCount=0, cacheMissCount=1. Missed  in cache (limit 10) : [com.example.myapplication]
07-09 03:17:10.717 15329 15329 I ndroid.settings: AssetManager2(0xb40000749d8878b8) locale list changing from [] to [en-US]
07-09 03:17:10.735 26733 30720 I Finsky:background: [237] Wrote row to frosting DB: 123465
07-09 03:17:10.735  1204  1814 V Configuration: Updating configuration, locales updated from [] to [en_US,es_US,es_ES]
07-09 03:17:10.735  1204  1814 V Configuration: Updating configuration, locales updated from [] to [en_US,es_US,es_ES]
07-09 03:17:10.735  1204  1814 V Configuration: Updating configuration, locales updated from [] to [en_US,es_US,es_ES]
07-09 03:17:10.735  1204  1814 V Configuration: Updating configuration, locales updated from [] to [en_US,es_US,es_ES]
07-09 03:17:10.735  1204  1814 V Configuration: Updating configuration, locales updated from [] to [en_US,es_US,es_ES]
07-09 03:17:10.735  1204  1814 V Configuration: Updating configuration, locales updated from [] to [en_US]
07-09 03:17:10.735  1204  1814 V Configuration: Updating configuration, locales updated from [] to [en_US]
07-09 03:17:10.736  1204  1814 V Configuration: Updating configuration, locales updated from [] to [en_US,es_US,es_ES]
07-09 03:17:10.736  1204  1814 V Configuration: Updating configuration, locales updated from [] to [en_US]
07-09 03:17:10.736  1204  1814 V Configuration: Updating configuration, locales updated from [] to [en_US]
07-09 03:17:10.736  1204  1814 V Configuration: Updating configuration, locales updated from [] to [en_US,es_US,es_ES]
07-09 03:17:10.736  1204  1814 V Configuration: Updating configuration, locales updated from [] to [en_US,es_US,es_ES]
07-09 03:17:10.738 12731 30727 I Auth    : (REDACTED) [SupervisedAccountIntentOperationV2] onHandleIntent: %s
07-09 03:17:10.739  1204  1814 V Configuration: Updating configuration, locales updated from [] to [en_US]
07-09 03:17:10.739  1204  1814 V Configuration: Updating configuration, locales updated from [] to [en_US,es_US,es_ES]
07-09 03:17:10.740  1204  1814 V Configuration: Updating configuration, locales updated from [] to [en_US]
07-09 03:17:10.740  1204  1814 V Configuration: Updating configuration, locales updated from [] to [en_US,es_US,es_ES]
07-09 03:17:10.747 15329 15329 D ActivityEmbeddingUtils: isSettingsSplitSupported = false
07-09 03:17:10.748  1204  1814 D IntervalStats: Unable to parse usage stats packages: [924]
07-09 03:17:10.751  1204  1814 D IntervalStats: Unable to parse event packages: [924]
07-09 03:17:10.755  1204  5550 V Configuration: Updating configuration, locales updated from [] to [en_US]
07-09 03:17:10.755  1204  5550 V Configuration: Updating configuration, locales updated from [] to [en_US]
07-09 03:17:10.755  1204  5550 V Configuration: Updating configuration, locales updated from [] to [en_US]
07-09 03:17:10.755  1204  5550 V Configuration: Updating configuration, locales updated from [] to [en_US]
07-09 03:17:10.755  1204  5550 V Configuration: Updating configuration, locales updated from [] to [en_US]
07-09 03:17:10.755  1204  5550 V Configuration: Updating configuration, locales updated from [] to [en_US]
07-09 03:17:10.755  1204  5550 V Configuration: Updating configuration, locales updated from [] to [en_US]
07-09 03:17:10.756  1204  5550 V Configuration: Updating configuration, locales updated from [] to [en_US]
07-09 03:17:10.756  1204  5550 V Configuration: Updating configuration, locales updated from [] to [en_US]
07-09 03:17:10.756  1204  5550 V Configuration: Updating configuration, locales updated from [] to [en_US]
07-09 03:17:10.756  1204  5550 V Configuration: Updating configuration, locales updated from [] to [en_US]
07-09 03:17:10.756  1204  5550 V Configuration: Updating configuration, locales updated from [] to [en_US]
07-09 03:17:10.756  1204  5550 V Configuration: Updating configuration, locales updated from [] to [en_US]
07-09 03:17:10.756  1204  5550 V Configuration: Updating configuration, locales updated from [] to [en_US]
07-09 03:17:10.756  1204  5550 V Configuration: Updating configuration, locales updated from [] to [en_US]
07-09 03:17:10.756  1204  5550 V Configuration: Updating configuration, locales updated from [] to [en_US]
07-09 03:17:10.756  1204  5550 V Configuration: Updating configuration, locales updated from [] to [en_US]
07-09 03:17:10.756  1204  5550 V Configuration: Updating configuration, locales updated from [] to [en_US]
07-09 03:17:10.756  1204  5550 V Configuration: Updating configuration, locales updated from [] to [en_US]
07-09 03:17:10.756  1204  5550 V Configuration: Updating configuration, locales updated from [] to [en_US]
07-09 03:17:10.757  1204  5550 V Configuration: Updating configuration, locales updated from [] to [en_US]
07-09 03:17:10.757  1204  5550 V Configuration: Updating configuration, locales updated from [] to [en_US]
07-09 03:17:10.757  1204  5550 V Configuration: Updating configuration, locales updated from [] to [en_US]
07-09 03:17:10.757  1204  5550 V Configuration: Updating configuration, locales updated from [] to [en_US]
07-09 03:17:10.757  1204  5550 V Configuration: Updating configuration, locales updated from [] to [en_US]
07-09 03:17:10.757  1204  5550 V Configuration: Updating configuration, locales updated from [] to [en_US]
07-09 03:17:10.757  1204  5550 V Configuration: Updating configuration, locales updated from [] to [en_US]
07-09 03:17:10.757  1204  5550 V Configuration: Updating configuration, locales updated from [] to [en_US]
07-09 03:17:10.757  1204  5550 V Configuration: Updating configuration, locales updated from [] to [en_US]
07-09 03:17:10.757  1204  5550 V Configuration: Updating configuration, locales updated from [] to [en_US]
07-09 03:17:10.757  1204  5550 V Configuration: Updating configuration, locales updated from [] to [en_US]
07-09 03:17:10.757  1204  5550 V Configuration: Updating configuration, locales updated from [] to [en_US]
07-09 03:17:10.757  1204  5550 V Configuration: Updating configuration, locales updated from [] to [en_US]
07-09 03:17:10.757  1204  5550 V Configuration: Updating configuration, locales updated from [] to [en_US]
07-09 03:17:10.757  1204  5550 V Configuration: Updating configuration, locales updated from [] to [en_US]
07-09 03:17:10.757  1204  5550 V Configuration: Updating configuration, locales updated from [] to [en_US]
07-09 03:17:10.757 15329 15329 W HWUI    : Image decoding logging dropped!
07-09 03:17:10.758 15329 15329 W HWUI    : Image decoding logging dropped!
07-09 03:17:10.760 15329 15329 W HWUI    : Image decoding logging dropped!
07-09 03:17:10.767  1204  2150 W ParceledListSlice: Element #210 is 16512 bytes.
07-09 03:17:10.769 15329 15329 D SettingsActivity: Starting onCreate
07-09 03:17:10.772  1204  6066 W ParceledListSlice: Element #210 is 16512 bytes.
07-09 03:17:10.775  1204  1454 I system_server: AssetManager2(0xb40000749d87f898) locale list changing from [] to [en-US]
07-09 03:17:10.776  1204  5550 V Configuration: Updating configuration, locales updated from [] to [en_US]
07-09 03:17:10.777  1204  5550 V Configuration: Updating configuration, locales updated from [] to [en_US]
07-09 03:17:10.777  1204  5550 V Configuration: Updating configuration, locales updated from [] to [en_US]
07-09 03:17:10.777  1204  5550 V Configuration: Updating configuration, locales updated from [] to [en_US]
07-09 03:17:10.777  1204  5550 V Configuration: Updating configuration, locales updated from [] to [en_US]
07-09 03:17:10.777  1204  5550 V Configuration: Updating configuration, locales updated from [] to [en_US]
07-09 03:17:10.777  1204  5550 V Configuration: Updating configuration, locales updated from [] to [en_US]
07-09 03:17:10.777  1204  5550 V Configuration: Updating configuration, locales updated from [] to [en_US]
07-09 03:17:10.777  1204  5550 V Configuration: Updating configuration, locales updated from [] to [en_US]
07-09 03:17:10.777  1204  5550 V Configuration: Updating configuration, locales updated from [] to [en_US]
07-09 03:17:10.777  1204  5550 V Configuration: Updating configuration, locales updated from [] to [en_US]
07-09 03:17:10.777  1204  5550 V Configuration: Updating configuration, locales updated from [] to [en_US]
07-09 03:17:10.777  1204  5550 V Configuration: Updating configuration, locales updated from [] to [en_US]
07-09 03:17:10.777  1204  5550 V Configuration: Updating configuration, locales updated from [] to [en_US]
07-09 03:17:10.777  1204  5550 V Configuration: Updating configuration, locales updated from [] to [en_US]
07-09 03:17:10.777  1204  5550 V Configuration: Updating configuration, locales updated from [] to [en_US]
07-09 03:17:10.777  1204  5550 V Configuration: Updating configuration, locales updated from [] to [en_US]
07-09 03:17:10.777  1204  5550 V Configuration: Updating configuration, locales updated from [] to [en_US]
07-09 03:17:10.777  1204  5550 V Configuration: Updating configuration, locales updated from [] to [en_US]
07-09 03:17:10.777  1204  5550 V Configuration: Updating configuration, locales updated from [] to [en_US]
07-09 03:17:10.778  1204  5550 D IntervalStats: Unable to parse usage stats packages: [24, 73, 151, 174, 175, 217, 251, 345, 378, 379, 380, 381, 382, 383, 384, 385, 386, 392, 436, 437, 438, 439, 556, 557, 558, 559, 560, 561, 562, 563, 577, 585, 629, 660, 661, 662, 663, 664, 665, 667, 679, 686, 691, 698, 699]
07-09 03:17:10.780 30660 30662 I artd    : GetBestInfo: /data/app/~~OsObWs7L-7g45eE3yXHB-A==/com.example.myapplication-ZLZusiOdiD2EU3qRll8m7A==/base.apk has no usable artifacts
07-09 03:17:10.781  1204  1937 D BackgroundInstallControlService: Package event received: 0
07-09 03:17:10.781  1204  1937 D BackgroundInstallControlService: Package event received: 0
07-09 03:17:10.781  1204  1937 D BackgroundInstallControlService: Package event received: 0
07-09 03:17:10.781  1204  1937 D BackgroundInstallControlService: Package event received: 0
07-09 03:17:10.781  1204  1937 D BackgroundInstallControlService: Package event received: 0
07-09 03:17:10.781  1204  1937 D BackgroundInstallControlService: Package event received: 0
07-09 03:17:10.781  1204  1937 D BackgroundInstallControlService: Package event received: 0
07-09 03:17:10.781  1204  6075 W ParceledListSlice: Element #210 is 16512 bytes.
07-09 03:17:10.783 15329 15329 D SettingsActivity: MetricsCategory is 65
07-09 03:17:10.783 15329 15329 D SettingsActivity: Starting to set activity title
07-09 03:17:10.783 15329 15329 D SettingsActivity: Done setting title
07-09 03:17:10.783 15329 15329 D SettingsActivity: Switching to fragment com.android.settings.applications.manageapplications.ManageApplications
07-09 03:17:10.788  1204  5548 W OptProp : Cannot read opt property android.window.PROPERTY_COMPAT_ALLOW_MIN_ASPECT_RATIO_OVERRIDE
07-09 03:17:10.788  1204  5548 W OptProp : Cannot read opt property android.window.PROPERTY_COMPAT_ALLOW_ORIENTATION_OVERRIDE
07-09 03:17:10.790  1204  5548 I ActivityTaskManager: START u0 {cmp=com.android.settings/.spa.SpaActivity (has extras)} with LAUNCH_MULTIPLE from uid 1000 (sr=119997818) (BAL_ALLOW_VISIBLE_WINDOW) result code=0
07-09 03:17:10.791 15329 15329 D SettingsActivity: Executed frag manager pendingTransactions
07-09 03:17:10.792 26733 26942 I Finsky:background: [196] RECEIVER_PACKAGE_MONITOR_BACKGROUND#logWorkEndAndFinishGoAsync: SUCCESS
07-09 03:17:10.803 26733 30720 I Finsky:background: [237] Wrote row to frosting DB: 123466
07-09 03:17:10.806 26733 30720 I Finsky:background: [237] Wrote row to frosting DB: 123467
07-09 03:17:10.807  1204  2150 W ParceledListSlice: Element #367 is 17556 bytes.
07-09 03:17:10.809  1204  6065 D CoreBackPreview: Window{c904eaa u0 com.android.settings/com.android.settings.fuelgauge.RequestIgnoreBatteryOptimizations}: Setting back callback OnBackInvokedCallbackInfo{mCallback=android.window.IOnBackInvokedCallback$Stub$Proxy@efb76ac, mPriority=-1, mIsAnimationCallback=false, mOverrideBehavior=0}
07-09 03:17:10.812  1204  2654 W ParceledListSlice: Element #210 is 16512 bytes.
07-09 03:17:10.812 30289 30323 E Finsky  : [174] [Counters] attempted to use a non-positive increment for: 4753
07-09 03:17:10.819 12731 30727 I NearbyDiscovery: (REDACTED) processGrantSlicePermission: %s
07-09 03:17:10.835  1204  1937 D BackgroundInstallControlService: Package event received: 0
07-09 03:17:10.836  1204  5548 W OptProp : Cannot read opt property android.window.PROPERTY_COMPAT_ALLOW_RESIZEABLE_ACTIVITY_OVERRIDES
07-09 03:17:10.837  1204  1937 D BackgroundInstallControlService: Package event received: 0
07-09 03:17:10.837  1204  1937 D BackgroundInstallControlService: Package event received: 0
07-09 03:17:10.840  1204  1299 W System  : A resource failed to call release. 
07-09 03:17:10.846  1204  2108 D CoreBackPreview: Window{6ac5658 u0 com.android.settings/com.android.settings.spa.SpaActivity}: Setting back callback OnBackInvokedCallbackInfo{mCallback=android.window.IOnBackInvokedCallback$Stub$Proxy@1fd53cc, mPriority=-1, mIsAnimationCallback=false, mOverrideBehavior=0}
07-09 03:17:10.847  1204  1454 I system_server: AssetManager2(0xb40000749d88d678) locale list changing from [] to [en-US]
07-09 03:17:10.847 26733 26941 I Finsky:background: [195] RECEIVER_ENGAGE_PACKAGE_CHANGED#logWorkEndAndFinishGoAsync: SKIPPED_PRECONDITIONS_UNMET
07-09 03:17:10.854 12731 12813 I Icing   : IndexChimeraService.getServiceInterface callingPackage=com.google.android.gms componentName=AppsCorpus serviceId=36
07-09 03:17:10.855 30289 30316 I android.vending: AssetManager2(0xb40000749d827418) locale list changing from [] to [en-US]
07-09 03:17:10.856  1204  5548 W ParceledListSlice: Element #210 is 16512 bytes.
07-09 03:17:10.859 12731 30788 I FSA2_SyncState: @readSyncState: # eakw@ac0890b3
07-09 03:17:10.861  1204  1454 I system_server: AssetManager2(0xb40000749d88add8) locale list changing from [] to [en-US]
07-09 03:17:10.873 30289 30316 I android.vending: AssetManager2(0xb40000749d83c278) locale list changing from [] to [en-US]
07-09 03:17:10.876  1970  2168 V WindowManagerShell: onTransitionReady(transaction=5171140704455)
07-09 03:17:10.876  1970  1990 V WindowManagerShell: onTransitionReady (#1115) android.os.BinderProxy@3da4ac0: {id=1115 t=OPEN f=0x0 trk=0 r=[0@Point(0, 0)] c=[
07-09 03:17:10.876  1970  1990 V WindowManagerShell:         {m=OPEN f=FILLS_TASK leash=Surface(name=ActivityRecord{232914022 u0 com.android.settings/.spa.SpaActivity)/@0x1ed18bb sb=Rect(0, 0 - 0, 0) eb=Rect(0, 0 - 1080, 2400) epz=Point(1080, 2400) d=-1->0 r=-1->0:-1 bc=ff181c22 component=com.android.settings/.spa.SpaActivity opt={t=FROM_STYLE mUserId=0}},
07-09 03:17:10.876  1970  1990 V WindowManagerShell:         {m=TO_BACK f=FILLS_TASK|IS_BEHIND_STARTING_WINDOW leash=Surface(name=ActivityRecord{54517656 u0 com.example.myapplication/.MainActivity)/@0xb1eb1d8 sb=Rect(0, 0 - 1080, 2400) eb=Rect(0, 0 - 1080, 2400) epz=Point(1080, 2400) d=0 bc=ff181c22 component=com.example.myapplication/.MainActivity opt={t=FROM_STYLE mUserId=0}}
07-09 03:17:10.876  1970  1990 V WindowManagerShell:     ]}
07-09 03:17:10.876  1970  1990 V WindowManagerShell: Playing animation for (#1115) android.os.BinderProxy@3da4ac0@0
07-09 03:17:10.876  1970  1990 V ShellRecents: RecentsTransitionHandler.startAnimation: no controller found
