07-09 03:17:10.179 30673 30673 W service : Thread Pool max thread count is 0. Cannot cache binder as linkToDeath cannot be implemented. serviceName: ecm_enhanced_confirmation
07-09 03:17:10.179  1204  1849 I system_server: AssetManager2(0xb40000749d8943d8) locale list changing from [] to [en-US]
07-09 03:17:10.179 30673 30673 W service : Thread Pool max thread count is 0. Cannot cache binder as linkToDeath cannot be implemented. serviceName: econtroller
07-09 03:17:10.179 30673 30673 W service : Thread Pool max thread count is 0. Cannot cache binder as linkToDeath cannot be implemented. serviceName: emergency_affordance
07-09 03:17:10.179 30673 30673 E Parcel  : Reading a NULL string not supported here.
07-09 03:17:10.179 30673 30673 W service : Thread Pool max thread count is 0. Cannot cache binder as linkToDeath cannot be implemented. serviceName: ethernet
07-09 03:17:10.179 30673 30673 W service : Thread Pool max thread count is 0. Cannot cache binder as linkToDeath cannot be implemented. serviceName: euicc_card_controller
07-09 03:17:10.180 30673 30673 W service : Thread Pool max thread count is 0. Cannot cache binder as linkToDeath cannot be implemented. serviceName: external_vibrator_service
07-09 03:17:10.180 30673 30673 W service : Thread Pool max thread count is 0. Cannot cache binder as linkToDeath cannot be implemented. serviceName: feature_flags
07-09 03:17:10.180 30673 30673 W service : Thread Pool max thread count is 0. Cannot cache binder as linkToDeath cannot be implemented. serviceName: file_integrity
07-09 03:17:10.180 30673 30673 W service : Thread Pool max thread count is 0. Cannot cache binder as linkToDeath cannot be implemented. serviceName: fingerprint
07-09 03:17:10.181 30673 30673 W service : Thread Pool max thread count is 0. Cannot cache binder as linkToDeath cannot be implemented. serviceName: font
07-09 03:17:10.181 30673 30673 W service : Thread Pool max thread count is 0. Cannot cache binder as linkToDeath cannot be implemented. serviceName: game
07-09 03:17:10.181  1204  1454 I system_server: AssetManager2(0xb40000749d907798) locale list changing from [] to [en-US]
07-09 03:17:10.181   952  2703 I WifiHAL : Creating message to get link statistics; iface = 48
07-09 03:17:10.182 30673 30673 W service : Thread Pool max thread count is 0. Cannot cache binder as linkToDeath cannot be implemented. serviceName: gfxinfo
07-09 03:17:10.182 30673 30673 E Parcel  : Reading a NULL string not supported here.
07-09 03:17:10.182 30673 30673 W service : Thread Pool max thread count is 0. Cannot cache binder as linkToDeath cannot be implemented. serviceName: gpu
07-09 03:17:10.182 30673 30673 W service : Thread Pool max thread count is 0. Cannot cache binder as linkToDeath cannot be implemented. serviceName: grammatical_inflection
07-09 03:17:10.183 30673 30673 W service : Thread Pool max thread count is 0. Cannot cache binder as linkToDeath cannot be implemented. serviceName: graphicsstats
07-09 03:17:10.184 30673 30673 W service : Thread Pool max thread count is 0. Cannot cache binder as linkToDeath cannot be implemented. serviceName: hardware_properties
07-09 03:17:10.184 30673 30673 W service : Thread Pool max thread count is 0. Cannot cache binder as linkToDeath cannot be implemented. serviceName: healthconnect
07-09 03:17:10.184 30673 30673 W service : Thread Pool max thread count is 0. Cannot cache binder as linkToDeath cannot be implemented. serviceName: imms
07-09 03:17:10.185 30673 30673 W service : Thread Pool max thread count is 0. Cannot cache binder as linkToDeath cannot be implemented. serviceName: incidentcompanion
07-09 03:17:10.185 30673 30673 W service : Thread Pool max thread count is 0. Cannot cache binder as linkToDeath cannot be implemented. serviceName: incremental
07-09 03:17:10.186 30673 30673 W service : Thread Pool max thread count is 0. Cannot cache binder as linkToDeath cannot be implemented. serviceName: input
07-09 03:17:10.186 30673 30673 W service : Thread Pool max thread count is 0. Cannot cache binder as linkToDeath cannot be implemented. serviceName: input_method
07-09 03:17:10.186 30673 30673 W service : Thread Pool max thread count is 0. Cannot cache binder as linkToDeath cannot be implemented. serviceName: inputflinger
07-09 03:17:10.187 30673 30673 W service : Thread Pool max thread count is 0. Cannot cache binder as linkToDeath cannot be implemented. serviceName: ions
07-09 03:17:10.187  1204  1849 I system_server: AssetManager2(0xb40000749d880e78) locale list changing from [] to [en-US]
07-09 03:17:10.187 30673 30673 W service : Thread Pool max thread count is 0. Cannot cache binder as linkToDeath cannot be implemented. serviceName: iphonesubinfo
07-09 03:17:10.188 30673 30673 W service : Thread Pool max thread count is 0. Cannot cache binder as linkToDeath cannot be implemented. serviceName: ipsec
07-09 03:17:10.188 30673 30673 W service : Thread Pool max thread count is 0. Cannot cache binder as linkToDeath cannot be implemented. serviceName: isms
07-09 03:17:10.188 30673 30673 W service : Thread Pool max thread count is 0. Cannot cache binder as linkToDeath cannot be implemented. serviceName: isub
07-09 03:17:10.189 30673 30673 W service : Thread Pool max thread count is 0. Cannot cache binder as linkToDeath cannot be implemented. serviceName: jobscheduler
07-09 03:17:10.189 30673 30673 W service : Thread Pool max thread count is 0. Cannot cache binder as linkToDeath cannot be implemented. serviceName: launcherapps
07-09 03:17:10.190 30673 30673 W service : Thread Pool max thread count is 0. Cannot cache binder as linkToDeath cannot be implemented. serviceName: legacy_permission
07-09 03:17:10.190 12731 30680 W ChimeraUtils: Module com.google.android.gms.people missing resource null(0)
07-09 03:17:10.190 30673 30673 W service : Thread Pool max thread count is 0. Cannot cache binder as linkToDeath cannot be implemented. serviceName: lights
07-09 03:17:10.190  1204  1849 I system_server: AssetManager2(0xb40000749d908a58) locale list changing from [] to [en-US]
07-09 03:17:10.190 30673 30673 W service : Thread Pool max thread count is 0. Cannot cache binder as linkToDeath cannot be implemented. serviceName: locale
07-09 03:17:10.191 30673 30673 W service : Thread Pool max thread count is 0. Cannot cache binder as linkToDeath cannot be implemented. serviceName: location
07-09 03:17:10.191 30673 30673 W service : Thread Pool max thread count is 0. Cannot cache binder as linkToDeath cannot be implemented. serviceName: location_time_zone_manager
07-09 03:17:10.191 30673 30673 E Parcel  : Reading a NULL string not supported here.
07-09 03:17:10.191 30673 30673 W service : Thread Pool max thread count is 0. Cannot cache binder as linkToDeath cannot be implemented. serviceName: lock_settings
07-09 03:17:10.191  1204  1454 I system_server: AssetManager2(0xb40000749d8946f8) locale list changing from [] to [en-US]
07-09 03:17:10.192 30673 30673 W service : Thread Pool max thread count is 0. Cannot cache binder as linkToDeath cannot be implemented. serviceName: logcat
07-09 03:17:10.192 30673 30673 W service : Thread Pool max thread count is 0. Cannot cache binder as linkToDeath cannot be implemented. serviceName: looper_stats
07-09 03:17:10.192 30673 30673 E Parcel  : Reading a NULL string not supported here.
07-09 03:17:10.192 30673 30673 W service : Thread Pool max thread count is 0. Cannot cache binder as linkToDeath cannot be implemented. serviceName: manager
07-09 03:17:10.193 30673 30673 W service : Thread Pool max thread count is 0. Cannot cache binder as linkToDeath cannot be implemented. serviceName: media.aaudio
07-09 03:17:10.193 30673 30673 W service : Thread Pool max thread count is 0. Cannot cache binder as linkToDeath cannot be implemented. serviceName: media.audio_flinger
07-09 03:17:10.193 30673 30673 W service : Thread Pool max thread count is 0. Cannot cache binder as linkToDeath cannot be implemented. serviceName: media.audio_policy
07-09 03:17:10.193 30673 30673 W service : Thread Pool max thread count is 0. Cannot cache binder as linkToDeath cannot be implemented. serviceName: media.camera
07-09 03:17:10.194 30673 30673 W service : Thread Pool max thread count is 0. Cannot cache binder as linkToDeath cannot be implemented. serviceName: media.camera.proxy
07-09 03:17:10.194 30673 30673 W service : Thread Pool max thread count is 0. Cannot cache binder as linkToDeath cannot be implemented. serviceName: media.ecoservice
07-09 03:17:10.195 30673 30673 W service : Thread Pool max thread count is 0. Cannot cache binder as linkToDeath cannot be implemented. serviceName: media.extractor
07-09 03:17:10.195 30673 30673 W service : Thread Pool max thread count is 0. Cannot cache binder as linkToDeath cannot be implemented. serviceName: media.metrics
07-09 03:17:10.195 30673 30673 W service : Thread Pool max thread count is 0. Cannot cache binder as linkToDeath cannot be implemented. serviceName: media.player
07-09 03:17:10.196 30673 30673 W service : Thread Pool max thread count is 0. Cannot cache binder as linkToDeath cannot be implemented. serviceName: media.resource_manager
07-09 03:17:10.196 30673 30673 W service : Thread Pool max thread count is 0. Cannot cache binder as linkToDeath cannot be implemented. serviceName: media.resource_observer
07-09 03:17:10.196 30673 30673 W service : Thread Pool max thread count is 0. Cannot cache binder as linkToDeath cannot be implemented. serviceName: media_communication
07-09 03:17:10.196  1204  1849 W MagnificationConnectionManager: requestConnection duplicated request: connect=false, mConnectionState=DISCONNECTED
07-09 03:17:10.196 30673 30673 W service : Thread Pool max thread count is 0. Cannot cache binder as linkToDeath cannot be implemented. serviceName: media_metrics
07-09 03:17:10.198 30673 30673 W service : Thread Pool max thread count is 0. Cannot cache binder as linkToDeath cannot be implemented. serviceName: media_projection
07-09 03:17:10.199 30673 30673 W service : Thread Pool max thread count is 0. Cannot cache binder as linkToDeath cannot be implemented. serviceName: media_resource_monitor
07-09 03:17:10.199 30673 30673 W service : Thread Pool max thread count is 0. Cannot cache binder as linkToDeath cannot be implemented. serviceName: media_router
07-09 03:17:10.199 30673 30673 W service : Thread Pool max thread count is 0. Cannot cache binder as linkToDeath cannot be implemented. serviceName: media_session
07-09 03:17:10.200  1204  1454 I system_server: AssetManager2(0xb40000749d8a72f8) locale list changing from [] to [en-US]
07-09 03:17:10.200 30673 30673 W service : Thread Pool max thread count is 0. Cannot cache binder as linkToDeath cannot be implemented. serviceName: meminfo
07-09 03:17:10.200 30673 30673 E Parcel  : Reading a NULL string not supported here.
07-09 03:17:10.200 30673 30673 W service : Thread Pool max thread count is 0. Cannot cache binder as linkToDeath cannot be implemented. serviceName: memtrack.proxy
07-09 03:17:10.201 30673 30673 W service : Thread Pool max thread count is 0. Cannot cache binder as linkToDeath cannot be implemented. serviceName: midi
07-09 03:17:10.201 30673 30673 W service : Thread Pool max thread count is 0. Cannot cache binder as linkToDeath cannot be implemented. serviceName: mount
07-09 03:17:10.201 30673 30673 W service : Thread Pool max thread count is 0. Cannot cache binder as linkToDeath cannot be implemented. serviceName: music_recognition
07-09 03:17:10.202 30673 30673 W service : Thread Pool max thread count is 0. Cannot cache binder as linkToDeath cannot be implemented. serviceName: nearby
07-09 03:17:10.202 30673 30673 W service : Thread Pool max thread count is 0. Cannot cache binder as linkToDeath cannot be implemented. serviceName: netd_listener
07-09 03:17:10.202 30673 30673 W service : Thread Pool max thread count is 0. Cannot cache binder as linkToDeath cannot be implemented. serviceName: netpolicy
07-09 03:17:10.203 30673 30673 W service : Thread Pool max thread count is 0. Cannot cache binder as linkToDeath cannot be implemented. serviceName: netstats
07-09 03:17:10.203  1204  1849 W AccessibilitySecurityPolicy: Skipping accessibility service com.tmobile.pr.mytmobile/io.cobrowse.CobrowseAccessibilityService: it does not require the permission android.permission.BIND_ACCESSIBILITY_SERVICE
07-09 03:17:10.203 30673 30673 W service : Thread Pool max thread count is 0. Cannot cache binder as linkToDeath cannot be implemented. serviceName: network_management
07-09 03:17:10.203 30673 30673 W service : Thread Pool max thread count is 0. Cannot cache binder as linkToDeath cannot be implemented. serviceName: network_score
07-09 03:17:10.203 30673 30673 W service : Thread Pool max thread count is 0. Cannot cache binder as linkToDeath cannot be implemented. serviceName: network_stack
07-09 03:17:10.203 30673 30673 W service : Thread Pool max thread count is 0. Cannot cache binder as linkToDeath cannot be implemented. serviceName: network_time_update_service
07-09 03:17:10.203 30673 30673 E Parcel  : Reading a NULL string not supported here.
07-09 03:17:10.204 30673 30673 W service : Thread Pool max thread count is 0. Cannot cache binder as linkToDeath cannot be implemented. serviceName: network_watchlist
07-09 03:17:10.204 30673 30673 W service : Thread Pool max thread count is 0. Cannot cache binder as linkToDeath cannot be implemented. serviceName: nfc
07-09 03:17:10.204 30673 30673 W service : Thread Pool max thread count is 0. Cannot cache binder as linkToDeath cannot be implemented. serviceName: notification
07-09 03:17:10.204 30673 30673 W service : Thread Pool max thread count is 0. Cannot cache binder as linkToDeath cannot be implemented. serviceName: oem_lock
07-09 03:17:10.204 30673 30673 W service : Thread Pool max thread count is 0. Cannot cache binder as linkToDeath cannot be implemented. serviceName: on_device_intelligence
07-09 03:17:10.204 30673 30673 W service : Thread Pool max thread count is 0. Cannot cache binder as linkToDeath cannot be implemented. serviceName: ondevicepersonalization_system_service
07-09 03:17:10.205 30673 30673 W service : Thread Pool max thread count is 0. Cannot cache binder as linkToDeath cannot be implemented. serviceName: otadexopt
07-09 03:17:10.205  1204  1454 I system_server: AssetManager2(0xb40000749d8e73f8) locale list changing from [] to [en-US]
07-09 03:17:10.205 30673 30673 W service : Thread Pool max thread count is 0. Cannot cache binder as linkToDeath cannot be implemented. serviceName: overlay
07-09 03:17:10.205 30673 30673 W service : Thread Pool max thread count is 0. Cannot cache binder as linkToDeath cannot be implemented. serviceName: pac_proxy
07-09 03:17:10.205 30673 30673 W service : Thread Pool max thread count is 0. Cannot cache binder as linkToDeath cannot be implemented. serviceName: package
07-09 03:17:10.205 30673 30673 W service : Thread Pool max thread count is 0. Cannot cache binder as linkToDeath cannot be implemented. serviceName: package_native
07-09 03:17:10.205 30673 30673 W service : Thread Pool max thread count is 0. Cannot cache binder as linkToDeath cannot be implemented. serviceName: people
07-09 03:17:10.206 30673 30673 W service : Thread Pool max thread count is 0. Cannot cache binder as linkToDeath cannot be implemented. serviceName: performance_hint
07-09 03:17:10.206 30673 30673 W service : Thread Pool max thread count is 0. Cannot cache binder as linkToDeath cannot be implemented. serviceName: permission
07-09 03:17:10.207  1204  1849 W MagnificationConnectionManager: requestConnection duplicated request: connect=false, mConnectionState=DISCONNECTED
07-09 03:17:10.207 30673 30673 W service : Thread Pool max thread count is 0. Cannot cache binder as linkToDeath cannot be implemented. serviceName: permission_checker
07-09 03:17:10.208 30673 30673 W service : Thread Pool max thread count is 0. Cannot cache binder as linkToDeath cannot be implemented. serviceName: permissionmgr
07-09 03:17:10.208 30673 30673 W service : Thread Pool max thread count is 0. Cannot cache binder as linkToDeath cannot be implemented. serviceName: persistent_data_block
07-09 03:17:10.209 30673 30673 W service : Thread Pool max thread count is 0. Cannot cache binder as linkToDeath cannot be implemented. serviceName: phone
07-09 03:17:10.209 30673 30673 W service : Thread Pool max thread count is 0. Cannot cache binder as linkToDeath cannot be implemented. serviceName: pinner
07-09 03:17:10.209 30673 30673 W service : Thread Pool max thread count is 0. Cannot cache binder as linkToDeath cannot be implemented. serviceName: platform_compat
07-09 03:17:10.210 30673 30673 W service : Thread Pool max thread count is 0. Cannot cache binder as linkToDeath cannot be implemented. serviceName: platform_compat_native
07-09 03:17:10.210 30673 30673 W service : Thread Pool max thread count is 0. Cannot cache binder as linkToDeath cannot be implemented. serviceName: power
07-09 03:17:10.210 30673 30673 W service : Thread Pool max thread count is 0. Cannot cache binder as linkToDeath cannot be implemented. serviceName: powerstats
07-09 03:17:10.210 30673 30673 W service : Thread Pool max thread count is 0. Cannot cache binder as linkToDeath cannot be implemented. serviceName: print
07-09 03:17:10.211 30673 30673 W service : Thread Pool max thread count is 0. Cannot cache binder as linkToDeath cannot be implemented. serviceName: processinfo
07-09 03:17:10.211 30673 30673 W service : Thread Pool max thread count is 0. Cannot cache binder as linkToDeath cannot be implemented. serviceName: procstats
07-09 03:17:10.211 30673 30673 W service : Thread Pool max thread count is 0. Cannot cache binder as linkToDeath cannot be implemented. serviceName: profiling_service
07-09 03:17:10.211 30673 30673 W service : Thread Pool max thread count is 0. Cannot cache binder as linkToDeath cannot be implemented. serviceName: reboot_readiness
07-09 03:17:10.211 30673 30673 W service : Thread Pool max thread count is 0. Cannot cache binder as linkToDeath cannot be implemented. serviceName: recovery
07-09 03:17:10.211 30673 30673 W service : Thread Pool max thread count is 0. Cannot cache binder as linkToDeath cannot be implemented. serviceName: remote_provisioning
07-09 03:17:10.212 30673 30673 W service : Thread Pool max thread count is 0. Cannot cache binder as linkToDeath cannot be implemented. serviceName: resolver
07-09 03:17:10.212 30673 30673 E Parcel  : Reading a NULL string not supported here.
07-09 03:17:10.212 30673 30673 W service : Thread Pool max thread count is 0. Cannot cache binder as linkToDeath cannot be implemented. serviceName: resources
07-09 03:17:10.213 30673 30673 W service : Thread Pool max thread count is 0. Cannot cache binder as linkToDeath cannot be implemented. serviceName: restrictions
07-09 03:17:10.213 30673 30673 W service : Thread Pool max thread count is 0. Cannot cache binder as linkToDeath cannot be implemented. serviceName: rlsservice
07-09 03:17:10.213 30673 30673 E IPCThreadState: Binder transaction failure. id: 93571314, BR_*: 29201, error: -1 (Operation not permitted)
07-09 03:17:10.213 30673 30673 W service : Thread Pool max thread count is 0. Cannot cache binder as linkToDeath cannot be implemented. serviceName: role
07-09 03:17:10.213 30673 30673 W service : Thread Pool max thread count is 0. Cannot cache binder as linkToDeath cannot be implemented. serviceName: rollback
07-09 03:17:10.214 30673 30673 W service : Thread Pool max thread count is 0. Cannot cache binder as linkToDeath cannot be implemented. serviceName: runtime
07-09 03:17:10.214 30673 30673 E Parcel  : Reading a NULL string not supported here.
07-09 03:17:10.214 30673 30673 W service : Thread Pool max thread count is 0. Cannot cache binder as linkToDeath cannot be implemented. serviceName: safety_center
07-09 03:17:10.215 30673 30673 W service : Thread Pool max thread count is 0. Cannot cache binder as linkToDeath cannot be implemented. serviceName: scheduling_policy
07-09 03:17:10.215 30673 30673 W service : Thread Pool max thread count is 0. Cannot cache binder as linkToDeath cannot be implemented. serviceName: sdk_sandbox
07-09 03:17:10.215 30673 30673 W service : Thread Pool max thread count is 0. Cannot cache binder as linkToDeath cannot be implemented. serviceName: search
07-09 03:17:10.216 30673 30673 W service : Thread Pool max thread count is 0. Cannot cache binder as linkToDeath cannot be implemented. serviceName: search_ui
07-09 03:17:10.216 30673 30673 W service : Thread Pool max thread count is 0. Cannot cache binder as linkToDeath cannot be implemented. serviceName: sec_key_att_app_id_provider
07-09 03:17:10.216 30673 30673 W service : Thread Pool max thread count is 0. Cannot cache binder as linkToDeath cannot be implemented. serviceName: secure_element
07-09 03:17:10.217 30673 30673 W service : Thread Pool max thread count is 0. Cannot cache binder as linkToDeath cannot be implemented. serviceName: security_state
07-09 03:17:10.217 30673 30673 W service : Thread Pool max thread count is 0. Cannot cache binder as linkToDeath cannot be implemented. serviceName: sensitive_content_protection_service
07-09 03:17:10.217 30673 30673 W service : Thread Pool max thread count is 0. Cannot cache binder as linkToDeath cannot be implemented. serviceName: sensor_privacy
07-09 03:17:10.218 30673 30673 W service : Thread Pool max thread count is 0. Cannot cache binder as linkToDeath cannot be implemented. serviceName: sensorservice
07-09 03:17:10.218 30673 30673 W service : Thread Pool max thread count is 0. Cannot cache binder as linkToDeath cannot be implemented. serviceName: serial
07-09 03:17:10.218 30673 30673 W service : Thread Pool max thread count is 0. Cannot cache binder as linkToDeath cannot be implemented. serviceName: servicediscovery
07-09 03:17:10.219 30673 30673 W service : Thread Pool max thread count is 0. Cannot cache binder as linkToDeath cannot be implemented. serviceName: settings
07-09 03:17:10.219 30673 30673 E Parcel  : Reading a NULL string not supported here.
07-09 03:17:10.219 30673 30673 W service : Thread Pool max thread count is 0. Cannot cache binder as linkToDeath cannot be implemented. serviceName: shortcut
07-09 03:17:10.219 30673 30673 W service : Thread Pool max thread count is 0. Cannot cache binder as linkToDeath cannot be implemented. serviceName: simphonebook
07-09 03:17:10.220   952  2703 I WifiHAL : Getting cached scan results, iface handle = 0xb400007b86225f90
07-09 03:17:10.220   952  2703 E WifiHAL : Creating message to get cached scan results
07-09 03:17:10.220   952  2703 D WifiHAL : error code -95 mapped to -3
07-09 03:17:10.220 30673 30673 W service : Thread Pool max thread count is 0. Cannot cache binder as linkToDeath cannot be implemented. serviceName: slice
07-09 03:17:10.220  1204  1874 E WifiStaIfaceAidlImpl: getCachedScanData failed with service-specific exception: android.os.ServiceSpecificException:  (code 4)
07-09 03:17:10.220 30673 30673 W service : Thread Pool max thread count is 0. Cannot cache binder as linkToDeath cannot be implemented. serviceName: smartspace
07-09 03:17:10.220 30673 30673 W service : Thread Pool max thread count is 0. Cannot cache binder as linkToDeath cannot be implemented. serviceName: soundtrigger
07-09 03:17:10.220 30673 30673 W service : Thread Pool max thread count is 0. Cannot cache binder as linkToDeath cannot be implemented. serviceName: soundtrigger_middleware
07-09 03:17:10.221 30673 30673 W service : Thread Pool max thread count is 0. Cannot cache binder as linkToDeath cannot be implemented. serviceName: speech_recognition
07-09 03:17:10.221 30673 30673 W service : Thread Pool max thread count is 0. Cannot cache binder as linkToDeath cannot be implemented. serviceName: stats
07-09 03:17:10.221 30673 30673 W service : Thread Pool max thread count is 0. Cannot cache binder as linkToDeath cannot be implemented. serviceName: statsbootstrap
07-09 03:17:10.221  1204  1454 I system_server: AssetManager2(0xb40000749d8b7978) locale list changing from [] to [en-US]
07-09 03:17:10.221 30673 30673 W service : Thread Pool max thread count is 0. Cannot cache binder as linkToDeath cannot be implemented. serviceName: statscompanion
07-09 03:17:10.222 30673 30673 W service : Thread Pool max thread count is 0. Cannot cache binder as linkToDeath cannot be implemented. serviceName: statsmanager
07-09 03:17:10.222 30673 30673 W service : Thread Pool max thread count is 0. Cannot cache binder as linkToDeath cannot be implemented. serviceName: statusbar
07-09 03:17:10.222 30673 30673 W service : Thread Pool max thread count is 0. Cannot cache binder as linkToDeath cannot be implemented. serviceName: storaged
07-09 03:17:10.223 30673 30673 W service : Thread Pool max thread count is 0. Cannot cache binder as linkToDeath cannot be implemented. serviceName: storaged_pri
07-09 03:17:10.223 30673 30673 W service : Thread Pool max thread count is 0. Cannot cache binder as linkToDeath cannot be implemented. serviceName: storagestats
07-09 03:17:10.224 30673 30673 W service : Thread Pool max thread count is 0. Cannot cache binder as linkToDeath cannot be implemented. serviceName: system_config
07-09 03:17:10.224 30673 30673 W service : Thread Pool max thread count is 0. Cannot cache binder as linkToDeath cannot be implemented. serviceName: system_server_dumper
07-09 03:17:10.224 30673 30673 E Parcel  : Reading a NULL string not supported here.
07-09 03:17:10.224 30673 30673 W service : Thread Pool max thread count is 0. Cannot cache binder as linkToDeath cannot be implemented. serviceName: system_update
07-09 03:17:10.225 30673 30673 W service : Thread Pool max thread count is 0. Cannot cache binder as linkToDeath cannot be implemented. serviceName: telecom
07-09 03:17:10.225 30673 30673 W service : Thread Pool max thread count is 0. Cannot cache binder as linkToDeath cannot be implemented. serviceName: telephony.oem.oemrilhook
07-09 03:17:10.226 30673 30673 W service : Thread Pool max thread count is 0. Cannot cache binder as linkToDeath cannot be implemented. serviceName: telephony.registry
07-09 03:17:10.226 30673 30673 W service : Thread Pool max thread count is 0. Cannot cache binder as linkToDeath cannot be implemented. serviceName: telephony_ims
07-09 03:17:10.227 30673 30673 W service : Thread Pool max thread count is 0. Cannot cache binder as linkToDeath cannot be implemented. serviceName: testharness
07-09 03:17:10.227 30673 30673 E Parcel  : Reading a NULL string not supported here.
07-09 03:17:10.227 30673 30673 W service : Thread Pool max thread count is 0. Cannot cache binder as linkToDeath cannot be implemented. serviceName: tethering
07-09 03:17:10.228 30673 30673 W service : Thread Pool max thread count is 0. Cannot cache binder as linkToDeath cannot be implemented. serviceName: textclassification
07-09 03:17:10.228 30673 30673 W service : Thread Pool max thread count is 0. Cannot cache binder as linkToDeath cannot be implemented. serviceName: textservices
07-09 03:17:10.228 30673 30673 W service : Thread Pool max thread count is 0. Cannot cache binder as linkToDeath cannot be implemented. serviceName: texttospeech
07-09 03:17:10.229 30673 30673 W service : Thread Pool max thread count is 0. Cannot cache binder as linkToDeath cannot be implemented. serviceName: thermalservice
07-09 03:17:10.229 30673 30673 W service : Thread Pool max thread count is 0. Cannot cache binder as linkToDeath cannot be implemented. serviceName: time_detector
07-09 03:17:10.230 30673 30673 W service : Thread Pool max thread count is 0. Cannot cache binder as linkToDeath cannot be implemented. serviceName: time_zone_detector
07-09 03:17:10.230 30673 30673 W service : Thread Pool max thread count is 0. Cannot cache binder as linkToDeath cannot be implemented. serviceName: tracing.proxy
07-09 03:17:10.231 30673 30673 W service : Thread Pool max thread count is 0. Cannot cache binder as linkToDeath cannot be implemented. serviceName: translation
07-09 03:17:10.231  1204  1454 I system_server: AssetManager2(0xb40000749d8c7698) locale list changing from [] to [en-US]
07-09 03:17:10.231 30673 30673 W service : Thread Pool max thread count is 0. Cannot cache binder as linkToDeath cannot be implemented. serviceName: transparency
07-09 03:17:10.231 30673 30673 W service : Thread Pool max thread count is 0. Cannot cache binder as linkToDeath cannot be implemented. serviceName: trust
07-09 03:17:10.232 30673 30673 W service : Thread Pool max thread count is 0. Cannot cache binder as linkToDeath cannot be implemented. serviceName: uimode
07-09 03:17:10.232 30673 30673 W service : Thread Pool max thread count is 0. Cannot cache binder as linkToDeath cannot be implemented. serviceName: updatelock
07-09 03:17:10.232 30673 30673 W service : Thread Pool max thread count is 0. Cannot cache binder as linkToDeath cannot be implemented. serviceName: uri_grants
07-09 03:17:10.232 30673 30673 W service : Thread Pool max thread count is 0. Cannot cache binder as linkToDeath cannot be implemented. serviceName: usagestats
07-09 03:17:10.233 30673 30673 W service : Thread Pool max thread count is 0. Cannot cache binder as linkToDeath cannot be implemented. serviceName: usb
07-09 03:17:10.233 30673 30673 W service : Thread Pool max thread count is 0. Cannot cache binder as linkToDeath cannot be implemented. serviceName: user
07-09 03:17:10.233 30673 30673 W service : Thread Pool max thread count is 0. Cannot cache binder as linkToDeath cannot be implemented. serviceName: vcn_management
07-09 03:17:10.234 30673 30673 W service : Thread Pool max thread count is 0. Cannot cache binder as linkToDeath cannot be implemented. serviceName: vendor.google.battery_mitigation.IBatteryMitigation/default
07-09 03:17:10.234 30673 30673 E IPCThreadState: Binder transaction failure. id: 93571647, BR_*: 29201, error: -1 (Operation not permitted)
07-09 03:17:10.234 12731 30680 W FSA2_GoogleAccountUtil: Syncing device contacts is off.
07-09 03:17:10.235 30673 30673 W service : Thread Pool max thread count is 0. Cannot cache binder as linkToDeath cannot be implemented. serviceName: vendor.google.bluetooth_ext.IBTChannelAvoidance/default
07-09 03:17:10.235 30673 30673 E IPCThreadState: Binder transaction failure. id: 93571651, BR_*: 29201, error: -1 (Operation not permitted)
07-09 03:17:10.236 30673 30673 W service : Thread Pool max thread count is 0. Cannot cache binder as linkToDeath cannot be implemented. serviceName: vendor.google.bluetooth_ext.IBluetoothCcc/default
07-09 03:17:10.236 30673 30673 E IPCThreadState: Binder transaction failure. id: 93571655, BR_*: 29201, error: -1 (Operation not permitted)
07-09 03:17:10.236 30673 30673 W service : Thread Pool max thread count is 0. Cannot cache binder as linkToDeath cannot be implemented. serviceName: vendor.google.bluetooth_ext.IBluetoothEwp/default
07-09 03:17:10.236 30673 30673 E IPCThreadState: Binder transaction failure. id: 93571659, BR_*: 29201, error: -1 (Operation not permitted)
07-09 03:17:10.237 30673 30673 W service : Thread Pool max thread count is 0. Cannot cache binder as linkToDeath cannot be implemented. serviceName: vendor.google.bluetooth_ext.IBluetoothExt/default
07-09 03:17:10.237 30673 30673 E IPCThreadState: Binder transaction failure. id: 93571663, BR_*: 29201, error: -1 (Operation not permitted)
07-09 03:17:10.238 30673 30673 W service : Thread Pool max thread count is 0. Cannot cache binder as linkToDeath cannot be implemented. serviceName: vendor.google.bluetooth_ext.IBluetoothFinder/default
07-09 03:17:10.238 30673 30673 E IPCThreadState: Binder transaction failure. id: 93571667, BR_*: 29201, error: -1 (Operation not permitted)
07-09 03:17:10.238 30673 30673 W service : Thread Pool max thread count is 0. Cannot cache binder as linkToDeath cannot be implemented. serviceName: vendor.google.bluetooth_ext.IBluetoothSar/default
07-09 03:17:10.239 30673 30673 E IPCThreadState: Binder transaction failure. id: 93571671, BR_*: 29201, error: -1 (Operation not permitted)
07-09 03:17:10.239 12731 30680 I People_AppSearchUtilities: Using PlatformStorage API
07-09 03:17:10.239 30673 30673 W service : Thread Pool max thread count is 0. Cannot cache binder as linkToDeath cannot be implemented. serviceName: vendor.google.google_battery.IGoogleBattery/default
07-09 03:17:10.240 30673 30673 E IPCThreadState: Binder transaction failure. id: 93571675, BR_*: 29201, error: -1 (Operation not permitted)
07-09 03:17:10.240 30673 30673 W service : Thread Pool max thread count is 0. Cannot cache binder as linkToDeath cannot be implemented. serviceName: vendor.google.wifi_ext.IWifiExt/default
07-09 03:17:10.240 30673 30673 E IPCThreadState: Binder transaction failure. id: 93571679, BR_*: 29201, error: -1 (Operation not permitted)
07-09 03:17:10.241 30673 30673 W service : Thread Pool max thread count is 0. Cannot cache binder as linkToDeath cannot be implemented. serviceName: vendor.google.wireless_charger.IWirelessCharger/default
07-09 03:17:10.241 30673 30673 E IPCThreadState: Binder transaction failure. id: 93571684, BR_*: 29201, error: -1 (Operation not permitted)
07-09 03:17:10.241 30673 30673 W service : Thread Pool max thread count is 0. Cannot cache binder as linkToDeath cannot be implemented. serviceName: vibrator_manager
07-09 03:17:10.242 30673 30673 W service : Thread Pool max thread count is 0. Cannot cache binder as linkToDeath cannot be implemented. serviceName: virtualdevice
07-09 03:17:10.242  1204  1454 I system_server: AssetManager2(0xb40000749d82db38) locale list changing from [] to [en-US]
07-09 03:17:10.243 30673 30673 W service : Thread Pool max thread count is 0. Cannot cache binder as linkToDeath cannot be implemented. serviceName: virtualdevice_native
07-09 03:17:10.243 30673 30673 W service : Thread Pool max thread count is 0. Cannot cache binder as linkToDeath cannot be implemented. serviceName: voiceinteraction
07-09 03:17:10.244 30673 30673 W service : Thread Pool max thread count is 0. Cannot cache binder as linkToDeath cannot be implemented. serviceName: vpn_management
07-09 03:17:10.244 30673 30673 W service : Thread Pool max thread count is 0. Cannot cache binder as linkToDeath cannot be implemented. serviceName: wallpaper
07-09 03:17:10.245 30673 30673 W service : Thread Pool max thread count is 0. Cannot cache binder as linkToDeath cannot be implemented. serviceName: wallpaper_effects_generation
07-09 03:17:10.245 30673 30673 W service : Thread Pool max thread count is 0. Cannot cache binder as linkToDeath cannot be implemented. serviceName: wearable_sensing
07-09 03:17:10.245 30673 30673 W service : Thread Pool max thread count is 0. Cannot cache binder as linkToDeath cannot be implemented. serviceName: webviewupdate
07-09 03:17:10.246 30673 30673 W service : Thread Pool max thread count is 0. Cannot cache binder as linkToDeath cannot be implemented. serviceName: wifi
07-09 03:17:10.246 30673 30673 W service : Thread Pool max thread count is 0. Cannot cache binder as linkToDeath cannot be implemented. serviceName: wifiaware
07-09 03:17:10.246 30673 30673 W service : Thread Pool max thread count is 0. Cannot cache binder as linkToDeath cannot be implemented. serviceName: wifinl80211
07-09 03:17:10.247 30673 30673 E IPCThreadState: Binder transaction failure. id: 93571756, BR_*: 29201, error: -1 (Operation not permitted)
07-09 03:17:10.247 30673 30673 W service : Thread Pool max thread count is 0. Cannot cache binder as linkToDeath cannot be implemented. serviceName: wifip2p
07-09 03:17:10.247 30673 30673 W service : Thread Pool max thread count is 0. Cannot cache binder as linkToDeath cannot be implemented. serviceName: wifirtt
07-09 03:17:10.248 30673 30673 W service : Thread Pool max thread count is 0. Cannot cache binder as linkToDeath cannot be implemented. serviceName: wifiscanner
07-09 03:17:10.248 30673 30673 W service : Thread Pool max thread count is 0. Cannot cache binder as linkToDeath cannot be implemented. serviceName: window
07-09 03:17:10.251  1204  1454 I system_server: AssetManager2(0xb40000749d8c3b38) locale list changing from [] to [en-US]
07-09 03:17:10.251  1204  1886 D ConnectivityService: NetReassign [no changes] [c 2] [a 2] [i 3]
07-09 03:17:10.255  1204  1454 I system_server: AssetManager2(0xb40000749d8ba538) locale list changing from [] to [en-US]
07-09 03:17:10.263  1204  1454 I system_server: AssetManager2(0xb40000749d893d98) locale list changing from [] to [en-US]
07-09 03:17:10.273  1204  1454 I system_server: AssetManager2(0xb40000749d863058) locale list changing from [] to [en-US]
07-09 03:17:10.278  1204  1454 I system_server: AssetManager2(0xb40000749d8c4498) locale list changing from [] to [en-US]
07-09 03:17:10.290  1204  1301 W ActivityTaskManager: callingPackage for (uid=2000, pid=30688) has no WPC
07-09 03:17:10.292  1204  1301 I system_server: AssetManager2(0xb40000749d888218) locale list changing from [] to [en-US]
07-09 03:17:10.296  1204  1301 V GrammaticalInflectionUtils: AttributionSource: android.content.AttributionSource@92f16ff3 does not have READ_SYSTEM_GRAMMATICAL_GENDER permission.
07-09 03:17:10.297  1204  1301 W OptProp : Cannot read opt property android.window.PROPERTY_COMPAT_ALLOW_RESIZEABLE_ACTIVITY_OVERRIDES
07-09 03:17:10.297  1204  1301 W OptProp : Cannot read opt property android.window.PROPERTY_COMPAT_ALLOW_MIN_ASPECT_RATIO_OVERRIDE
07-09 03:17:10.300   572   800 D DisplayModeController: setDesiredMode 4619827677550801152 {mode={fps=90.00 Hz, modePtr={id=1, vsyncRate=90.00 Hz, peakRefreshRate=90.00 Hz}}, emitEvent=true, force=false}
07-09 03:17:10.301  1204  1301 W OptProp : Cannot read opt property android.window.PROPERTY_COMPAT_ALLOW_ORIENTATION_OVERRIDE
07-09 03:17:10.302   572  1522 I BpBinder: onLastStrongRef automatically unlinking death recipients: 
07-09 03:17:10.302   574   623 D hwc-display: setActiveConfigWithConstraints:: PrimaryDisplay config(37) test(0)
07-09 03:17:10.302   574   623 I hwc-display: [PrimaryDisplay] setActiveConfigWithConstraints: config(37)
07-09 03:17:10.313  1204  1454 I system_server: AssetManager2(0xb40000749d90d558) locale list changing from [] to [en-US]
07-09 03:17:10.313  1204  1301 I ActivityTaskManager: START u0 {act=android.intent.action.MAIN cat=[android.intent.category.LAUNCHER] flg=0x10000000 cmp=com.example.myapplication/.MainActivity} with LAUNCH_MULTIPLE from uid 2000 (BAL_ALLOW_PERMISSION) result code=0
07-09 03:17:10.313  1970  1990 V WindowManagerShell: Transition requested (#1114): android.os.BinderProxy@8be15ad TransitionRequestInfo { type = OPEN, triggerTask = TaskInfo{userId=0 taskId=11185 effectiveUid=10534 displayId=0 isRunning=true baseIntent=Intent { act=android.intent.action.MAIN cat=[android.intent.category.LAUNCHER] flg=0x10000000 cmp=com.example.myapplication/.MainActivity } baseActivity=ComponentInfo{com.example.myapplication/com.example.myapplication.MainActivity} topActivity=ComponentInfo{com.example.myapplication/com.example.myapplication.MainActivity} origActivity=null realActivity=ComponentInfo{com.example.myapplication/com.example.myapplication.MainActivity} numActivities=1 lastActiveTime=126301211 supportsMultiWindow=true resizeMode=1 isResizeable=true minWidth=-1 minHeight=-1 defaultMinSize=220 token=WCT{android.window.IWindowContainerToken$Stub$Proxy@45820e2} topActivityType=1 pictureInPictureParams=null shouldDockBigOverlays=false launchIntoPipHostTaskId=-1 lastParentTaskIdBeforePip=-1 displayCutoutSafeInsets=Rect(0, 128 - 0, 0) topActivityInfo=ActivityInfo{4570c73 com.example.myapplication.MainActivity} launchCookies=[] positionInParent=Point(0, 0) parentTaskId=-1 isFocused=false isVisible=false isVisibleRequested=false isTopActivityNoDisplay=false isSleeping=false locusId=null displayAreaFeatureId=1 isTopActivityTransparent=false isActivityStackTransparent=false lastNonFullscreenBounds=Rect(276, 692 - 804, 1772) capturedLink=null capturedLinkTimestamp=0 requestedVisibleTypes=-9 topActivityRequestOpenInBrowserEducationTimestamp=0 appCompatTaskInfo=AppCompatTaskInfo { topActivityInSizeCompat=false eligibleForLetterboxEducation= false isLetterboxEducationEnabled= false isLetterboxDoubleTapEnabled= false eligibleForUserAspectRatioButton= false topActivityBoundsLetterboxed= false isFromLetterboxDoubleTap= false topActivityLetterboxVerticalPosition= -1 topActivityLetterboxHorizontalPosition= -1 topActivityLetterboxWidth=-1 topActivityLetterboxHeight=-1 topActivityLetterboxAppWidth=-1 topActivityLetterboxAppHeight=-1 isUserFullscreenOverrideEnabled=false isSystemFullscreenOverrideEnabled=false hasMinAspectRatioOverride=false topActivityLetterboxBounds=null cameraCompatTaskInfo=CameraCompatTaskInfo { freeformCameraCompatMode=inactive}} topActivityMainWindowFrame=null}, pipChange = null, remoteTransition = null, displayChange = null, flags = 0, debugId = 1114 }
07-09 03:17:10.313  1970  1990 D ShellSplitScreen: logExit: no-op, mLoggerSessionId is null
07-09 03:17:10.314  1970  2003 I ndroid.systemui: AssetManager2(0xb40000749d8caed8) locale list changing from [] to [en-US]
07-09 03:17:10.315  1204  6066 I AppsFilter: interaction: PackageSetting{75d99ae com.google.android.microdroid.empty_payload/10424} -> PackageSetting{5377b61 com.example.myapplication/10534} BLOCKED
07-09 03:17:10.316  1204  1408 V GrammaticalInflectionUtils: AttributionSource: android.content.AttributionSource@92f16ff3 does not have READ_SYSTEM_GRAMMATICAL_GENDER permission.
07-09 03:17:10.321  4902 27378 D ForegroundUtils: Foreground UID status:
07-09 03:17:10.321  4902 27378 D ForegroundUtils: UID: 1002 is in foreground: true
07-09 03:17:10.321  4902 27378 D ForegroundUtils: UID: 10072 is in foreground: false
07-09 03:17:10.321  4902 27378 D ForegroundUtils: UID: 10106 is in foreground: true
07-09 03:17:10.321  4902 27378 D ForegroundUtils: UID: 10109 is in foreground: false
07-09 03:17:10.321  4902 27378 D ForegroundUtils: UID: 10116 is in foreground: false
07-09 03:17:10.321  4902 27378 D ForegroundUtils: UID: 10122 is in foreground: false
07-09 03:17:10.321  4902 27378 D ForegroundUtils: UID: 10164 is in foreground: false
07-09 03:17:10.321  4902 27378 D ForegroundUtils: UID: 10201 is in foreground: false
07-09 03:17:10.321  4902 27378 D ForegroundUtils: UID: 10204 is in foreground: true
07-09 03:17:10.321  4902 27378 D ForegroundUtils: UID: 10216 is in foreground: true
07-09 03:17:10.321  4902 27378 D ForegroundUtils: UID: 10221 is in foreground: true
07-09 03:17:10.321  4902 27378 D ForegroundUtils: UID: 10236 is in foreground: false
07-09 03:17:10.321  4902 27378 D ForegroundUtils: UID: 10306 is in foreground: false
07-09 03:17:10.321  4902 27378 D ForegroundUtils: UID: 10312 is in foreground: false
07-09 03:17:10.321  4902 27378 D ForegroundUtils: UID: 10400 is in foreground: false
07-09 03:17:10.321  4902 27378 D ForegroundUtils: UID: 10481 is in foreground: false
07-09 03:17:10.321  4902 27378 D ForegroundUtils: UID: 10511 is in foreground: false
07-09 03:17:10.321  4902 27378 D ForegroundUtils: UID: 10512 is in foreground: false
07-09 03:17:10.321  4902 27378 D ForegroundUtils: UID: 10526 is in foreground: false
07-09 03:17:10.322  1204  1937 D BackgroundInstallControlService: Package event received: 0
07-09 03:17:10.327   848   848 D Zygote  : Forked child process 30694
07-09 03:17:10.328  1204  1469 I ActivityManager: Start proc 30694:com.example.myapplication/u0a534 for next-top-activity {com.example.myapplication/com.example.myapplication.MainActivity}
07-09 03:17:10.335   572   572 I BpBinder: onLastStrongRef automatically unlinking death recipients: 
07-09 03:17:10.336 30694 30694 I e.myapplication: Late-enabling -Xcheck:jni
07-09 03:17:10.336  1204  1454 I system_server: AssetManager2(0xb40000749d88b0f8) locale list changing from [] to [en-US]
07-09 03:17:10.338  1204  6066 D CoreBackPreview: Window{f20a05e u0 Splash Screen com.example.myapplication}: Setting back callback OnBackInvokedCallbackInfo{mCallback=android.window.IOnBackInvokedCallback$Stub$Proxy@b3932f, mPriority=0, mIsAnimationCallback=false, mOverrideBehavior=0}
07-09 03:17:10.348  1204  1403 V WindowManager: Sent Transition (#1114) createdAt=07-09 03:17:10.297 via request=TransitionRequestInfo { type = OPEN, triggerTask = TaskInfo{userId=0 taskId=11185 effectiveUid=10534 displayId=0 isRunning=true baseIntent=Intent { act=android.intent.action.MAIN cat=[android.intent.category.LAUNCHER] flg=0x10000000 cmp=com.example.myapplication/.MainActivity } baseActivity=ComponentInfo{com.example.myapplication/com.example.myapplication.MainActivity} topActivity=ComponentInfo{com.example.myapplication/com.example.myapplication.MainActivity} origActivity=null realActivity=ComponentInfo{com.example.myapplication/com.example.myapplication.MainActivity} numActivities=1 lastActiveTime=126301211 supportsMultiWindow=true resizeMode=1 isResizeable=true minWidth=-1 minHeight=-1 defaultMinSize=220 token=WCT{RemoteToken{f68e128 Task{fe2b3f1 #11185 type=standard A=10534:com.example.myapplication}}} topActivityType=1 pictureInPictureParams=null shouldDockBigOverlays=false launchIntoPipHostTaskId=-1 lastParentTaskIdBeforePip=-1 displayCutoutSafeInsets=Rect(0, 128 - 0, 0) topActivityInfo=ActivityInfo{1323e41 com.example.myapplication.MainActivity} launchCookies=[] positionInParent=Point(0, 0) parentTaskId=-1 isFocused=false isVisible=false isVisibleRequested=false isTopActivityNoDisplay=false isSleeping=false locusId=null displayAreaFeatureId=1 isTopActivityTransparent=false isActivityStackTransparent=false lastNonFullscreenBounds=Rect(276, 692 - 804, 1772) capturedLink=null capturedLinkTimestamp=0 requestedVisibleTypes=-9 topActivityRequestOpenInBrowserEducationTimestamp=0 appCompatTaskInfo=AppCompatTaskInfo { topActivityInSizeCompat=false eligibleForLetterboxEducation= false isLetterboxEducationEnabled= false isLetterboxDoubleTapEnabled= false eligibleForUserAspectRatioButton= false topActivityBoundsLetterboxed= false isFromLetterboxDoubleTap= false topActivityLetterboxVerticalPosition= -1 topActivityLetterboxHorizontalPosition= -1 topActivityLetterboxWidth=-1 topActivityLetterboxHeight=-1 topActivityLetterboxAppWidth=-1 topActivityLetterboxAppHeight=-1 isUserFullscreenOverrideEnabled=false isSystemFullscreenOverrideEnabled=false hasMinAspectRatioOverride=false topActivityLetterboxBounds=null cameraCompatTaskInfo=CameraCompatTaskInfo { freeformCameraCompatMode=inactive}} topActivityMainWindowFrame=null}, pipChange = null, remoteTransition = null, displayChange = null, flags = 0, debugId = 1114 }
07-09 03:17:10.348  1204  1403 V WindowManager:     startWCT=WindowContainerTransaction { changes= {} hops= [] errorCallbackToken=null taskFragmentOrganizer=null }
07-09 03:17:10.348  1970  5025 V WindowManagerShell: onTransitionReady(transaction=5171140704423)
07-09 03:17:10.348  1970  1990 V WindowManagerShell: onTransitionReady (#1114) android.os.BinderProxy@8be15ad: {id=1114 t=OPEN f=0x0 trk=0 r=[0@Point(0, 0)] c=[
07-09 03:17:10.348  1970  1990 V WindowManagerShell:         {m=OPEN f=NONE leash=Surface(name=Task=11185)/@0x485e689 sb=Rect(0, 0 - 1080, 2400) eb=Rect(0, 0 - 1080, 2400) epz=Point(1080, 2400) d=0 taskParent=-1},
07-09 03:17:10.348  1970  1990 V WindowManagerShell:         {m=TO_BACK f=SHOW_WALLPAPER leash=Surface(name=Task=1)/@0x37168e sb=Rect(0, 0 - 1080, 2400) eb=Rect(0, 0 - 1080, 2400) epz=Point(1080, 2400) d=0 taskParent=-1}
07-09 03:17:10.348  1970  1990 V WindowManagerShell:     ]}
07-09 03:17:10.348  1970  1990 V WindowManagerShell: Playing animation for (#1114) android.os.BinderProxy@8be15ad@0
07-09 03:17:10.348  1970  1990 V ShellRecents: RecentsTransitionHandler.startAnimation: no controller found
07-09 03:17:10.348  1970  1990 V WindowManagerShell: Transition doesn't have explicit remote, search filters for match for {id=1114 t=OPEN f=0x0 trk=0 r=[0@Point(0, 0)] c=[{m=OPEN f=NONE leash=Surface(name=Task=11185)/@0x485e689 sb=Rect(0, 0 - 1080, 2400) eb=Rect(0, 0 - 1080, 2400) epz=Point(1080, 2400) d=0 taskParent=-1},{m=TO_BACK f=SHOW_WALLPAPER leash=Surface(name=Task=1)/@0x37168e sb=Rect(0, 0 - 1080, 2400) eb=Rect(0, 0 - 1080, 2400) epz=Point(1080, 2400) d=0 taskParent=-1}]}
07-09 03:17:10.348  1970  1990 V WindowManagerShell:  Delegate animation for (#1114) to null
07-09 03:17:10.348  1970  1990 V WindowManagerShell: start default transition animation, info = {id=1114 t=OPEN f=0x0 trk=0 r=[0@Point(0, 0)] c=[{m=OPEN f=NONE leash=Surface(name=Task=11185)/@0x485e689 sb=Rect(0, 0 - 1080, 2400) eb=Rect(0, 0 - 1080, 2400) epz=Point(1080, 2400) d=0 taskParent=-1},{m=TO_BACK f=SHOW_WALLPAPER leash=Surface(name=Task=1)/@0x37168e sb=Rect(0, 0 - 1080, 2400) eb=Rect(0, 0 - 1080, 2400) epz=Point(1080, 2400) d=0 taskParent=-1}]}
07-09 03:17:10.349  1204  1403 V WindowManager:     info={id=1114 t=OPEN f=0x0 trk=0 r=[0@Point(0, 0)] c=[
07-09 03:17:10.349  1204  1403 V WindowManager:         {WCT{RemoteToken{f68e128 Task{fe2b3f1 #11185 type=standard A=10534:com.example.myapplication}}} m=OPEN f=NONE leash=Surface(name=Task=11185)/@0x404bc1a sb=Rect(0, 0 - 1080, 2400) eb=Rect(0, 0 - 1080, 2400) epz=Point(1080, 2400) d=0 taskParent=-1},
07-09 03:17:10.349  1204  1403 V WindowManager:         {WCT{RemoteToken{a30cd9a Task{42b4a0 #1 type=home}}} m=TO_BACK f=SHOW_WALLPAPER leash=Surface(name=Task=1)/@0x56d81d0 sb=Rect(0, 0 - 1080, 2400) eb=Rect(0, 0 - 1080, 2400) epz=Point(1080, 2400) d=0 taskParent=-1}
07-09 03:17:10.349  1204  1403 V WindowManager:     ]}
07-09 03:17:10.349  1970  1990 V WindowManagerShell: loadAnimation: anim=android.view.animation.AnimationSet@5dd6245 animAttr=0x13 type=OPEN isEntrance=false
07-09 03:17:10.349  1970  1990 V WindowManagerShell: loadAnimation: anim=android.view.animation.AnimationSet@176ddc1 animAttr=0x12 type=OPEN isEntrance=true
07-09 03:17:10.350  1970  1990 V WindowManagerShell:  animated by com.android.wm.shell.transition.DefaultTransitionHandler@c10df19
07-09 03:17:10.352  1204  1301 W UserManagerService: Requested status bar icon for non-badged user 0
